Archive member included to satisfy reference by file (symbol)

C:\Users\jared\workspace\nucleo-l152re_hal_lib\Debug\libnucleo-l152re_hal_lib.a(stm32l1xx_hal.o)
                              src/stm32l1xx_it.o (HAL_IncTick)
C:\Users\jared\workspace\nucleo-l152re_hal_lib\Debug\libnucleo-l152re_hal_lib.a(stm32l1xx_hal_cortex.o)
                              C:\Users\jared\workspace\nucleo-l152re_hal_lib\Debug\libnucleo-l152re_hal_lib.a(stm32l1xx_hal.o) (HAL_NVIC_SetPriorityGrouping)
C:\Users\jared\workspace\nucleo-l152re_hal_lib\Debug\libnucleo-l152re_hal_lib.a(stm32l1xx_ll_utils.o)
                              src/clock.o (LL_Init1msTick)
c:/ac6/systemworkbench/plugins/fr.ac6.mcu.externaltools.arm-none.win32_1.17.0.201812190825/tools/compiler/bin/../lib/gcc/arm-none-eabi/7.3.1/../../../../arm-none-eabi/lib/thumb/v7-m\libc.a(lib_a-errno.o)
                              src/syscalls.o (__errno)
c:/ac6/systemworkbench/plugins/fr.ac6.mcu.externaltools.arm-none.win32_1.17.0.201812190825/tools/compiler/bin/../lib/gcc/arm-none-eabi/7.3.1/../../../../arm-none-eabi/lib/thumb/v7-m\libc.a(lib_a-exit.o)
                              c:/ac6/systemworkbench/plugins/fr.ac6.mcu.externaltools.arm-none.win32_1.17.0.201812190825/tools/compiler/bin/../lib/gcc/arm-none-eabi/7.3.1/../../../../arm-none-eabi/lib/thumb/v7-m/crt0.o (exit)
c:/ac6/systemworkbench/plugins/fr.ac6.mcu.externaltools.arm-none.win32_1.17.0.201812190825/tools/compiler/bin/../lib/gcc/arm-none-eabi/7.3.1/../../../../arm-none-eabi/lib/thumb/v7-m\libc.a(lib_a-impure.o)
                              c:/ac6/systemworkbench/plugins/fr.ac6.mcu.externaltools.arm-none.win32_1.17.0.201812190825/tools/compiler/bin/../lib/gcc/arm-none-eabi/7.3.1/../../../../arm-none-eabi/lib/thumb/v7-m\libc.a(lib_a-exit.o) (_global_impure_ptr)
c:/ac6/systemworkbench/plugins/fr.ac6.mcu.externaltools.arm-none.win32_1.17.0.201812190825/tools/compiler/bin/../lib/gcc/arm-none-eabi/7.3.1/../../../../arm-none-eabi/lib/thumb/v7-m\libc.a(lib_a-init.o)
                              c:/ac6/systemworkbench/plugins/fr.ac6.mcu.externaltools.arm-none.win32_1.17.0.201812190825/tools/compiler/bin/../lib/gcc/arm-none-eabi/7.3.1/../../../../arm-none-eabi/lib/thumb/v7-m/crt0.o (__libc_init_array)
c:/ac6/systemworkbench/plugins/fr.ac6.mcu.externaltools.arm-none.win32_1.17.0.201812190825/tools/compiler/bin/../lib/gcc/arm-none-eabi/7.3.1/../../../../arm-none-eabi/lib/thumb/v7-m\libc.a(lib_a-memset.o)
                              c:/ac6/systemworkbench/plugins/fr.ac6.mcu.externaltools.arm-none.win32_1.17.0.201812190825/tools/compiler/bin/../lib/gcc/arm-none-eabi/7.3.1/../../../../arm-none-eabi/lib/thumb/v7-m/crt0.o (memset)
c:/ac6/systemworkbench/plugins/fr.ac6.mcu.externaltools.arm-none.win32_1.17.0.201812190825/tools/compiler/bin/../lib/gcc/arm-none-eabi/7.3.1/../../../../arm-none-eabi/lib/thumb/v7-m\libc.a(lib_a-strlen-stub.o)
                              src/eprintf.o (strlen)
c:/ac6/systemworkbench/plugins/fr.ac6.mcu.externaltools.arm-none.win32_1.17.0.201812190825/tools/compiler/bin/../lib/gcc/arm-none-eabi/7.3.1/../../../../arm-none-eabi/lib/thumb/v7-m\libc.a(lib_a-__call_atexit.o)
                              c:/ac6/systemworkbench/plugins/fr.ac6.mcu.externaltools.arm-none.win32_1.17.0.201812190825/tools/compiler/bin/../lib/gcc/arm-none-eabi/7.3.1/../../../../arm-none-eabi/lib/thumb/v7-m\libc.a(lib_a-exit.o) (__call_exitprocs)
c:/ac6/systemworkbench/plugins/fr.ac6.mcu.externaltools.arm-none.win32_1.17.0.201812190825/tools/compiler/bin/../lib/gcc/arm-none-eabi/7.3.1/../../../../arm-none-eabi/lib/thumb/v7-m\libc.a(lib_a-atexit.o)
                              c:/ac6/systemworkbench/plugins/fr.ac6.mcu.externaltools.arm-none.win32_1.17.0.201812190825/tools/compiler/bin/../lib/gcc/arm-none-eabi/7.3.1/../../../../arm-none-eabi/lib/thumb/v7-m\libc.a(lib_a-__call_atexit.o) (atexit)
c:/ac6/systemworkbench/plugins/fr.ac6.mcu.externaltools.arm-none.win32_1.17.0.201812190825/tools/compiler/bin/../lib/gcc/arm-none-eabi/7.3.1/../../../../arm-none-eabi/lib/thumb/v7-m\libc.a(lib_a-fini.o)
                              c:/ac6/systemworkbench/plugins/fr.ac6.mcu.externaltools.arm-none.win32_1.17.0.201812190825/tools/compiler/bin/../lib/gcc/arm-none-eabi/7.3.1/../../../../arm-none-eabi/lib/thumb/v7-m\libc.a(lib_a-__call_atexit.o) (__libc_fini_array)
c:/ac6/systemworkbench/plugins/fr.ac6.mcu.externaltools.arm-none.win32_1.17.0.201812190825/tools/compiler/bin/../lib/gcc/arm-none-eabi/7.3.1/../../../../arm-none-eabi/lib/thumb/v7-m\libc.a(lib_a-lock.o)
                              c:/ac6/systemworkbench/plugins/fr.ac6.mcu.externaltools.arm-none.win32_1.17.0.201812190825/tools/compiler/bin/../lib/gcc/arm-none-eabi/7.3.1/../../../../arm-none-eabi/lib/thumb/v7-m\libc.a(lib_a-__call_atexit.o) (__retarget_lock_acquire_recursive)
[...]
Memory Configuration

Name             Origin             Length             Attributes
FLASH            0x08000000         0x00080000         xr
RAM              0x20000000         0x00014000         xrw
MEMORY_B1        0x60000000         0x00000000         xr
*default*        0x00000000         0xffffffff

Linker script and memory map

LOAD c:/ac6/systemworkbench/plugins/fr.ac6.mcu.externaltools.arm-none.win32_1.17.0.201812190825/tools/compiler/bin/../lib/gcc/arm-none-eabi/7.3.1/thumb/v7-m/crti.o
LOAD c:/ac6/systemworkbench/plugins/fr.ac6.mcu.externaltools.arm-none.win32_1.17.0.201812190825/tools/compiler/bin/../lib/gcc/arm-none-eabi/7.3.1/thumb/v7-m/crtbegin.o
LOAD c:/ac6/systemworkbench/plugins/fr.ac6.mcu.externaltools.arm-none.win32_1.17.0.201812190825/tools/compiler/bin/../lib/gcc/arm-none-eabi/7.3.1/../../../../arm-none-eabi/lib/thumb/v7-m/crt0.o
LOAD src/clock.o
LOAD src/eprintf.o
LOAD src/gpio.o
LOAD src/main.o
LOAD src/stm32l1xx_it.o
LOAD src/syscalls.o
LOAD src/system_stm32l1xx.o
LOAD src/uart.o
LOAD startup/startup_stm32l152xe.o
LOAD C:\Users\jared\workspace\nucleo-l152re_hal_lib\Debug\libnucleo-l152re_hal_lib.a
LOAD c:/ac6/systemworkbench/plugins/fr.ac6.mcu.externaltools.arm-none.win32_1.17.0.201812190825/tools/compiler/bin/../lib/gcc/arm-none-eabi/7.3.1/../../../../arm-none-eabi/lib/thumb/v7-m\libm.a
START GROUP
LOAD c:/ac6/systemworkbench/plugins/fr.ac6.mcu.externaltools.arm-none.win32_1.17.0.201812190825/tools/compiler/bin/../lib/gcc/arm-none-eabi/7.3.1/thumb/v7-m\libgcc.a
LOAD c:/ac6/systemworkbench/plugins/fr.ac6.mcu.externaltools.arm-none.win32_1.17.0.201812190825/tools/compiler/bin/../lib/gcc/arm-none-eabi/7.3.1/../../../../arm-none-eabi/lib/thumb/v7-m\libc.a
END GROUP
LOAD c:/ac6/systemworkbench/plugins/fr.ac6.mcu.externaltools.arm-none.win32_1.17.0.201812190825/tools/compiler/bin/../lib/gcc/arm-none-eabi/7.3.1/thumb/v7-m/crtend.o
LOAD c:/ac6/systemworkbench/plugins/fr.ac6.mcu.externaltools.arm-none.win32_1.17.0.201812190825/tools/compiler/bin/../lib/gcc/arm-none-eabi/7.3.1/thumb/v7-m/crtn.o
                0x20014000                _estack = 0x20014000
                0x00000200                _Min_Heap_Size = 0x200
                0x00000400                _Min_Stack_Size = 0x400

.isr_vector     0x08000000      0x13c
                0x08000000                . = ALIGN (0x4)
 *(.isr_vector)
 .isr_vector    0x08000000      0x13c startup/startup_stm32l152xe.o
                0x08000000                g_pfnVectors
                0x0800013c                . = ALIGN (0x4)

.text           0x0800013c     0x15d0
                0x0800013c                . = ALIGN (0x4)
 *(.text)
 .text          0x0800013c       0x40 c:/ac6/systemworkbench/plugins/fr.ac6.mcu.externaltools.arm-none.win32_1.17.0.201812190825/tools/compiler/bin/../lib/gcc/arm-none-eabi/7.3.1/thumb/v7-m/crtbegin.o
 *(.text*)
 .text.LL_APB1_GRP1_EnableClock
                0x0800017c       0x30 src/clock.o
 .text.LL_RCC_HSI_Enable
                0x080001ac       0x1c src/clock.o
 .text.LL_RCC_HSI_IsReady
                0x080001c8       0x24 src/clock.o
 .text.LL_RCC_SetSysClkSource
                0x080001ec       0x28 src/clock.o
 .text.LL_RCC_GetSysClkSource
                0x08000214       0x18 src/clock.o
 .text.LL_RCC_SetAHBPrescaler
                0x0800022c       0x28 src/clock.o
 .text.LL_RCC_SetAPB1Prescaler
                0x08000254       0x28 src/clock.o
 .text.LL_RCC_SetAPB2Prescaler
                0x0800027c       0x28 src/clock.o
 .text.LL_RCC_PLL_Enable
                0x080002a4       0x1c src/clock.o
 .text.LL_RCC_PLL_IsReady
                0x080002c0       0x24 src/clock.o
 .text.LL_RCC_PLL_ConfigDomain_SYS
                0x080002e4       0x34 src/clock.o
 .text.LL_FLASH_SetLatency
                0x08000318       0x28 src/clock.o
 .text.LL_FLASH_Enable64bitAccess
                0x08000340       0x1c src/clock.o
 .text.LL_PWR_SetRegulVoltageScaling
                0x0800035c       0x28 src/clock.o
 .text.LL_PWR_IsActiveFlag_VOS
                0x08000384       0x24 src/clock.o
 .text.ClockInit
                0x080003a8       0x9c src/clock.o
                0x080003a8                ClockInit
 .text.ClockWaitForTick
                0x08000444       0x24 src/clock.o
                0x08000444                ClockWaitForTick
 .text.eprintf  0x08000468      0x3e0 src/eprintf.o
                0x08000468                eprintf
 .text.LeftFill
                0x08000848       0xd4 src/eprintf.o
 .text.RightFill
                0x0800091c       0x64 src/eprintf.o
 .text.LL_AHB1_GRP1_EnableClock
                0x08000980       0x30 src/gpio.o
 .text.LL_GPIO_SetPinMode
                0x080009b0       0x58 src/gpio.o
 .text.LL_GPIO_SetOutputPin
                0x08000a08       0x1a src/gpio.o
 .text.LL_GPIO_ResetOutputPin
                0x08000a22       0x1a src/gpio.o
 .text.GpioInit
                0x08000a3c       0x74 src/gpio.o
                0x08000a3c                GpioInit
 .text.LL_GPIO_SetOutputPin
                0x08000ab0       0x1a src/main.o
 .text.LL_GPIO_ResetOutputPin
                0x08000aca       0x1a src/main.o
 .text.main     0x08000ae4      0x10c src/main.o
                0x08000ae4                main
 .text.SysTick_Handler
                0x08000bf0       0x10 src/stm32l1xx_it.o
                0x08000bf0                SysTick_Handler
 .text.SystemInit
                0x08000c00       0x68 src/system_stm32l1xx.o
                0x08000c00                SystemInit
 .text.NVIC_EnableIRQ
                0x08000c68       0x30 src/uart.o
 .text.NVIC_SetPriority
                0x08000c98       0x54 src/uart.o
 .text.LL_AHB1_GRP1_EnableClock
                0x08000cec       0x30 src/uart.o
 .text.LL_APB1_GRP1_EnableClock
                0x08000d1c       0x30 src/uart.o
 .text.LL_GPIO_SetPinMode
                0x08000d4c       0x58 src/uart.o
 .text.LL_GPIO_SetPinOutputType
                0x08000da4       0x2e src/uart.o
 .text.LL_GPIO_SetPinSpeed
                0x08000dd2       0x58 src/uart.o
 .text.LL_GPIO_SetPinPull
                0x08000e2a       0x58 src/uart.o
 .text.LL_GPIO_SetAFPin_0_7
                0x08000e82       0x58 src/uart.o
 .text.LL_USART_Enable
                0x08000eda       0x1e src/uart.o
 .text.LL_USART_SetTransferDirection
                0x08000ef8       0x24 src/uart.o
 .text.LL_USART_ConfigCharacter
                0x08000f1c       0x3c src/uart.o
 .text.LL_USART_SetBaudRate
                0x08000f58      0x16c src/uart.o
 .text.LL_USART_IsActiveFlag_RXNE
                0x080010c4       0x24 src/uart.o
 .text.LL_USART_IsActiveFlag_TXE
                0x080010e8       0x24 src/uart.o
 .text.LL_USART_EnableIT_RXNE
                0x0800110c       0x1e src/uart.o
 .text.LL_USART_EnableIT_TXE
                0x0800112a       0x1e src/uart.o
 .text.LL_USART_DisableIT_TXE
                0x08001148       0x1e src/uart.o
 .text.LL_USART_ReceiveData8
                0x08001166       0x18 src/uart.o
 .text.LL_USART_TransmitData8
                0x0800117e       0x1c src/uart.o
 *fill*         0x0800119a        0x2 
 .text.UartInit
                0x0800119c       0xec src/uart.o
                0x0800119c                UartInit
 .text.UartCharAvail
                0x08001288       0x28 src/uart.o
                0x08001288                UartCharAvail
 .text.UartCharRead
                0x080012b0       0x54 src/uart.o
                0x080012b0                UartCharRead
 .text.UartCharWrite
                0x08001304       0x70 src/uart.o
                0x08001304                UartCharWrite
 .text.USART2_IRQHandler
                0x08001374       0xd4 src/uart.o
                0x08001374                USART2_IRQHandler
 .text.Reset_Handler
                0x08001448       0x48 startup/startup_stm32l152xe.o
                0x08001448                Reset_Handler
 .text.Default_Handler
                0x08001490        0x2 startup/startup_stm32l152xe.o
                0x08001490                RTC_Alarm_IRQHandler
                0x08001490                EXTI2_IRQHandler
                0x08001490                COMP_ACQ_IRQHandler
                0x08001490                DebugMon_Handler
                0x08001490                HardFault_Handler
                0x08001490                TIM10_IRQHandler
                0x08001490                USB_HP_IRQHandler
                0x08001490                TIM6_IRQHandler
                0x08001490                PVD_IRQHandler
                0x08001490                PendSV_Handler
                0x08001490                NMI_Handler
                0x08001490                EXTI3_IRQHandler
                0x08001490                EXTI0_IRQHandler
                0x08001490                I2C2_EV_IRQHandler
                0x08001490                UsageFault_Handler
                0x08001490                SPI1_IRQHandler
                0x08001490                USB_FS_WKUP_IRQHandler
                0x08001490                DMA2_Channel2_IRQHandler
                0x08001490                DMA1_Channel4_IRQHandler
                0x08001490                ADC1_IRQHandler
                0x08001490                USART3_IRQHandler
                0x08001490                DMA1_Channel7_IRQHandler
                0x08001490                LCD_IRQHandler
                0x08001490                UART5_IRQHandler
                0x08001490                TIM4_IRQHandler
                0x08001490                DMA2_Channel1_IRQHandler
                0x08001490                I2C1_EV_IRQHandler
                0x08001490                DMA1_Channel6_IRQHandler
                0x08001490                UART4_IRQHandler
                0x08001490                DMA2_Channel4_IRQHandler
                0x08001490                TIM3_IRQHandler
                0x08001490                RCC_IRQHandler
                0x08001490                DMA1_Channel1_IRQHandler
                0x08001490                Default_Handler
                0x08001490                EXTI15_10_IRQHandler
                0x08001490                TIM7_IRQHandler
                0x08001490                TIM5_IRQHandler
                0x08001490                EXTI9_5_IRQHandler
                0x08001490                TIM9_IRQHandler
                0x08001490                TAMPER_STAMP_IRQHandler
                0x08001490                RTC_WKUP_IRQHandler
                0x08001490                SPI2_IRQHandler
                0x08001490                MemManage_Handler
                0x08001490                SVC_Handler
                0x08001490                DMA2_Channel5_IRQHandler
                0x08001490                DMA1_Channel5_IRQHandler
                0x08001490                USB_LP_IRQHandler
                0x08001490                EXTI4_IRQHandler
                0x08001490                DMA1_Channel3_IRQHandler
                0x08001490                COMP_IRQHandler
                0x08001490                WWDG_IRQHandler
                0x08001490                TIM2_IRQHandler
                0x08001490                DAC_IRQHandler
                0x08001490                EXTI1_IRQHandler
                0x08001490                TIM11_IRQHandler
                0x08001490                I2C2_ER_IRQHandler
                0x08001490                DMA1_Channel2_IRQHandler
                0x08001490                FLASH_IRQHandler
                0x08001490                BusFault_Handler
                0x08001490                USART1_IRQHandler
                0x08001490                SPI3_IRQHandler
                0x08001490                I2C1_ER_IRQHandler
                0x08001490                DMA2_Channel3_IRQHandler
 *fill*         0x08001492        0x2 
 .text.HAL_IncTick
                0x08001494       0x1c C:\Users\jared\workspace\nucleo-l152re_hal_lib\Debug\libnucleo-l152re_hal_lib.a(stm32l1xx_hal.o)
                0x08001494                HAL_IncTick
 .text.HAL_SYSTICK_IRQHandler
                0x080014b0        0xc C:\Users\jared\workspace\nucleo-l152re_hal_lib\Debug\libnucleo-l152re_hal_lib.a(stm32l1xx_hal_cortex.o)
                0x080014b0                HAL_SYSTICK_IRQHandler
 .text.HAL_SYSTICK_Callback
                0x080014bc        0xc C:\Users\jared\workspace\nucleo-l152re_hal_lib\Debug\libnucleo-l152re_hal_lib.a(stm32l1xx_hal_cortex.o)
                0x080014bc                HAL_SYSTICK_Callback
 .text.LL_InitTick
                0x080014c8       0x34 C:\Users\jared\workspace\nucleo-l152re_hal_lib\Debug\libnucleo-l152re_hal_lib.a(stm32l1xx_ll_utils.o)
 .text.LL_Init1msTick
                0x080014fc       0x1a C:\Users\jared\workspace\nucleo-l152re_hal_lib\Debug\libnucleo-l152re_hal_lib.a(stm32l1xx_ll_utils.o)
                0x080014fc                LL_Init1msTick
 *fill*         0x08001516        0x2 
 .text.LL_SetSystemCoreClock
                0x08001518       0x1c C:\Users\jared\workspace\nucleo-l152re_hal_lib\Debug\libnucleo-l152re_hal_lib.a(stm32l1xx_ll_utils.o)
                0x08001518                LL_SetSystemCoreClock
 .text.__libc_init_array
                0x08001534       0x48 c:/ac6/systemworkbench/plugins/fr.ac6.mcu.externaltools.arm-none.win32_1.17.0.201812190825/tools/compiler/bin/../lib/gcc/arm-none-eabi/7.3.1/../../../../arm-none-eabi/lib/thumb/v7-m\libc.a(lib_a-init.o)
                0x08001534                __libc_init_array
 .text.strlen   0x0800157c       0x5c c:/ac6/systemworkbench/plugins/fr.ac6.mcu.externaltools.arm-none.win32_1.17.0.201812190825/tools/compiler/bin/../lib/gcc/arm-none-eabi/7.3.1/../../../../arm-none-eabi/lib/thumb/v7-m\libc.a(lib_a-strlen-stub.o)
                0x0800157c                strlen
 .text.startup.register_fini
                0x080015d8       0x14 c:/ac6/systemworkbench/plugins/fr.ac6.mcu.externaltools.arm-none.win32_1.17.0.201812190825/tools/compiler/bin/../lib/gcc/arm-none-eabi/7.3.1/../../../../arm-none-eabi/lib/thumb/v7-m\libc.a(lib_a-__call_atexit.o)
 .text.atexit   0x080015ec        0xc c:/ac6/systemworkbench/plugins/fr.ac6.mcu.externaltools.arm-none.win32_1.17.0.201812190825/tools/compiler/bin/../lib/gcc/arm-none-eabi/7.3.1/../../../../arm-none-eabi/lib/thumb/v7-m\libc.a(lib_a-atexit.o)
                0x080015ec                atexit
 .text.__libc_fini_array
                0x080015f8       0x34 c:/ac6/systemworkbench/plugins/fr.ac6.mcu.externaltools.arm-none.win32_1.17.0.201812190825/tools/compiler/bin/../lib/gcc/arm-none-eabi/7.3.1/../../../../arm-none-eabi/lib/thumb/v7-m\libc.a(lib_a-fini.o)
                0x080015f8                __libc_fini_array
 .text.__retarget_lock_acquire_recursive
                0x0800162c        0x4 c:/ac6/systemworkbench/plugins/fr.ac6.mcu.externaltools.arm-none.win32_1.17.0.201812190825/tools/compiler/bin/../lib/gcc/arm-none-eabi/7.3.1/../../../../arm-none-eabi/lib/thumb/v7-m\libc.a(lib_a-lock.o)
                0x0800162c                __retarget_lock_acquire_recursive
 .text.__retarget_lock_release_recursive
                0x08001630        0x4 c:/ac6/systemworkbench/plugins/fr.ac6.mcu.externaltools.arm-none.win32_1.17.0.201812190825/tools/compiler/bin/../lib/gcc/arm-none-eabi/7.3.1/../../../../arm-none-eabi/lib/thumb/v7-m\libc.a(lib_a-lock.o)
                0x08001630                __retarget_lock_release_recursive
 .text.__register_exitproc
                0x08001634       0xc0 c:/ac6/systemworkbench/plugins/fr.ac6.mcu.externaltools.arm-none.win32_1.17.0.201812190825/tools/compiler/bin/../lib/gcc/arm-none-eabi/7.3.1/../../../../arm-none-eabi/lib/thumb/v7-m\libc.a(lib_a-__atexit.o)
                0x08001634                __register_exitproc
 *(.glue_7)
 .glue_7        0x080016f4        0x0 linker stubs
 *(.glue_7t)
 .glue_7t       0x080016f4        0x0 linker stubs
 *(.eh_frame)
 .eh_frame      0x080016f4        0x0 c:/ac6/systemworkbench/plugins/fr.ac6.mcu.externaltools.arm-none.win32_1.17.0.201812190825/tools/compiler/bin/../lib/gcc/arm-none-eabi/7.3.1/thumb/v7-m/crtbegin.o
 *(.init)
 .init          0x080016f4        0x4 c:/ac6/systemworkbench/plugins/fr.ac6.mcu.externaltools.arm-none.win32_1.17.0.201812190825/tools/compiler/bin/../lib/gcc/arm-none-eabi/7.3.1/thumb/v7-m/crti.o
                0x080016f4                _init
 .init          0x080016f8        0x8 c:/ac6/systemworkbench/plugins/fr.ac6.mcu.externaltools.arm-none.win32_1.17.0.201812190825/tools/compiler/bin/../lib/gcc/arm-none-eabi/7.3.1/thumb/v7-m/crtn.o
 *(.fini)
 .fini          0x08001700        0x4 c:/ac6/systemworkbench/plugins/fr.ac6.mcu.externaltools.arm-none.win32_1.17.0.201812190825/tools/compiler/bin/../lib/gcc/arm-none-eabi/7.3.1/thumb/v7-m/crti.o
                0x08001700                _fini
 .fini          0x08001704        0x8 c:/ac6/systemworkbench/plugins/fr.ac6.mcu.externaltools.arm-none.win32_1.17.0.201812190825/tools/compiler/bin/../lib/gcc/arm-none-eabi/7.3.1/thumb/v7-m/crtn.o
                0x0800170c                . = ALIGN (0x4)
                0x0800170c                _etext = .

.vfp11_veneer   0x0800170c        0x0
 .vfp11_veneer  0x0800170c        0x0 linker stubs

.v4_bx          0x0800170c        0x0
 .v4_bx         0x0800170c        0x0 linker stubs

.iplt           0x0800170c        0x0
 .iplt          0x0800170c        0x0 c:/ac6/systemworkbench/plugins/fr.ac6.mcu.externaltools.arm-none.win32_1.17.0.201812190825/tools/compiler/bin/../lib/gcc/arm-none-eabi/7.3.1/thumb/v7-m/crtbegin.o

.rodata         0x0800170c       0xd4
                0x0800170c                . = ALIGN (0x4)
 *(.rodata)
 .rodata        0x0800170c       0xcf src/main.o
 *(.rodata*)
 *fill*         0x080017db        0x1 
 .rodata._global_impure_ptr
                0x080017dc        0x4 c:/ac6/systemworkbench/plugins/fr.ac6.mcu.externaltools.arm-none.win32_1.17.0.201812190825/tools/compiler/bin/../lib/gcc/arm-none-eabi/7.3.1/../../../../arm-none-eabi/lib/thumb/v7-m\libc.a(lib_a-impure.o)
                0x080017dc                _global_impure_ptr
                0x080017e0                . = ALIGN (0x4)

.rel.dyn        0x080017e0        0x0
 .rel.iplt      0x080017e0        0x0 c:/ac6/systemworkbench/plugins/fr.ac6.mcu.externaltools.arm-none.win32_1.17.0.201812190825/tools/compiler/bin/../lib/gcc/arm-none-eabi/7.3.1/thumb/v7-m/crtbegin.o

.ARM.extab
 *(.ARM.extab* .gnu.linkonce.armextab.*)

.ARM            0x080017e0        0x0
                0x080017e0                __exidx_start = .
 *(.ARM.exidx*)
                0x080017e0                __exidx_end = .

.preinit_array  0x080017e0        0x0
                0x080017e0                PROVIDE (__preinit_array_start = .)
 *(.preinit_array*)
                0x080017e0                PROVIDE (__preinit_array_end = .)

.init_array     0x080017e0        0x8
                0x080017e0                PROVIDE (__init_array_start = .)
 *(SORT_BY_NAME(.init_array.*))
 .init_array.00000
                0x080017e0        0x4 c:/ac6/systemworkbench/plugins/fr.ac6.mcu.externaltools.arm-none.win32_1.17.0.201812190825/tools/compiler/bin/../lib/gcc/arm-none-eabi/7.3.1/../../../../arm-none-eabi/lib/thumb/v7-m\libc.a(lib_a-__call_atexit.o)
 *(.init_array*)
 .init_array    0x080017e4        0x4 c:/ac6/systemworkbench/plugins/fr.ac6.mcu.externaltools.arm-none.win32_1.17.0.201812190825/tools/compiler/bin/../lib/gcc/arm-none-eabi/7.3.1/thumb/v7-m/crtbegin.o
                0x080017e8                PROVIDE (__init_array_end = .)

.fini_array     0x080017e8        0x4
                0x080017e8                PROVIDE (__fini_array_start = .)
 *(SORT_BY_NAME(.fini_array.*))
 *(.fini_array*)
 .fini_array    0x080017e8        0x4 c:/ac6/systemworkbench/plugins/fr.ac6.mcu.externaltools.arm-none.win32_1.17.0.201812190825/tools/compiler/bin/../lib/gcc/arm-none-eabi/7.3.1/thumb/v7-m/crtbegin.o
                0x080017ec                PROVIDE (__fini_array_end = .)
                0x080017ec                _sidata = LOADADDR (.data)

.data           0x20000000      0x434 load address 0x080017ec
                0x20000000                . = ALIGN (0x4)
                0x20000000                _sdata = .
 *(.data)
 .data          0x20000000        0x4 src/system_stm32l1xx.o
                0x20000000                SystemCoreClock
 *(.data*)
 *fill*         0x20000004        0x4 
 .data.impure_data
                0x20000008      0x428 c:/ac6/systemworkbench/plugins/fr.ac6.mcu.externaltools.arm-none.win32_1.17.0.201812190825/tools/compiler/bin/../lib/gcc/arm-none-eabi/7.3.1/../../../../arm-none-eabi/lib/thumb/v7-m\libc.a(lib_a-impure.o)
 .data.__atexit_recursive_mutex
                0x20000430        0x4 c:/ac6/systemworkbench/plugins/fr.ac6.mcu.externaltools.arm-none.win32_1.17.0.201812190825/tools/compiler/bin/../lib/gcc/arm-none-eabi/7.3.1/../../../../arm-none-eabi/lib/thumb/v7-m\libc.a(lib_a-__call_atexit.o)
                0x20000430                __atexit_recursive_mutex
 *(.RamFunc)
                0x20000434                . = ALIGN (0x4)
                0x20000434                _edata = .

.igot.plt       0x20000434        0x0 load address 0x08001c20
 .igot.plt      0x20000434        0x0 c:/ac6/systemworkbench/plugins/fr.ac6.mcu.externaltools.arm-none.win32_1.17.0.201812190825/tools/compiler/bin/../lib/gcc/arm-none-eabi/7.3.1/thumb/v7-m/crtbegin.o
                0x20000434                . = ALIGN (0x4)

.bss            0x20000434      0x870 load address 0x08001c20
                0x20000434                _sbss = .
                0x20000434                __bss_start__ = _sbss
 *(.bss)
 .bss           0x20000434       0x1c c:/ac6/systemworkbench/plugins/fr.ac6.mcu.externaltools.arm-none.win32_1.17.0.201812190825/tools/compiler/bin/../lib/gcc/arm-none-eabi/7.3.1/thumb/v7-m/crtbegin.o
 .bss           0x20000450       0x1c src/eprintf.o
 .bss           0x2000046c      0x810 src/uart.o
 *(.bss*)
 *(COMMON)
 COMMON         0x20000c7c        0x4 C:\Users\jared\workspace\nucleo-l152re_hal_lib\Debug\libnucleo-l152re_hal_lib.a(stm32l1xx_hal.o)
                0x20000c7c                uwTick
 COMMON         0x20000c80       0x21 c:/ac6/systemworkbench/plugins/fr.ac6.mcu.externaltools.arm-none.win32_1.17.0.201812190825/tools/compiler/bin/../lib/gcc/arm-none-eabi/7.3.1/../../../../arm-none-eabi/lib/thumb/v7-m\libc.a(lib_a-lock.o)
                0x20000c80                __lock___atexit_recursive_mutex
                0x20000c84                __lock___arc4random_mutex
                0x20000c88                __lock___env_recursive_mutex
                0x20000c8c                __lock___sinit_recursive_mutex
                0x20000c90                __lock___malloc_recursive_mutex
                0x20000c94                __lock___at_quick_exit_mutex
                0x20000c98                __lock___dd_hash_mutex
                0x20000c9c                __lock___tz_mutex
                0x20000ca0                __lock___sfp_recursive_mutex
                0x20000ca4                . = ALIGN (0x4)
 *fill*         0x20000ca1        0x3 
                0x20000ca4                _ebss = .
                0x20000ca4                __bss_end__ = _ebss

._user_heap_stack
                0x20000ca4      0x604 load address 0x08001c20
                0x20000ca8                . = ALIGN (0x8)
 *fill*         0x20000ca4        0x4 
                0x20000ca8                PROVIDE (end = .)
                [!provide]                PROVIDE (_end = .)
                0x20000ea8                . = (. + _Min_Heap_Size)
 *fill*         0x20000ca8      0x200 
                0x200012a8                . = (. + _Min_Stack_Size)
 *fill*         0x20000ea8      0x400 
                0x200012a8                . = ALIGN (0x8)

.memory_b1_text
 *(.mb1text)
 *(.mb1text*)
 *(.mb1rodata)
 *(.mb1rodata*)

/DISCARD/
 libc.a(*)
 libm.a(*)
 libgcc.a(*)

.ARM.attributes
                0x00000000       0x29
 *(.ARM.attributes)
 .ARM.attributes
                0x00000000       0x1d c:/ac6/systemworkbench/plugins/fr.ac6.mcu.externaltools.arm-none.win32_1.17.0.201812190825/tools/compiler/bin/../lib/gcc/arm-none-eabi/7.3.1/thumb/v7-m/crti.o
 .ARM.attributes
                0x0000001d       0x2d c:/ac6/systemworkbench/plugins/fr.ac6.mcu.externaltools.arm-none.win32_1.17.0.201812190825/tools/compiler/bin/../lib/gcc/arm-none-eabi/7.3.1/thumb/v7-m/crtbegin.o
 .ARM.attributes
                0x0000004a       0x33 src/clock.o
 .ARM.attributes
                0x0000007d       0x33 src/eprintf.o
 .ARM.attributes
                0x000000b0       0x33 src/gpio.o
 .ARM.attributes
                0x000000e3       0x33 src/main.o
 .ARM.attributes
                0x00000116       0x33 src/stm32l1xx_it.o
 .ARM.attributes
                0x00000149       0x33 src/system_stm32l1xx.o
 .ARM.attributes
                0x0000017c       0x33 src/uart.o
 .ARM.attributes
                0x000001af       0x21 startup/startup_stm32l152xe.o
 .ARM.attributes
                0x000001d0       0x33 C:\Users\jared\workspace\nucleo-l152re_hal_lib\Debug\libnucleo-l152re_hal_lib.a(stm32l1xx_hal.o)
 .ARM.attributes
                0x00000203       0x33 C:\Users\jared\workspace\nucleo-l152re_hal_lib\Debug\libnucleo-l152re_hal_lib.a(stm32l1xx_hal_cortex.o)
 .ARM.attributes
                0x00000236       0x33 C:\Users\jared\workspace\nucleo-l152re_hal_lib\Debug\libnucleo-l152re_hal_lib.a(stm32l1xx_ll_utils.o)
 .ARM.attributes
                0x00000269       0x2d c:/ac6/systemworkbench/plugins/fr.ac6.mcu.externaltools.arm-none.win32_1.17.0.201812190825/tools/compiler/bin/../lib/gcc/arm-none-eabi/7.3.1/../../../../arm-none-eabi/lib/thumb/v7-m\libc.a(lib_a-impure.o)
 .ARM.attributes
                0x00000296       0x2d c:/ac6/systemworkbench/plugins/fr.ac6.mcu.externaltools.arm-none.win32_1.17.0.201812190825/tools/compiler/bin/../lib/gcc/arm-none-eabi/7.3.1/../../../../arm-none-eabi/lib/thumb/v7-m\libc.a(lib_a-init.o)
 .ARM.attributes
                0x000002c3       0x2d c:/ac6/systemworkbench/plugins/fr.ac6.mcu.externaltools.arm-none.win32_1.17.0.201812190825/tools/compiler/bin/../lib/gcc/arm-none-eabi/7.3.1/../../../../arm-none-eabi/lib/thumb/v7-m\libc.a(lib_a-strlen-stub.o)
 .ARM.attributes
                0x000002f0       0x2d c:/ac6/systemworkbench/plugins/fr.ac6.mcu.externaltools.arm-none.win32_1.17.0.201812190825/tools/compiler/bin/../lib/gcc/arm-none-eabi/7.3.1/../../../../arm-none-eabi/lib/thumb/v7-m\libc.a(lib_a-__call_atexit.o)
 .ARM.attributes
                0x0000031d       0x2d c:/ac6/systemworkbench/plugins/fr.ac6.mcu.externaltools.arm-none.win32_1.17.0.201812190825/tools/compiler/bin/../lib/gcc/arm-none-eabi/7.3.1/../../../../arm-none-eabi/lib/thumb/v7-m\libc.a(lib_a-atexit.o)
 .ARM.attributes
                0x0000034a       0x2d c:/ac6/systemworkbench/plugins/fr.ac6.mcu.externaltools.arm-none.win32_1.17.0.201812190825/tools/compiler/bin/../lib/gcc/arm-none-eabi/7.3.1/../../../../arm-none-eabi/lib/thumb/v7-m\libc.a(lib_a-fini.o)
 .ARM.attributes
                0x00000377       0x2d c:/ac6/systemworkbench/plugins/fr.ac6.mcu.externaltools.arm-none.win32_1.17.0.201812190825/tools/compiler/bin/../lib/gcc/arm-none-eabi/7.3.1/../../../../arm-none-eabi/lib/thumb/v7-m\libc.a(lib_a-lock.o)
 .ARM.attributes
                0x000003a4       0x2d c:/ac6/systemworkbench/plugins/fr.ac6.mcu.externaltools.arm-none.win32_1.17.0.201812190825/tools/compiler/bin/../lib/gcc/arm-none-eabi/7.3.1/../../../../arm-none-eabi/lib/thumb/v7-m\libc.a(lib_a-__atexit.o)
 .ARM.attributes
                0x000003d1       0x1d c:/ac6/systemworkbench/plugins/fr.ac6.mcu.externaltools.arm-none.win32_1.17.0.201812190825/tools/compiler/bin/../lib/gcc/arm-none-eabi/7.3.1/thumb/v7-m/crtn.o
OUTPUT(Assign04.elf elf32-littlearm)

.debug_info     0x00000000     0x9195
 .debug_info    0x00000000      0xd81 src/clock.o
 .debug_info    0x00000d81      0xaed src/eprintf.o
 .debug_info    0x0000186e      0xc50 src/gpio.o
 .debug_info    0x000024be      0xa8f src/main.o
 .debug_info    0x00002f4d      0x96d src/stm32l1xx_it.o
 .debug_info    0x000038ba      0xc71 src/system_stm32l1xx.o
 .debug_info    0x0000452b     0x16bd src/uart.o
 .debug_info    0x00005be8       0x22 startup/startup_stm32l152xe.o
 .debug_info    0x00005c0a      0xf05 C:\Users\jared\workspace\nucleo-l152re_hal_lib\Debug\libnucleo-l152re_hal_lib.a(stm32l1xx_hal.o)
 .debug_info    0x00006b0f     0x157e C:\Users\jared\workspace\nucleo-l152re_hal_lib\Debug\libnucleo-l152re_hal_lib.a(stm32l1xx_hal_cortex.o)
 .debug_info    0x0000808d     0x1108 C:\Users\jared\workspace\nucleo-l152re_hal_lib\Debug\libnucleo-l152re_hal_lib.a(stm32l1xx_ll_utils.o)

.debug_abbrev   0x00000000     0x197d
 .debug_abbrev  0x00000000      0x252 src/clock.o
 .debug_abbrev  0x00000252      0x22b src/eprintf.o
 .debug_abbrev  0x0000047d      0x292 src/gpio.o
 .debug_abbrev  0x0000070f      0x1ff src/main.o
 .debug_abbrev  0x0000090e      0x1b1 src/stm32l1xx_it.o
 .debug_abbrev  0x00000abf      0x205 src/system_stm32l1xx.o
 .debug_abbrev  0x00000cc4      0x353 src/uart.o
 .debug_abbrev  0x00001017       0x12 startup/startup_stm32l152xe.o
 .debug_abbrev  0x00001029      0x2a3 C:\Users\jared\workspace\nucleo-l152re_hal_lib\Debug\libnucleo-l152re_hal_lib.a(stm32l1xx_hal.o)
 .debug_abbrev  0x000012cc      0x36b C:\Users\jared\workspace\nucleo-l152re_hal_lib\Debug\libnucleo-l152re_hal_lib.a(stm32l1xx_hal_cortex.o)
 .debug_abbrev  0x00001637      0x346 C:\Users\jared\workspace\nucleo-l152re_hal_lib\Debug\libnucleo-l152re_hal_lib.a(stm32l1xx_ll_utils.o)

.debug_aranges  0x00000000      0x558
 .debug_aranges
                0x00000000       0xa0 src/clock.o
 .debug_aranges
                0x000000a0       0x30 src/eprintf.o
 .debug_aranges
                0x000000d0       0x40 src/gpio.o
 .debug_aranges
                0x00000110       0x30 src/main.o
 .debug_aranges
                0x00000140       0x20 src/stm32l1xx_it.o
 .debug_aranges
                0x00000160       0x28 src/system_stm32l1xx.o
 .debug_aranges
                0x00000188       0xe8 src/uart.o
 .debug_aranges
                0x00000270       0x28 startup/startup_stm32l152xe.o
 .debug_aranges
                0x00000298       0xb0 C:\Users\jared\workspace\nucleo-l152re_hal_lib\Debug\libnucleo-l152re_hal_lib.a(stm32l1xx_hal.o)
 .debug_aranges
                0x00000348      0x118 C:\Users\jared\workspace\nucleo-l152re_hal_lib\Debug\libnucleo-l152re_hal_lib.a(stm32l1xx_hal_cortex.o)
 .debug_aranges
                0x00000460       0xf8 C:\Users\jared\workspace\nucleo-l152re_hal_lib\Debug\libnucleo-l152re_hal_lib.a(stm32l1xx_ll_utils.o)

.debug_ranges   0x00000000      0x4b0
 .debug_ranges  0x00000000       0x90 src/clock.o
 .debug_ranges  0x00000090       0x20 src/eprintf.o
 .debug_ranges  0x000000b0       0x30 src/gpio.o
 .debug_ranges  0x000000e0       0x20 src/main.o
 .debug_ranges  0x00000100       0x10 src/stm32l1xx_it.o
 .debug_ranges  0x00000110       0x18 src/system_stm32l1xx.o
 .debug_ranges  0x00000128       0xd8 src/uart.o
 .debug_ranges  0x00000200       0x20 startup/startup_stm32l152xe.o
 .debug_ranges  0x00000220       0xa0 C:\Users\jared\workspace\nucleo-l152re_hal_lib\Debug\libnucleo-l152re_hal_lib.a(stm32l1xx_hal.o)
 .debug_ranges  0x000002c0      0x108 C:\Users\jared\workspace\nucleo-l152re_hal_lib\Debug\libnucleo-l152re_hal_lib.a(stm32l1xx_hal_cortex.o)
 .debug_ranges  0x000003c8       0xe8 C:\Users\jared\workspace\nucleo-l152re_hal_lib\Debug\libnucleo-l152re_hal_lib.a(stm32l1xx_ll_utils.o)

.debug_macro    0x00000000    0x1c435
 .debug_macro   0x00000000      0x47a src/clock.o
 .debug_macro   0x0000047a      0xa72 src/clock.o
 .debug_macro   0x00000eec       0x28 src/clock.o
 .debug_macro   0x00000f14       0x22 src/clock.o
 .debug_macro   0x00000f36       0x22 src/clock.o
 .debug_macro   0x00000f58       0x8e src/clock.o
 .debug_macro   0x00000fe6       0x51 src/clock.o
 .debug_macro   0x00001037       0xef src/clock.o
 .debug_macro   0x00001126       0x6a src/clock.o
 .debug_macro   0x00001190      0x1df src/clock.o
 .debug_macro   0x0000136f       0x34 src/clock.o
 .debug_macro   0x000013a3       0x34 src/clock.o
 .debug_macro   0x000013d7      0xcb4 src/clock.o
 .debug_macro   0x0000208b     0xbeb6 src/clock.o
 .debug_macro   0x0000df41       0x43 src/clock.o
 .debug_macro   0x0000df84      0x106 src/clock.o
 .debug_macro   0x0000e08a     0x342b src/clock.o
 .debug_macro   0x000114b5       0x5e src/clock.o
 .debug_macro   0x00011513       0x18 src/clock.o
 .debug_macro   0x0001152b       0x35 src/clock.o
 .debug_macro   0x00011560       0x34 src/clock.o
 .debug_macro   0x00011594       0x16 src/clock.o
 .debug_macro   0x000115aa       0x97 src/clock.o
 .debug_macro   0x00011641      0x330 src/clock.o
 .debug_macro   0x00011971       0xfd src/clock.o
 .debug_macro   0x00011a6e       0x10 src/clock.o
 .debug_macro   0x00011a7e       0x58 src/clock.o
 .debug_macro   0x00011ad6       0x1f src/clock.o
 .debug_macro   0x00011af5       0x43 src/clock.o
 .debug_macro   0x00011b38       0x20 src/clock.o
 .debug_macro   0x00011b58      0x18e src/clock.o
 .debug_macro   0x00011ce6       0x10 src/clock.o
 .debug_macro   0x00011cf6       0x1c src/clock.o
 .debug_macro   0x00011d12       0x52 src/clock.o
 .debug_macro   0x00011d64       0x40 src/clock.o
 .debug_macro   0x00011da4       0x10 src/clock.o
 .debug_macro   0x00011db4       0x40 src/clock.o
 .debug_macro   0x00011df4       0xd7 src/clock.o
 .debug_macro   0x00011ecb       0x1c src/clock.o
 .debug_macro   0x00011ee7       0x3d src/clock.o
 .debug_macro   0x00011f24       0x16 src/clock.o
 .debug_macro   0x00011f3a      0x16f src/clock.o
 .debug_macro   0x000120a9       0x56 src/clock.o
 .debug_macro   0x000120ff      0xe3e src/clock.o
 .debug_macro   0x00012f3d      0x363 src/clock.o
 .debug_macro   0x000132a0      0x141 src/clock.o
 .debug_macro   0x000133e1       0xc6 src/clock.o
 .debug_macro   0x000134a7      0x25d src/clock.o
 .debug_macro   0x00013704      0x23a src/clock.o
 .debug_macro   0x0001393e      0x685 src/clock.o
 .debug_macro   0x00013fc3      0x16f src/clock.o
 .debug_macro   0x00014132      0x1fb src/clock.o
 .debug_macro   0x0001432d       0xf0 src/clock.o
 .debug_macro   0x0001441d       0x22 src/clock.o
 .debug_macro   0x0001443f      0x117 src/clock.o
 .debug_macro   0x00014556       0xac src/clock.o
 .debug_macro   0x00014602      0x113 src/clock.o
 .debug_macro   0x00014715      0x56c src/clock.o
 .debug_macro   0x00014c81      0x225 src/clock.o
 .debug_macro   0x00014ea6      0x199 src/clock.o
 .debug_macro   0x0001503f       0x79 src/clock.o
 .debug_macro   0x000150b8      0x3d7 src/clock.o
 .debug_macro   0x0001548f      0x129 src/clock.o
 .debug_macro   0x000155b8       0x30 src/clock.o
 .debug_macro   0x000155e8      0x1ed src/clock.o
 .debug_macro   0x000157d5       0x22 src/clock.o
 .debug_macro   0x000157f7      0x28e src/clock.o
 .debug_macro   0x00015a85      0x5d6 src/clock.o
 .debug_macro   0x0001605b      0x1ed src/clock.o
 .debug_macro   0x00016248       0x1c src/clock.o
 .debug_macro   0x00016264      0x757 src/clock.o
 .debug_macro   0x000169bb       0xac src/clock.o
 .debug_macro   0x00016a67      0x287 src/clock.o
 .debug_macro   0x00016cee      0x233 src/clock.o
 .debug_macro   0x00016f21      0x1c3 src/clock.o
 .debug_macro   0x000170e4      0x2f7 src/clock.o
 .debug_macro   0x000173db       0x89 src/clock.o
 .debug_macro   0x00017464      0x281 src/clock.o
 .debug_macro   0x000176e5      0x470 src/clock.o
 .debug_macro   0x00017b55      0x127 src/clock.o
 .debug_macro   0x00017c7c      0x32c src/clock.o
 .debug_macro   0x00017fa8      0x48b src/clock.o
 .debug_macro   0x00018433       0x2a src/clock.o
 .debug_macro   0x0001845d       0xd8 src/clock.o
 .debug_macro   0x00018535      0x1a6 src/clock.o
 .debug_macro   0x000186db      0x156 src/clock.o
 .debug_macro   0x00018831      0x1a7 src/clock.o
 .debug_macro   0x000189d8       0x10 src/clock.o
 .debug_macro   0x000189e8      0x4a3 src/eprintf.o
 .debug_macro   0x00018e8b       0x58 src/eprintf.o
 .debug_macro   0x00018ee3       0x58 src/eprintf.o
 .debug_macro   0x00018f3b       0x94 src/eprintf.o
 .debug_macro   0x00018fcf      0x174 src/eprintf.o
 .debug_macro   0x00019143       0x57 src/eprintf.o
 .debug_macro   0x0001919a       0x10 src/eprintf.o
 .debug_macro   0x000191aa       0x35 src/eprintf.o
 .debug_macro   0x000191df       0x1c src/eprintf.o
 .debug_macro   0x000191fb      0x12d src/eprintf.o
 .debug_macro   0x00019328      0x473 src/gpio.o
 .debug_macro   0x0001979b       0x52 src/gpio.o
 .debug_macro   0x000197ed      0x4c8 src/main.o
 .debug_macro   0x00019cb5       0x16 src/main.o
 .debug_macro   0x00019ccb      0x41d src/stm32l1xx_it.o
 .debug_macro   0x0001a0e8      0x419 src/system_stm32l1xx.o
 .debug_macro   0x0001a501      0x480 src/uart.o
 .debug_macro   0x0001a981      0x437 C:\Users\jared\workspace\nucleo-l152re_hal_lib\Debug\libnucleo-l152re_hal_lib.a(stm32l1xx_hal.o)
 .debug_macro   0x0001adb8      0xa5a C:\Users\jared\workspace\nucleo-l152re_hal_lib\Debug\libnucleo-l152re_hal_lib.a(stm32l1xx_hal.o)
 .debug_macro   0x0001b812       0x2e C:\Users\jared\workspace\nucleo-l152re_hal_lib\Debug\libnucleo-l152re_hal_lib.a(stm32l1xx_hal.o)
 .debug_macro   0x0001b840      0x413 C:\Users\jared\workspace\nucleo-l152re_hal_lib\Debug\libnucleo-l152re_hal_lib.a(stm32l1xx_hal_cortex.o)
 .debug_macro   0x0001bc53      0x4bc C:\Users\jared\workspace\nucleo-l152re_hal_lib\Debug\libnucleo-l152re_hal_lib.a(stm32l1xx_ll_utils.o)
 .debug_macro   0x0001c10f      0x326 C:\Users\jared\workspace\nucleo-l152re_hal_lib\Debug\libnucleo-l152re_hal_lib.a(stm32l1xx_ll_utils.o)

.debug_line     0x00000000     0x76d3
 .debug_line    0x00000000      0xc74 src/clock.o
 .debug_line    0x00000c74      0xc7f src/eprintf.o
 .debug_line    0x000018f3      0xb75 src/gpio.o
 .debug_line    0x00002468      0xb6c src/main.o
 .debug_line    0x00002fd4      0xa00 src/stm32l1xx_it.o
 .debug_line    0x000039d4      0x9ff src/system_stm32l1xx.o
 .debug_line    0x000043d3      0xdbb src/uart.o
 .debug_line    0x0000518e       0x7d startup/startup_stm32l152xe.o
 .debug_line    0x0000520b      0xb2c C:\Users\jared\workspace\nucleo-l152re_hal_lib\Debug\libnucleo-l152re_hal_lib.a(stm32l1xx_hal.o)
 .debug_line    0x00005d37      0xce4 C:\Users\jared\workspace\nucleo-l152re_hal_lib\Debug\libnucleo-l152re_hal_lib.a(stm32l1xx_hal_cortex.o)
 .debug_line    0x00006a1b      0xcb8 C:\Users\jared\workspace\nucleo-l152re_hal_lib\Debug\libnucleo-l152re_hal_lib.a(stm32l1xx_ll_utils.o)

.debug_str      0x00000000    0xad895
 .debug_str     0x00000000    0xab7ad src/clock.o
                              0xabf8e (size before relaxing)
 .debug_str     0x000ab7ad      0x1f9 src/eprintf.o
                              0xabf34 (size before relaxing)
 .debug_str     0x000ab9a6      0x38b src/gpio.o
                              0xac0ed (size before relaxing)
 .debug_str     0x000abd31       0xac src/main.o
                              0xac0e8 (size before relaxing)
 .debug_str     0x000abddd       0x38 src/stm32l1xx_it.o
                              0xa61b3 (size before relaxing)
 .debug_str     0x000abe15       0xd0 src/system_stm32l1xx.o
                              0xa62b0 (size before relaxing)
 .debug_str     0x000abee5      0x670 src/uart.o
                              0xac538 (size before relaxing)
 .debug_str     0x000ac555       0x2f startup/startup_stm32l152xe.o
                                 0x57 (size before relaxing)
 .debug_str     0x000ac584      0x2d9 C:\Users\jared\workspace\nucleo-l152re_hal_lib\Debug\libnucleo-l152re_hal_lib.a(stm32l1xx_hal.o)
                              0xa68ea (size before relaxing)
 .debug_str     0x000ac85d      0x364 C:\Users\jared\workspace\nucleo-l152re_hal_lib\Debug\libnucleo-l152re_hal_lib.a(stm32l1xx_hal_cortex.o)
                              0xa6a28 (size before relaxing)
 .debug_str     0x000acbc1      0xcd4 C:\Users\jared\workspace\nucleo-l152re_hal_lib\Debug\libnucleo-l152re_hal_lib.a(stm32l1xx_ll_utils.o)
                              0xaa41a (size before relaxing)

.comment        0x00000000       0x7f
 .comment       0x00000000       0x7f src/clock.o
                                 0x80 (size before relaxing)
 .comment       0x0000007f       0x80 src/eprintf.o
 .comment       0x0000007f       0x80 src/gpio.o
 .comment       0x0000007f       0x80 src/main.o
 .comment       0x0000007f       0x80 src/stm32l1xx_it.o
 .comment       0x0000007f       0x80 src/system_stm32l1xx.o
 .comment       0x0000007f       0x80 src/uart.o
 .comment       0x0000007f       0x80 C:\Users\jared\workspace\nucleo-l152re_hal_lib\Debug\libnucleo-l152re_hal_lib.a(stm32l1xx_hal.o)
 .comment       0x0000007f       0x80 C:\Users\jared\workspace\nucleo-l152re_hal_lib\Debug\libnucleo-l152re_hal_lib.a(stm32l1xx_hal_cortex.o)
 .comment       0x0000007f       0x80 C:\Users\jared\workspace\nucleo-l152re_hal_lib\Debug\libnucleo-l152re_hal_lib.a(stm32l1xx_ll_utils.o)

.debug_frame    0x00000000     0x15a8
 .debug_frame   0x00000000      0x26c src/clock.o
 .debug_frame   0x0000026c       0x94 src/eprintf.o
 .debug_frame   0x00000300       0xcc src/gpio.o
 .debug_frame   0x000003cc       0x7c src/main.o
 .debug_frame   0x00000448       0x2c src/stm32l1xx_it.o
 .debug_frame   0x00000474       0x58 src/system_stm32l1xx.o
 .debug_frame   0x000004cc      0x3fc src/uart.o
 .debug_frame   0x000008c8      0x270 C:\Users\jared\workspace\nucleo-l152re_hal_lib\Debug\libnucleo-l152re_hal_lib.a(stm32l1xx_hal.o)
 .debug_frame   0x00000b38      0x498 C:\Users\jared\workspace\nucleo-l152re_hal_lib\Debug\libnucleo-l152re_hal_lib.a(stm32l1xx_hal_cortex.o)
 .debug_frame   0x00000fd0      0x3f8 C:\Users\jared\workspace\nucleo-l152re_hal_lib\Debug\libnucleo-l152re_hal_lib.a(stm32l1xx_ll_utils.o)
 .debug_frame   0x000013c8       0x2c c:/ac6/systemworkbench/plugins/fr.ac6.mcu.externaltools.arm-none.win32_1.17.0.201812190825/tools/compiler/bin/../lib/gcc/arm-none-eabi/7.3.1/../../../../arm-none-eabi/lib/thumb/v7-m\libc.a(lib_a-init.o)
 .debug_frame   0x000013f4       0x20 c:/ac6/systemworkbench/plugins/fr.ac6.mcu.externaltools.arm-none.win32_1.17.0.201812190825/tools/compiler/bin/../lib/gcc/arm-none-eabi/7.3.1/../../../../arm-none-eabi/lib/thumb/v7-m\libc.a(lib_a-strlen-stub.o)
 .debug_frame   0x00001414       0x5c c:/ac6/systemworkbench/plugins/fr.ac6.mcu.externaltools.arm-none.win32_1.17.0.201812190825/tools/compiler/bin/../lib/gcc/arm-none-eabi/7.3.1/../../../../arm-none-eabi/lib/thumb/v7-m\libc.a(lib_a-__call_atexit.o)
 .debug_frame   0x00001470       0x20 c:/ac6/systemworkbench/plugins/fr.ac6.mcu.externaltools.arm-none.win32_1.17.0.201812190825/tools/compiler/bin/../lib/gcc/arm-none-eabi/7.3.1/../../../../arm-none-eabi/lib/thumb/v7-m\libc.a(lib_a-atexit.o)
 .debug_frame   0x00001490       0x34 c:/ac6/systemworkbench/plugins/fr.ac6.mcu.externaltools.arm-none.win32_1.17.0.201812190825/tools/compiler/bin/../lib/gcc/arm-none-eabi/7.3.1/../../../../arm-none-eabi/lib/thumb/v7-m\libc.a(lib_a-fini.o)
 .debug_frame   0x000014c4       0xb0 c:/ac6/systemworkbench/plugins/fr.ac6.mcu.externaltools.arm-none.win32_1.17.0.201812190825/tools/compiler/bin/../lib/gcc/arm-none-eabi/7.3.1/../../../../arm-none-eabi/lib/thumb/v7-m\libc.a(lib_a-lock.o)
 .debug_frame   0x00001574       0x34 c:/ac6/systemworkbench/plugins/fr.ac6.mcu.externaltools.arm-none.win32_1.17.0.201812190825/tools/compiler/bin/../lib/gcc/arm-none-eabi/7.3.1/../../../../arm-none-eabi/lib/thumb/v7-m\libc.a(lib_a-__atexit.o)
