Archive member included to satisfy reference by file (symbol)

C:\Users\jared\workspace\nucleo-l152re_hal_lib\Debug\libnucleo-l152re_hal_lib.a(stm32l1xx_hal.o)
                              src/stm32l1xx_it.o (HAL_IncTick)
C:\Users\jared\workspace\nucleo-l152re_hal_lib\Debug\libnucleo-l152re_hal_lib.a(stm32l1xx_hal_cortex.o)
                              C:\Users\jared\workspace\nucleo-l152re_hal_lib\Debug\libnucleo-l152re_hal_lib.a(stm32l1xx_hal.o) (HAL_NVIC_SetPriorityGrouping)
C:\Users\jared\workspace\nucleo-l152re_hal_lib\Debug\libnucleo-l152re_hal_lib.a(stm32l1xx_ll_utils.o)
                              src/clock.o (LL_Init1msTick)
c:/ac6/systemworkbench/plugins/fr.ac6.mcu.externaltools.arm-none.win32_1.17.0.201812190825/tools/compiler/bin/../lib/gcc/arm-none-eabi/7.3.1/../../../../arm-none-eabi/lib/thumb/v7-m\libc.a(lib_a-errno.o)
                              src/syscalls.o (__errno)
c:/ac6/systemworkbench/plugins/fr.ac6.mcu.externaltools.arm-none.win32_1.17.0.201812190825/tools/compiler/bin/../lib/gcc/arm-none-eabi/7.3.1/../../../../arm-none-eabi/lib/thumb/v7-m\libc.a(lib_a-exit.o)
                              c:/ac6/systemworkbench/plugins/fr.ac6.mcu.externaltools.arm-none.win32_1.17.0.201812190825/tools/compiler/bin/../lib/gcc/arm-none-eabi/7.3.1/../../../../arm-none-eabi/lib/thumb/v7-m/crt0.o (exit)
c:/ac6/systemworkbench/plugins/fr.ac6.mcu.externaltools.arm-none.win32_1.17.0.201812190825/tools/compiler/bin/../lib/gcc/arm-none-eabi/7.3.1/../../../../arm-none-eabi/lib/thumb/v7-m\libc.a(lib_a-impure.o)
                              c:/ac6/systemworkbench/plugins/fr.ac6.mcu.externaltools.arm-none.win32_1.17.0.201812190825/tools/compiler/bin/../lib/gcc/arm-none-eabi/7.3.1/../../../../arm-none-eabi/lib/thumb/v7-m\libc.a(lib_a-exit.o) (_global_impure_ptr)
c:/ac6/systemworkbench/plugins/fr.ac6.mcu.externaltools.arm-none.win32_1.17.0.201812190825/tools/compiler/bin/../lib/gcc/arm-none-eabi/7.3.1/../../../../arm-none-eabi/lib/thumb/v7-m\libc.a(lib_a-init.o)
                              c:/ac6/systemworkbench/plugins/fr.ac6.mcu.externaltools.arm-none.win32_1.17.0.201812190825/tools/compiler/bin/../lib/gcc/arm-none-eabi/7.3.1/../../../../arm-none-eabi/lib/thumb/v7-m/crt0.o (__libc_init_array)
c:/ac6/systemworkbench/plugins/fr.ac6.mcu.externaltools.arm-none.win32_1.17.0.201812190825/tools/compiler/bin/../lib/gcc/arm-none-eabi/7.3.1/../../../../arm-none-eabi/lib/thumb/v7-m\libc.a(lib_a-memset.o)
                              c:/ac6/systemworkbench/plugins/fr.ac6.mcu.externaltools.arm-none.win32_1.17.0.201812190825/tools/compiler/bin/../lib/gcc/arm-none-eabi/7.3.1/../../../../arm-none-eabi/lib/thumb/v7-m/crt0.o (memset)
c:/ac6/systemworkbench/plugins/fr.ac6.mcu.externaltools.arm-none.win32_1.17.0.201812190825/tools/compiler/bin/../lib/gcc/arm-none-eabi/7.3.1/../../../../arm-none-eabi/lib/thumb/v7-m\libc.a(lib_a-strlen-stub.o)
                              src/eprintf.o (strlen)
c:/ac6/systemworkbench/plugins/fr.ac6.mcu.externaltools.arm-none.win32_1.17.0.201812190825/tools/compiler/bin/../lib/gcc/arm-none-eabi/7.3.1/../../../../arm-none-eabi/lib/thumb/v7-m\libc.a(lib_a-__call_atexit.o)
                              c:/ac6/systemworkbench/plugins/fr.ac6.mcu.externaltools.arm-none.win32_1.17.0.201812190825/tools/compiler/bin/../lib/gcc/arm-none-eabi/7.3.1/../../../../arm-none-eabi/lib/thumb/v7-m\libc.a(lib_a-exit.o) (__call_exitprocs)
c:/ac6/systemworkbench/plugins/fr.ac6.mcu.externaltools.arm-none.win32_1.17.0.201812190825/tools/compiler/bin/../lib/gcc/arm-none-eabi/7.3.1/../../../../arm-none-eabi/lib/thumb/v7-m\libc.a(lib_a-atexit.o)
                              c:/ac6/systemworkbench/plugins/fr.ac6.mcu.externaltools.arm-none.win32_1.17.0.201812190825/tools/compiler/bin/../lib/gcc/arm-none-eabi/7.3.1/../../../../arm-none-eabi/lib/thumb/v7-m\libc.a(lib_a-__call_atexit.o) (atexit)
c:/ac6/systemworkbench/plugins/fr.ac6.mcu.externaltools.arm-none.win32_1.17.0.201812190825/tools/compiler/bin/../lib/gcc/arm-none-eabi/7.3.1/../../../../arm-none-eabi/lib/thumb/v7-m\libc.a(lib_a-fini.o)
                              c:/ac6/systemworkbench/plugins/fr.ac6.mcu.externaltools.arm-none.win32_1.17.0.201812190825/tools/compiler/bin/../lib/gcc/arm-none-eabi/7.3.1/../../../../arm-none-eabi/lib/thumb/v7-m\libc.a(lib_a-__call_atexit.o) (__libc_fini_array)
c:/ac6/systemworkbench/plugins/fr.ac6.mcu.externaltools.arm-none.win32_1.17.0.201812190825/tools/compiler/bin/../lib/gcc/arm-none-eabi/7.3.1/../../../../arm-none-eabi/lib/thumb/v7-m\libc.a(lib_a-lock.o)
                              c:/ac6/systemworkbench/plugins/fr.ac6.mcu.externaltools.arm-none.win32_1.17.0.201812190825/tools/compiler/bin/../lib/gcc/arm-none-eabi/7.3.1/../../../../arm-none-eabi/lib/thumb/v7-m\libc.a(lib_a-__call_atexit.o) (__retarget_lock_acquire_recursive)
[...]
Memory Configuration

Name             Origin             Length             Attributes
FLASH            0x08000000         0x00080000         xr
RAM              0x20000000         0x00014000         xrw
MEMORY_B1        0x60000000         0x00000000         xr
*default*        0x00000000         0xffffffff

Linker script and memory map

LOAD c:/ac6/systemworkbench/plugins/fr.ac6.mcu.externaltools.arm-none.win32_1.17.0.201812190825/tools/compiler/bin/../lib/gcc/arm-none-eabi/7.3.1/thumb/v7-m/crti.o
LOAD c:/ac6/systemworkbench/plugins/fr.ac6.mcu.externaltools.arm-none.win32_1.17.0.201812190825/tools/compiler/bin/../lib/gcc/arm-none-eabi/7.3.1/thumb/v7-m/crtbegin.o
LOAD c:/ac6/systemworkbench/plugins/fr.ac6.mcu.externaltools.arm-none.win32_1.17.0.201812190825/tools/compiler/bin/../lib/gcc/arm-none-eabi/7.3.1/../../../../arm-none-eabi/lib/thumb/v7-m/crt0.o
LOAD src/adc.o
LOAD src/clock.o
LOAD src/dbg.o
LOAD src/eprintf.o
LOAD src/lcd.o
LOAD src/main.o
LOAD src/pong.o
LOAD src/rgb.o
LOAD src/spi.o
LOAD src/stm32l1xx_it.o
LOAD src/syscalls.o
LOAD src/system_stm32l1xx.o
LOAD src/uart.o
LOAD startup/startup_stm32l152xe.o
LOAD C:\Users\jared\workspace\nucleo-l152re_hal_lib\Debug\libnucleo-l152re_hal_lib.a
LOAD c:/ac6/systemworkbench/plugins/fr.ac6.mcu.externaltools.arm-none.win32_1.17.0.201812190825/tools/compiler/bin/../lib/gcc/arm-none-eabi/7.3.1/../../../../arm-none-eabi/lib/thumb/v7-m\libm.a
START GROUP
LOAD c:/ac6/systemworkbench/plugins/fr.ac6.mcu.externaltools.arm-none.win32_1.17.0.201812190825/tools/compiler/bin/../lib/gcc/arm-none-eabi/7.3.1/thumb/v7-m\libgcc.a
LOAD c:/ac6/systemworkbench/plugins/fr.ac6.mcu.externaltools.arm-none.win32_1.17.0.201812190825/tools/compiler/bin/../lib/gcc/arm-none-eabi/7.3.1/../../../../arm-none-eabi/lib/thumb/v7-m\libc.a
END GROUP
LOAD c:/ac6/systemworkbench/plugins/fr.ac6.mcu.externaltools.arm-none.win32_1.17.0.201812190825/tools/compiler/bin/../lib/gcc/arm-none-eabi/7.3.1/thumb/v7-m/crtend.o
LOAD c:/ac6/systemworkbench/plugins/fr.ac6.mcu.externaltools.arm-none.win32_1.17.0.201812190825/tools/compiler/bin/../lib/gcc/arm-none-eabi/7.3.1/thumb/v7-m/crtn.o
                0x20014000                _estack = 0x20014000
                0x00000200                _Min_Heap_Size = 0x200
                0x00000400                _Min_Stack_Size = 0x400

.isr_vector     0x08000000      0x13c
                0x08000000                . = ALIGN (0x4)
 *(.isr_vector)
 .isr_vector    0x08000000      0x13c startup/startup_stm32l152xe.o
                0x08000000                g_pfnVectors
                0x0800013c                . = ALIGN (0x4)

.text           0x0800013c     0x2094
                0x0800013c                . = ALIGN (0x4)
 *(.text)
 .text          0x0800013c       0x40 c:/ac6/systemworkbench/plugins/fr.ac6.mcu.externaltools.arm-none.win32_1.17.0.201812190825/tools/compiler/bin/../lib/gcc/arm-none-eabi/7.3.1/thumb/v7-m/crtbegin.o
 *(.text*)
 .text.LL_ADC_REG_SetTriggerSource
                0x0800017c       0x28 src/adc.o
 .text.LL_ADC_REG_SetSequencerLength
                0x080001a4       0x24 src/adc.o
 .text.LL_ADC_REG_SetSequencerRanks
                0x080001c8       0x66 src/adc.o
 .text.LL_ADC_REG_SetContinuousMode
                0x0800022e       0x24 src/adc.o
 .text.LL_ADC_REG_SetFlagEndOfConversion
                0x08000252       0x24 src/adc.o
 .text.LL_ADC_Enable
                0x08000276       0x1e src/adc.o
 .text.LL_ADC_Disable
                0x08000294       0x1e src/adc.o
 .text.LL_ADC_REG_StartConversionSWStart
                0x080002b2       0x1e src/adc.o
 .text.LL_ADC_REG_ReadConversionData12
                0x080002d0       0x18 src/adc.o
 .text.LL_ADC_IsActiveFlag_ADRDY
                0x080002e8       0x24 src/adc.o
 .text.LL_ADC_IsActiveFlag_EOCS
                0x0800030c       0x24 src/adc.o
 .text.LL_AHB1_GRP1_EnableClock
                0x08000330       0x30 src/adc.o
 .text.LL_APB2_GRP1_EnableClock
                0x08000360       0x30 src/adc.o
 .text.LL_GPIO_SetPinMode
                0x08000390       0x58 src/adc.o
 .text.AdcInit  0x080003e8       0x54 src/adc.o
                0x080003e8                AdcInit
 .text.AdcLeftDegGet
                0x0800043c       0x28 src/adc.o
                0x0800043c                AdcLeftDegGet
 .text.AdcRightDegGet
                0x08000464       0x28 src/adc.o
                0x08000464                AdcRightDegGet
 .text.AdcLeftReadingGet
                0x0800048c       0x50 src/adc.o
 .text.AdcRightReadingGet
                0x080004dc       0x54 src/adc.o
 .text.Rdg2DegHighAcc
                0x08000530       0x30 src/adc.o
 .text.LL_APB1_GRP1_EnableClock
                0x08000560       0x30 src/clock.o
 .text.LL_PWR_SetRegulVoltageScaling
                0x08000590       0x28 src/clock.o
 .text.LL_PWR_IsActiveFlag_VOS
                0x080005b8       0x24 src/clock.o
 .text.LL_RCC_HSI_Enable
                0x080005dc       0x1c src/clock.o
 .text.LL_RCC_HSI_IsReady
                0x080005f8       0x24 src/clock.o
 .text.LL_RCC_SetSysClkSource
                0x0800061c       0x28 src/clock.o
 .text.LL_RCC_GetSysClkSource
                0x08000644       0x18 src/clock.o
 .text.LL_RCC_SetAHBPrescaler
                0x0800065c       0x28 src/clock.o
 .text.LL_RCC_SetAPB1Prescaler
                0x08000684       0x28 src/clock.o
 .text.LL_RCC_SetAPB2Prescaler
                0x080006ac       0x28 src/clock.o
 .text.LL_RCC_PLL_Enable
                0x080006d4       0x1c src/clock.o
 .text.LL_RCC_PLL_IsReady
                0x080006f0       0x24 src/clock.o
 .text.LL_RCC_PLL_ConfigDomain_SYS
                0x08000714       0x34 src/clock.o
 .text.LL_FLASH_SetLatency
                0x08000748       0x28 src/clock.o
 .text.LL_FLASH_Enable64bitAccess
                0x08000770       0x1c src/clock.o
 .text.ClockInit
                0x0800078c       0x9c src/clock.o
                0x0800078c                ClockInit
 .text.ClockWaitForTick
                0x08000828       0x24 src/clock.o
                0x08000828                ClockWaitForTick
 .text.LL_AHB1_GRP1_EnableClock
                0x0800084c       0x30 src/dbg.o
 .text.LL_GPIO_SetPinMode
                0x0800087c       0x58 src/dbg.o
 .text.LL_GPIO_ResetOutputPin
                0x080008d4       0x1a src/dbg.o
 *fill*         0x080008ee        0x2 
 .text.DbgInit  0x080008f0       0x28 src/dbg.o
                0x080008f0                DbgInit
 .text.LcdInit  0x08000918       0x80 src/lcd.o
                0x08000918                LcdInit
 .text.LcdClear
                0x08000998       0x68 src/lcd.o
                0x08000998                LcdClear
 .text.LcdRenderObject
                0x08000a00      0x190 src/lcd.o
                0x08000a00                LcdRenderObject
 .text.LcdPrintf
                0x08000b90      0x430 src/lcd.o
                0x08000b90                LcdPrintf
 .text.LeftFill
                0x08000fc0       0xd4 src/lcd.o
 .text.RightFill
                0x08001094       0x64 src/lcd.o
 .text.CharWrite
                0x080010f8       0x40 src/lcd.o
 .text.LL_GPIO_SetOutputPin
                0x08001138       0x1a src/main.o
 .text.LL_GPIO_ResetOutputPin
                0x08001152       0x1a src/main.o
 .text.main     0x0800116c       0x48 src/main.o
                0x0800116c                main
 .text.PongInit
                0x080011b4       0x12 src/pong.o
                0x080011b4                PongInit
 *fill*         0x080011c6        0x2 
 .text.PongClock
                0x080011c8      0x108 src/pong.o
                0x080011c8                PongClock
 .text.LL_AHB1_GRP1_EnableClock
                0x080012d0       0x30 src/rgb.o
 .text.LL_GPIO_SetPinMode
                0x08001300       0x58 src/rgb.o
 .text.LL_GPIO_SetOutputPin
                0x08001358       0x1a src/rgb.o
 .text.LL_GPIO_ResetOutputPin
                0x08001372       0x1a src/rgb.o
 .text.RgbInit  0x0800138c       0x60 src/rgb.o
                0x0800138c                RgbInit
 .text.RgbClock
                0x080013ec      0x18c src/rgb.o
                0x080013ec                RgbClock
 .text.LL_AHB1_GRP1_EnableClock
                0x08001578       0x30 src/spi.o
 .text.LL_GPIO_SetPinMode
                0x080015a8       0x58 src/spi.o
 .text.LL_GPIO_SetOutputPin
                0x08001600       0x1a src/spi.o
 .text.LL_GPIO_ResetOutputPin
                0x0800161a       0x1a src/spi.o
 .text.SpiInit  0x08001634       0x7c src/spi.o
                0x08001634                SpiInit
 .text.SpiCmdWrite
                0x080016b0       0x74 src/spi.o
                0x080016b0                SpiCmdWrite
 .text.SpiDataWrite
                0x08001724       0x74 src/spi.o
                0x08001724                SpiDataWrite
 .text.SpiResetAssert
                0x08001798       0x14 src/spi.o
                0x08001798                SpiResetAssert
 .text.SpiResetDeassert
                0x080017ac       0x14 src/spi.o
                0x080017ac                SpiResetDeassert
 .text.SysTick_Handler
                0x080017c0       0x10 src/stm32l1xx_it.o
                0x080017c0                SysTick_Handler
 .text.SystemInit
                0x080017d0       0x68 src/system_stm32l1xx.o
                0x080017d0                SystemInit
 .text.NVIC_EnableIRQ
                0x08001838       0x30 src/uart.o
 .text.NVIC_SetPriority
                0x08001868       0x54 src/uart.o
 .text.LL_AHB1_GRP1_EnableClock
                0x080018bc       0x30 src/uart.o
 .text.LL_APB1_GRP1_EnableClock
                0x080018ec       0x30 src/uart.o
 .text.LL_GPIO_SetPinMode
                0x0800191c       0x58 src/uart.o
 .text.LL_GPIO_SetPinOutputType
                0x08001974       0x2e src/uart.o
 .text.LL_GPIO_SetPinSpeed
                0x080019a2       0x58 src/uart.o
 .text.LL_GPIO_SetPinPull
                0x080019fa       0x58 src/uart.o
 .text.LL_GPIO_SetAFPin_0_7
                0x08001a52       0x58 src/uart.o
 .text.LL_USART_Enable
                0x08001aaa       0x1e src/uart.o
 .text.LL_USART_SetTransferDirection
                0x08001ac8       0x24 src/uart.o
 .text.LL_USART_ConfigCharacter
                0x08001aec       0x3c src/uart.o
 .text.LL_USART_SetBaudRate
                0x08001b28      0x16c src/uart.o
 .text.LL_USART_IsActiveFlag_RXNE
                0x08001c94       0x24 src/uart.o
 .text.LL_USART_IsActiveFlag_TXE
                0x08001cb8       0x24 src/uart.o
 .text.LL_USART_EnableIT_RXNE
                0x08001cdc       0x1e src/uart.o
 .text.LL_USART_DisableIT_TXE
                0x08001cfa       0x1e src/uart.o
 .text.LL_USART_ReceiveData8
                0x08001d18       0x18 src/uart.o
 .text.LL_USART_TransmitData8
                0x08001d30       0x1c src/uart.o
 .text.UartInit
                0x08001d4c       0xec src/uart.o
                0x08001d4c                UartInit
 .text.USART2_IRQHandler
                0x08001e38       0xd4 src/uart.o
                0x08001e38                USART2_IRQHandler
 .text.Reset_Handler
                0x08001f0c       0x48 startup/startup_stm32l152xe.o
                0x08001f0c                Reset_Handler
 .text.Default_Handler
                0x08001f54        0x2 startup/startup_stm32l152xe.o
                0x08001f54                RTC_Alarm_IRQHandler
                0x08001f54                EXTI2_IRQHandler
                0x08001f54                COMP_ACQ_IRQHandler
                0x08001f54                DebugMon_Handler
                0x08001f54                HardFault_Handler
                0x08001f54                TIM10_IRQHandler
                0x08001f54                USB_HP_IRQHandler
                0x08001f54                TIM6_IRQHandler
                0x08001f54                PVD_IRQHandler
                0x08001f54                PendSV_Handler
                0x08001f54                NMI_Handler
                0x08001f54                EXTI3_IRQHandler
                0x08001f54                EXTI0_IRQHandler
                0x08001f54                I2C2_EV_IRQHandler
                0x08001f54                UsageFault_Handler
                0x08001f54                SPI1_IRQHandler
                0x08001f54                USB_FS_WKUP_IRQHandler
                0x08001f54                DMA2_Channel2_IRQHandler
                0x08001f54                DMA1_Channel4_IRQHandler
                0x08001f54                ADC1_IRQHandler
                0x08001f54                USART3_IRQHandler
                0x08001f54                DMA1_Channel7_IRQHandler
                0x08001f54                LCD_IRQHandler
                0x08001f54                UART5_IRQHandler
                0x08001f54                TIM4_IRQHandler
                0x08001f54                DMA2_Channel1_IRQHandler
                0x08001f54                I2C1_EV_IRQHandler
                0x08001f54                DMA1_Channel6_IRQHandler
                0x08001f54                UART4_IRQHandler
                0x08001f54                DMA2_Channel4_IRQHandler
                0x08001f54                TIM3_IRQHandler
                0x08001f54                RCC_IRQHandler
                0x08001f54                DMA1_Channel1_IRQHandler
                0x08001f54                Default_Handler
                0x08001f54                EXTI15_10_IRQHandler
                0x08001f54                TIM7_IRQHandler
                0x08001f54                TIM5_IRQHandler
                0x08001f54                EXTI9_5_IRQHandler
                0x08001f54                TIM9_IRQHandler
                0x08001f54                TAMPER_STAMP_IRQHandler
                0x08001f54                RTC_WKUP_IRQHandler
                0x08001f54                SPI2_IRQHandler
                0x08001f54                MemManage_Handler
                0x08001f54                SVC_Handler
                0x08001f54                DMA2_Channel5_IRQHandler
                0x08001f54                DMA1_Channel5_IRQHandler
                0x08001f54                USB_LP_IRQHandler
                0x08001f54                EXTI4_IRQHandler
                0x08001f54                DMA1_Channel3_IRQHandler
                0x08001f54                COMP_IRQHandler
                0x08001f54                WWDG_IRQHandler
                0x08001f54                TIM2_IRQHandler
                0x08001f54                DAC_IRQHandler
                0x08001f54                EXTI1_IRQHandler
                0x08001f54                TIM11_IRQHandler
                0x08001f54                I2C2_ER_IRQHandler
                0x08001f54                DMA1_Channel2_IRQHandler
                0x08001f54                FLASH_IRQHandler
                0x08001f54                BusFault_Handler
                0x08001f54                USART1_IRQHandler
                0x08001f54                SPI3_IRQHandler
                0x08001f54                I2C1_ER_IRQHandler
                0x08001f54                DMA2_Channel3_IRQHandler
 *fill*         0x08001f56        0x2 
 .text.HAL_IncTick
                0x08001f58       0x1c C:\Users\jared\workspace\nucleo-l152re_hal_lib\Debug\libnucleo-l152re_hal_lib.a(stm32l1xx_hal.o)
                0x08001f58                HAL_IncTick
 .text.HAL_SYSTICK_IRQHandler
                0x08001f74        0xc C:\Users\jared\workspace\nucleo-l152re_hal_lib\Debug\libnucleo-l152re_hal_lib.a(stm32l1xx_hal_cortex.o)
                0x08001f74                HAL_SYSTICK_IRQHandler
 .text.HAL_SYSTICK_Callback
                0x08001f80        0xc C:\Users\jared\workspace\nucleo-l152re_hal_lib\Debug\libnucleo-l152re_hal_lib.a(stm32l1xx_hal_cortex.o)
                0x08001f80                HAL_SYSTICK_Callback
 .text.LL_InitTick
                0x08001f8c       0x34 C:\Users\jared\workspace\nucleo-l152re_hal_lib\Debug\libnucleo-l152re_hal_lib.a(stm32l1xx_ll_utils.o)
 .text.LL_Init1msTick
                0x08001fc0       0x1a C:\Users\jared\workspace\nucleo-l152re_hal_lib\Debug\libnucleo-l152re_hal_lib.a(stm32l1xx_ll_utils.o)
                0x08001fc0                LL_Init1msTick
 *fill*         0x08001fda        0x2 
 .text.LL_SetSystemCoreClock
                0x08001fdc       0x1c C:\Users\jared\workspace\nucleo-l152re_hal_lib\Debug\libnucleo-l152re_hal_lib.a(stm32l1xx_ll_utils.o)
                0x08001fdc                LL_SetSystemCoreClock
 .text.__libc_init_array
                0x08001ff8       0x48 c:/ac6/systemworkbench/plugins/fr.ac6.mcu.externaltools.arm-none.win32_1.17.0.201812190825/tools/compiler/bin/../lib/gcc/arm-none-eabi/7.3.1/../../../../arm-none-eabi/lib/thumb/v7-m\libc.a(lib_a-init.o)
                0x08001ff8                __libc_init_array
 .text.strlen   0x08002040       0x5c c:/ac6/systemworkbench/plugins/fr.ac6.mcu.externaltools.arm-none.win32_1.17.0.201812190825/tools/compiler/bin/../lib/gcc/arm-none-eabi/7.3.1/../../../../arm-none-eabi/lib/thumb/v7-m\libc.a(lib_a-strlen-stub.o)
                0x08002040                strlen
 .text.startup.register_fini
                0x0800209c       0x14 c:/ac6/systemworkbench/plugins/fr.ac6.mcu.externaltools.arm-none.win32_1.17.0.201812190825/tools/compiler/bin/../lib/gcc/arm-none-eabi/7.3.1/../../../../arm-none-eabi/lib/thumb/v7-m\libc.a(lib_a-__call_atexit.o)
 .text.atexit   0x080020b0        0xc c:/ac6/systemworkbench/plugins/fr.ac6.mcu.externaltools.arm-none.win32_1.17.0.201812190825/tools/compiler/bin/../lib/gcc/arm-none-eabi/7.3.1/../../../../arm-none-eabi/lib/thumb/v7-m\libc.a(lib_a-atexit.o)
                0x080020b0                atexit
 .text.__libc_fini_array
                0x080020bc       0x34 c:/ac6/systemworkbench/plugins/fr.ac6.mcu.externaltools.arm-none.win32_1.17.0.201812190825/tools/compiler/bin/../lib/gcc/arm-none-eabi/7.3.1/../../../../arm-none-eabi/lib/thumb/v7-m\libc.a(lib_a-fini.o)
                0x080020bc                __libc_fini_array
 .text.__retarget_lock_acquire_recursive
                0x080020f0        0x4 c:/ac6/systemworkbench/plugins/fr.ac6.mcu.externaltools.arm-none.win32_1.17.0.201812190825/tools/compiler/bin/../lib/gcc/arm-none-eabi/7.3.1/../../../../arm-none-eabi/lib/thumb/v7-m\libc.a(lib_a-lock.o)
                0x080020f0                __retarget_lock_acquire_recursive
 .text.__retarget_lock_release_recursive
                0x080020f4        0x4 c:/ac6/systemworkbench/plugins/fr.ac6.mcu.externaltools.arm-none.win32_1.17.0.201812190825/tools/compiler/bin/../lib/gcc/arm-none-eabi/7.3.1/../../../../arm-none-eabi/lib/thumb/v7-m\libc.a(lib_a-lock.o)
                0x080020f4                __retarget_lock_release_recursive
 .text.__register_exitproc
                0x080020f8       0xc0 c:/ac6/systemworkbench/plugins/fr.ac6.mcu.externaltools.arm-none.win32_1.17.0.201812190825/tools/compiler/bin/../lib/gcc/arm-none-eabi/7.3.1/../../../../arm-none-eabi/lib/thumb/v7-m\libc.a(lib_a-__atexit.o)
                0x080020f8                __register_exitproc
 *(.glue_7)
 .glue_7        0x080021b8        0x0 linker stubs
 *(.glue_7t)
 .glue_7t       0x080021b8        0x0 linker stubs
 *(.eh_frame)
 .eh_frame      0x080021b8        0x0 c:/ac6/systemworkbench/plugins/fr.ac6.mcu.externaltools.arm-none.win32_1.17.0.201812190825/tools/compiler/bin/../lib/gcc/arm-none-eabi/7.3.1/thumb/v7-m/crtbegin.o
 *(.init)
 .init          0x080021b8        0x4 c:/ac6/systemworkbench/plugins/fr.ac6.mcu.externaltools.arm-none.win32_1.17.0.201812190825/tools/compiler/bin/../lib/gcc/arm-none-eabi/7.3.1/thumb/v7-m/crti.o
                0x080021b8                _init
 .init          0x080021bc        0x8 c:/ac6/systemworkbench/plugins/fr.ac6.mcu.externaltools.arm-none.win32_1.17.0.201812190825/tools/compiler/bin/../lib/gcc/arm-none-eabi/7.3.1/thumb/v7-m/crtn.o
 *(.fini)
 .fini          0x080021c4        0x4 c:/ac6/systemworkbench/plugins/fr.ac6.mcu.externaltools.arm-none.win32_1.17.0.201812190825/tools/compiler/bin/../lib/gcc/arm-none-eabi/7.3.1/thumb/v7-m/crti.o
                0x080021c4                _fini
 .fini          0x080021c8        0x8 c:/ac6/systemworkbench/plugins/fr.ac6.mcu.externaltools.arm-none.win32_1.17.0.201812190825/tools/compiler/bin/../lib/gcc/arm-none-eabi/7.3.1/thumb/v7-m/crtn.o
                0x080021d0                . = ALIGN (0x4)
                0x080021d0                _etext = .

.vfp11_veneer   0x080021d0        0x0
 .vfp11_veneer  0x080021d0        0x0 linker stubs

.v4_bx          0x080021d0        0x0
 .v4_bx         0x080021d0        0x0 linker stubs

.iplt           0x080021d0        0x0
 .iplt          0x080021d0        0x0 c:/ac6/systemworkbench/plugins/fr.ac6.mcu.externaltools.arm-none.win32_1.17.0.201812190825/tools/compiler/bin/../lib/gcc/arm-none-eabi/7.3.1/thumb/v7-m/crtbegin.o

.rodata         0x080021d0      0x63c
                0x080021d0                . = ALIGN (0x4)
 *(.rodata)
 .rodata        0x080021d0      0x628 src/lcd.o
 .rodata        0x080027f8       0x10 src/pong.o
 *(.rodata*)
 .rodata._global_impure_ptr
                0x08002808        0x4 c:/ac6/systemworkbench/plugins/fr.ac6.mcu.externaltools.arm-none.win32_1.17.0.201812190825/tools/compiler/bin/../lib/gcc/arm-none-eabi/7.3.1/../../../../arm-none-eabi/lib/thumb/v7-m\libc.a(lib_a-impure.o)
                0x08002808                _global_impure_ptr
                0x0800280c                . = ALIGN (0x4)

.rel.dyn        0x0800280c        0x0
 .rel.iplt      0x0800280c        0x0 c:/ac6/systemworkbench/plugins/fr.ac6.mcu.externaltools.arm-none.win32_1.17.0.201812190825/tools/compiler/bin/../lib/gcc/arm-none-eabi/7.3.1/thumb/v7-m/crtbegin.o

.ARM.extab
 *(.ARM.extab* .gnu.linkonce.armextab.*)

.ARM            0x0800280c        0x0
                0x0800280c                __exidx_start = .
 *(.ARM.exidx*)
                0x0800280c                __exidx_end = .

.preinit_array  0x0800280c        0x0
                0x0800280c                PROVIDE (__preinit_array_start = .)
 *(.preinit_array*)
                0x0800280c                PROVIDE (__preinit_array_end = .)

.init_array     0x0800280c        0x8
                0x0800280c                PROVIDE (__init_array_start = .)
 *(SORT_BY_NAME(.init_array.*))
 .init_array.00000
                0x0800280c        0x4 c:/ac6/systemworkbench/plugins/fr.ac6.mcu.externaltools.arm-none.win32_1.17.0.201812190825/tools/compiler/bin/../lib/gcc/arm-none-eabi/7.3.1/../../../../arm-none-eabi/lib/thumb/v7-m\libc.a(lib_a-__call_atexit.o)
 *(.init_array*)
 .init_array    0x08002810        0x4 c:/ac6/systemworkbench/plugins/fr.ac6.mcu.externaltools.arm-none.win32_1.17.0.201812190825/tools/compiler/bin/../lib/gcc/arm-none-eabi/7.3.1/thumb/v7-m/crtbegin.o
                0x08002814                PROVIDE (__init_array_end = .)

.fini_array     0x08002814        0x4
                0x08002814                PROVIDE (__fini_array_start = .)
 *(SORT_BY_NAME(.fini_array.*))
 *(.fini_array*)
 .fini_array    0x08002814        0x4 c:/ac6/systemworkbench/plugins/fr.ac6.mcu.externaltools.arm-none.win32_1.17.0.201812190825/tools/compiler/bin/../lib/gcc/arm-none-eabi/7.3.1/thumb/v7-m/crtbegin.o
                0x08002818                PROVIDE (__fini_array_end = .)
                0x08002818                _sidata = LOADADDR (.data)

.data           0x20000000      0x454 load address 0x08002818
                0x20000000                . = ALIGN (0x4)
                0x20000000                _sdata = .
 *(.data)
 .data          0x20000000       0x18 src/lcd.o
 .data          0x20000018        0xc src/pong.o
 .data          0x20000024        0x4 src/system_stm32l1xx.o
                0x20000024                SystemCoreClock
 *(.data*)
 .data.impure_data
                0x20000028      0x428 c:/ac6/systemworkbench/plugins/fr.ac6.mcu.externaltools.arm-none.win32_1.17.0.201812190825/tools/compiler/bin/../lib/gcc/arm-none-eabi/7.3.1/../../../../arm-none-eabi/lib/thumb/v7-m\libc.a(lib_a-impure.o)
 .data.__atexit_recursive_mutex
                0x20000450        0x4 c:/ac6/systemworkbench/plugins/fr.ac6.mcu.externaltools.arm-none.win32_1.17.0.201812190825/tools/compiler/bin/../lib/gcc/arm-none-eabi/7.3.1/../../../../arm-none-eabi/lib/thumb/v7-m\libc.a(lib_a-__call_atexit.o)
                0x20000450                __atexit_recursive_mutex
 *(.RamFunc)
                0x20000454                . = ALIGN (0x4)
                0x20000454                _edata = .

.igot.plt       0x20000454        0x0 load address 0x08002c6c
 .igot.plt      0x20000454        0x0 c:/ac6/systemworkbench/plugins/fr.ac6.mcu.externaltools.arm-none.win32_1.17.0.201812190825/tools/compiler/bin/../lib/gcc/arm-none-eabi/7.3.1/thumb/v7-m/crtbegin.o
                0x20000454                . = ALIGN (0x4)

.bss            0x20000454     0x2294 load address 0x08002c6c
                0x20000454                _sbss = .
                0x20000454                __bss_start__ = _sbss
 *(.bss)
 .bss           0x20000454       0x1c c:/ac6/systemworkbench/plugins/fr.ac6.mcu.externaltools.arm-none.win32_1.17.0.201812190825/tools/compiler/bin/../lib/gcc/arm-none-eabi/7.3.1/thumb/v7-m/crtbegin.o
 .bss           0x20000470      0x21c src/lcd.o
 .bss           0x2000068c       0x24 src/rgb.o
 .bss           0x200006b0     0x2010 src/uart.o
 *(.bss*)
 *(COMMON)
 COMMON         0x200026c0        0x4 C:\Users\jared\workspace\nucleo-l152re_hal_lib\Debug\libnucleo-l152re_hal_lib.a(stm32l1xx_hal.o)
                0x200026c0                uwTick
 COMMON         0x200026c4       0x21 c:/ac6/systemworkbench/plugins/fr.ac6.mcu.externaltools.arm-none.win32_1.17.0.201812190825/tools/compiler/bin/../lib/gcc/arm-none-eabi/7.3.1/../../../../arm-none-eabi/lib/thumb/v7-m\libc.a(lib_a-lock.o)
                0x200026c4                __lock___atexit_recursive_mutex
                0x200026c8                __lock___arc4random_mutex
                0x200026cc                __lock___env_recursive_mutex
                0x200026d0                __lock___sinit_recursive_mutex
                0x200026d4                __lock___malloc_recursive_mutex
                0x200026d8                __lock___at_quick_exit_mutex
                0x200026dc                __lock___dd_hash_mutex
                0x200026e0                __lock___tz_mutex
                0x200026e4                __lock___sfp_recursive_mutex
                0x200026e8                . = ALIGN (0x4)
 *fill*         0x200026e5        0x3 
                0x200026e8                _ebss = .
                0x200026e8                __bss_end__ = _ebss

._user_heap_stack
                0x200026e8      0x600 load address 0x08002c6c
                0x200026e8                . = ALIGN (0x8)
                0x200026e8                PROVIDE (end = .)
                [!provide]                PROVIDE (_end = .)
                0x200028e8                . = (. + _Min_Heap_Size)
 *fill*         0x200026e8      0x200 
                0x20002ce8                . = (. + _Min_Stack_Size)
 *fill*         0x200028e8      0x400 
                0x20002ce8                . = ALIGN (0x8)

.memory_b1_text
 *(.mb1text)
 *(.mb1text*)
 *(.mb1rodata)
 *(.mb1rodata*)

/DISCARD/
 libc.a(*)
 libm.a(*)
 libgcc.a(*)

.ARM.attributes
                0x00000000       0x29
 *(.ARM.attributes)
 .ARM.attributes
                0x00000000       0x1d c:/ac6/systemworkbench/plugins/fr.ac6.mcu.externaltools.arm-none.win32_1.17.0.201812190825/tools/compiler/bin/../lib/gcc/arm-none-eabi/7.3.1/thumb/v7-m/crti.o
 .ARM.attributes
                0x0000001d       0x2d c:/ac6/systemworkbench/plugins/fr.ac6.mcu.externaltools.arm-none.win32_1.17.0.201812190825/tools/compiler/bin/../lib/gcc/arm-none-eabi/7.3.1/thumb/v7-m/crtbegin.o
 .ARM.attributes
                0x0000004a       0x33 src/adc.o
 .ARM.attributes
                0x0000007d       0x33 src/clock.o
 .ARM.attributes
                0x000000b0       0x33 src/dbg.o
 .ARM.attributes
                0x000000e3       0x33 src/lcd.o
 .ARM.attributes
                0x00000116       0x33 src/main.o
 .ARM.attributes
                0x00000149       0x33 src/pong.o
 .ARM.attributes
                0x0000017c       0x33 src/rgb.o
 .ARM.attributes
                0x000001af       0x33 src/spi.o
 .ARM.attributes
                0x000001e2       0x33 src/stm32l1xx_it.o
 .ARM.attributes
                0x00000215       0x33 src/system_stm32l1xx.o
 .ARM.attributes
                0x00000248       0x33 src/uart.o
 .ARM.attributes
                0x0000027b       0x21 startup/startup_stm32l152xe.o
 .ARM.attributes
                0x0000029c       0x33 C:\Users\jared\workspace\nucleo-l152re_hal_lib\Debug\libnucleo-l152re_hal_lib.a(stm32l1xx_hal.o)
 .ARM.attributes
                0x000002cf       0x33 C:\Users\jared\workspace\nucleo-l152re_hal_lib\Debug\libnucleo-l152re_hal_lib.a(stm32l1xx_hal_cortex.o)
 .ARM.attributes
                0x00000302       0x33 C:\Users\jared\workspace\nucleo-l152re_hal_lib\Debug\libnucleo-l152re_hal_lib.a(stm32l1xx_ll_utils.o)
 .ARM.attributes
                0x00000335       0x2d c:/ac6/systemworkbench/plugins/fr.ac6.mcu.externaltools.arm-none.win32_1.17.0.201812190825/tools/compiler/bin/../lib/gcc/arm-none-eabi/7.3.1/../../../../arm-none-eabi/lib/thumb/v7-m\libc.a(lib_a-impure.o)
 .ARM.attributes
                0x00000362       0x2d c:/ac6/systemworkbench/plugins/fr.ac6.mcu.externaltools.arm-none.win32_1.17.0.201812190825/tools/compiler/bin/../lib/gcc/arm-none-eabi/7.3.1/../../../../arm-none-eabi/lib/thumb/v7-m\libc.a(lib_a-init.o)
 .ARM.attributes
                0x0000038f       0x2d c:/ac6/systemworkbench/plugins/fr.ac6.mcu.externaltools.arm-none.win32_1.17.0.201812190825/tools/compiler/bin/../lib/gcc/arm-none-eabi/7.3.1/../../../../arm-none-eabi/lib/thumb/v7-m\libc.a(lib_a-strlen-stub.o)
 .ARM.attributes
                0x000003bc       0x2d c:/ac6/systemworkbench/plugins/fr.ac6.mcu.externaltools.arm-none.win32_1.17.0.201812190825/tools/compiler/bin/../lib/gcc/arm-none-eabi/7.3.1/../../../../arm-none-eabi/lib/thumb/v7-m\libc.a(lib_a-__call_atexit.o)
 .ARM.attributes
                0x000003e9       0x2d c:/ac6/systemworkbench/plugins/fr.ac6.mcu.externaltools.arm-none.win32_1.17.0.201812190825/tools/compiler/bin/../lib/gcc/arm-none-eabi/7.3.1/../../../../arm-none-eabi/lib/thumb/v7-m\libc.a(lib_a-atexit.o)
 .ARM.attributes
                0x00000416       0x2d c:/ac6/systemworkbench/plugins/fr.ac6.mcu.externaltools.arm-none.win32_1.17.0.201812190825/tools/compiler/bin/../lib/gcc/arm-none-eabi/7.3.1/../../../../arm-none-eabi/lib/thumb/v7-m\libc.a(lib_a-fini.o)
 .ARM.attributes
                0x00000443       0x2d c:/ac6/systemworkbench/plugins/fr.ac6.mcu.externaltools.arm-none.win32_1.17.0.201812190825/tools/compiler/bin/../lib/gcc/arm-none-eabi/7.3.1/../../../../arm-none-eabi/lib/thumb/v7-m\libc.a(lib_a-lock.o)
 .ARM.attributes
                0x00000470       0x2d c:/ac6/systemworkbench/plugins/fr.ac6.mcu.externaltools.arm-none.win32_1.17.0.201812190825/tools/compiler/bin/../lib/gcc/arm-none-eabi/7.3.1/../../../../arm-none-eabi/lib/thumb/v7-m\libc.a(lib_a-__atexit.o)
 .ARM.attributes
                0x0000049d       0x1d c:/ac6/systemworkbench/plugins/fr.ac6.mcu.externaltools.arm-none.win32_1.17.0.201812190825/tools/compiler/bin/../lib/gcc/arm-none-eabi/7.3.1/thumb/v7-m/crtn.o
OUTPUT(Session26.elf elf32-littlearm)

.debug_info     0x00000000     0xc8b5
 .debug_info    0x00000000     0x108b src/adc.o
 .debug_info    0x0000108b      0xd81 src/clock.o
 .debug_info    0x00001e0c      0xc1b src/dbg.o
 .debug_info    0x00002a27      0xd44 src/lcd.o
 .debug_info    0x0000376b      0xa8f src/main.o
 .debug_info    0x000041fa      0x9dd src/pong.o
 .debug_info    0x00004bd7      0xdaa src/rgb.o
 .debug_info    0x00005981      0xcec src/spi.o
 .debug_info    0x0000666d      0x96d src/stm32l1xx_it.o
 .debug_info    0x00006fda      0xc71 src/system_stm32l1xx.o
 .debug_info    0x00007c4b     0x16bd src/uart.o
 .debug_info    0x00009308       0x22 startup/startup_stm32l152xe.o
 .debug_info    0x0000932a      0xf05 C:\Users\jared\workspace\nucleo-l152re_hal_lib\Debug\libnucleo-l152re_hal_lib.a(stm32l1xx_hal.o)
 .debug_info    0x0000a22f     0x157e C:\Users\jared\workspace\nucleo-l152re_hal_lib\Debug\libnucleo-l152re_hal_lib.a(stm32l1xx_hal_cortex.o)
 .debug_info    0x0000b7ad     0x1108 C:\Users\jared\workspace\nucleo-l152re_hal_lib\Debug\libnucleo-l152re_hal_lib.a(stm32l1xx_ll_utils.o)

.debug_abbrev   0x00000000     0x2467
 .debug_abbrev  0x00000000      0x33d src/adc.o
 .debug_abbrev  0x0000033d      0x252 src/clock.o
 .debug_abbrev  0x0000058f      0x292 src/dbg.o
 .debug_abbrev  0x00000821      0x256 src/lcd.o
 .debug_abbrev  0x00000a77      0x1ff src/main.o
 .debug_abbrev  0x00000c76      0x1e7 src/pong.o
 .debug_abbrev  0x00000e5d      0x2e0 src/rgb.o
 .debug_abbrev  0x0000113d      0x2bb src/spi.o
 .debug_abbrev  0x000013f8      0x1b1 src/stm32l1xx_it.o
 .debug_abbrev  0x000015a9      0x205 src/system_stm32l1xx.o
 .debug_abbrev  0x000017ae      0x353 src/uart.o
 .debug_abbrev  0x00001b01       0x12 startup/startup_stm32l152xe.o
 .debug_abbrev  0x00001b13      0x2a3 C:\Users\jared\workspace\nucleo-l152re_hal_lib\Debug\libnucleo-l152re_hal_lib.a(stm32l1xx_hal.o)
 .debug_abbrev  0x00001db6      0x36b C:\Users\jared\workspace\nucleo-l152re_hal_lib\Debug\libnucleo-l152re_hal_lib.a(stm32l1xx_hal_cortex.o)
 .debug_abbrev  0x00002121      0x346 C:\Users\jared\workspace\nucleo-l152re_hal_lib\Debug\libnucleo-l152re_hal_lib.a(stm32l1xx_ll_utils.o)

.debug_aranges  0x00000000      0x738
 .debug_aranges
                0x00000000       0xc0 src/adc.o
 .debug_aranges
                0x000000c0       0xa0 src/clock.o
 .debug_aranges
                0x00000160       0x38 src/dbg.o
 .debug_aranges
                0x00000198       0x58 src/lcd.o
 .debug_aranges
                0x000001f0       0x30 src/main.o
 .debug_aranges
                0x00000220       0x28 src/pong.o
 .debug_aranges
                0x00000248       0x78 src/rgb.o
 .debug_aranges
                0x000002c0       0x60 src/spi.o
 .debug_aranges
                0x00000320       0x20 src/stm32l1xx_it.o
 .debug_aranges
                0x00000340       0x28 src/system_stm32l1xx.o
 .debug_aranges
                0x00000368       0xe8 src/uart.o
 .debug_aranges
                0x00000450       0x28 startup/startup_stm32l152xe.o
 .debug_aranges
                0x00000478       0xb0 C:\Users\jared\workspace\nucleo-l152re_hal_lib\Debug\libnucleo-l152re_hal_lib.a(stm32l1xx_hal.o)
 .debug_aranges
                0x00000528      0x118 C:\Users\jared\workspace\nucleo-l152re_hal_lib\Debug\libnucleo-l152re_hal_lib.a(stm32l1xx_hal_cortex.o)
 .debug_aranges
                0x00000640       0xf8 C:\Users\jared\workspace\nucleo-l152re_hal_lib\Debug\libnucleo-l152re_hal_lib.a(stm32l1xx_ll_utils.o)

.debug_ranges   0x00000000      0x650
 .debug_ranges  0x00000000       0xb0 src/adc.o
 .debug_ranges  0x000000b0       0x90 src/clock.o
 .debug_ranges  0x00000140       0x28 src/dbg.o
 .debug_ranges  0x00000168       0x48 src/lcd.o
 .debug_ranges  0x000001b0       0x20 src/main.o
 .debug_ranges  0x000001d0       0x18 src/pong.o
 .debug_ranges  0x000001e8       0x68 src/rgb.o
 .debug_ranges  0x00000250       0x50 src/spi.o
 .debug_ranges  0x000002a0       0x10 src/stm32l1xx_it.o
 .debug_ranges  0x000002b0       0x18 src/system_stm32l1xx.o
 .debug_ranges  0x000002c8       0xd8 src/uart.o
 .debug_ranges  0x000003a0       0x20 startup/startup_stm32l152xe.o
 .debug_ranges  0x000003c0       0xa0 C:\Users\jared\workspace\nucleo-l152re_hal_lib\Debug\libnucleo-l152re_hal_lib.a(stm32l1xx_hal.o)
 .debug_ranges  0x00000460      0x108 C:\Users\jared\workspace\nucleo-l152re_hal_lib\Debug\libnucleo-l152re_hal_lib.a(stm32l1xx_hal_cortex.o)
 .debug_ranges  0x00000568       0xe8 C:\Users\jared\workspace\nucleo-l152re_hal_lib\Debug\libnucleo-l152re_hal_lib.a(stm32l1xx_ll_utils.o)

.debug_macro    0x00000000    0x1e4c6
 .debug_macro   0x00000000      0x4c6 src/adc.o
 .debug_macro   0x000004c6      0xa72 src/adc.o
 .debug_macro   0x00000f38       0x10 src/adc.o
 .debug_macro   0x00000f48       0x28 src/adc.o
 .debug_macro   0x00000f70       0x22 src/adc.o
 .debug_macro   0x00000f92       0x22 src/adc.o
 .debug_macro   0x00000fb4       0x8e src/adc.o
 .debug_macro   0x00001042       0x51 src/adc.o
 .debug_macro   0x00001093       0xef src/adc.o
 .debug_macro   0x00001182       0x6a src/adc.o
 .debug_macro   0x000011ec      0x1df src/adc.o
 .debug_macro   0x000013cb       0x34 src/adc.o
 .debug_macro   0x000013ff       0x34 src/adc.o
 .debug_macro   0x00001433      0xcb4 src/adc.o
 .debug_macro   0x000020e7     0xbeb6 src/adc.o
 .debug_macro   0x0000df9d       0x43 src/adc.o
 .debug_macro   0x0000dfe0      0x106 src/adc.o
 .debug_macro   0x0000e0e6     0x342b src/adc.o
 .debug_macro   0x00011511       0x5e src/adc.o
 .debug_macro   0x0001156f       0x18 src/adc.o
 .debug_macro   0x00011587       0x35 src/adc.o
 .debug_macro   0x000115bc       0x34 src/adc.o
 .debug_macro   0x000115f0       0x16 src/adc.o
 .debug_macro   0x00011606       0x97 src/adc.o
 .debug_macro   0x0001169d      0x330 src/adc.o
 .debug_macro   0x000119cd       0xfd src/adc.o
 .debug_macro   0x00011aca       0x10 src/adc.o
 .debug_macro   0x00011ada       0x58 src/adc.o
 .debug_macro   0x00011b32       0x1f src/adc.o
 .debug_macro   0x00011b51       0x43 src/adc.o
 .debug_macro   0x00011b94       0x20 src/adc.o
 .debug_macro   0x00011bb4      0x18e src/adc.o
 .debug_macro   0x00011d42       0x10 src/adc.o
 .debug_macro   0x00011d52       0x1c src/adc.o
 .debug_macro   0x00011d6e       0x52 src/adc.o
 .debug_macro   0x00011dc0       0x40 src/adc.o
 .debug_macro   0x00011e00       0x10 src/adc.o
 .debug_macro   0x00011e10       0x40 src/adc.o
 .debug_macro   0x00011e50       0xd7 src/adc.o
 .debug_macro   0x00011f27       0x1c src/adc.o
 .debug_macro   0x00011f43       0x3d src/adc.o
 .debug_macro   0x00011f80       0x16 src/adc.o
 .debug_macro   0x00011f96      0x16f src/adc.o
 .debug_macro   0x00012105       0x56 src/adc.o
 .debug_macro   0x0001215b      0xe3e src/adc.o
 .debug_macro   0x00012f99      0x363 src/adc.o
 .debug_macro   0x000132fc      0x141 src/adc.o
 .debug_macro   0x0001343d       0xc6 src/adc.o
 .debug_macro   0x00013503      0x25d src/adc.o
 .debug_macro   0x00013760      0x23a src/adc.o
 .debug_macro   0x0001399a      0x685 src/adc.o
 .debug_macro   0x0001401f      0x16f src/adc.o
 .debug_macro   0x0001418e      0x1fb src/adc.o
 .debug_macro   0x00014389       0xf0 src/adc.o
 .debug_macro   0x00014479       0x22 src/adc.o
 .debug_macro   0x0001449b      0x117 src/adc.o
 .debug_macro   0x000145b2       0xac src/adc.o
 .debug_macro   0x0001465e      0x113 src/adc.o
 .debug_macro   0x00014771      0x56c src/adc.o
 .debug_macro   0x00014cdd      0x225 src/adc.o
 .debug_macro   0x00014f02      0x199 src/adc.o
 .debug_macro   0x0001509b       0x79 src/adc.o
 .debug_macro   0x00015114      0x3d7 src/adc.o
 .debug_macro   0x000154eb      0x129 src/adc.o
 .debug_macro   0x00015614       0x30 src/adc.o
 .debug_macro   0x00015644      0x1ed src/adc.o
 .debug_macro   0x00015831       0x22 src/adc.o
 .debug_macro   0x00015853      0x28e src/adc.o
 .debug_macro   0x00015ae1      0x5d6 src/adc.o
 .debug_macro   0x000160b7      0x1ed src/adc.o
 .debug_macro   0x000162a4       0x1c src/adc.o
 .debug_macro   0x000162c0      0x757 src/adc.o
 .debug_macro   0x00016a17       0xac src/adc.o
 .debug_macro   0x00016ac3      0x287 src/adc.o
 .debug_macro   0x00016d4a      0x233 src/adc.o
 .debug_macro   0x00016f7d      0x1c3 src/adc.o
 .debug_macro   0x00017140      0x2f7 src/adc.o
 .debug_macro   0x00017437       0x89 src/adc.o
 .debug_macro   0x000174c0      0x281 src/adc.o
 .debug_macro   0x00017741      0x470 src/adc.o
 .debug_macro   0x00017bb1      0x1a6 src/adc.o
 .debug_macro   0x00017d57      0xd49 src/adc.o
 .debug_macro   0x00018aa0      0x12d src/adc.o
 .debug_macro   0x00018bcd      0x222 src/adc.o
 .debug_macro   0x00018def      0x156 src/adc.o
 .debug_macro   0x00018f45      0x16d src/adc.o
 .debug_macro   0x000190b2       0xd8 src/adc.o
 .debug_macro   0x0001918a      0x33a src/adc.o
 .debug_macro   0x000194c4      0x48b src/adc.o
 .debug_macro   0x0001994f      0x1b5 src/adc.o
 .debug_macro   0x00019b04       0x2a src/adc.o
 .debug_macro   0x00019b2e       0x10 src/adc.o
 .debug_macro   0x00019b3e       0x22 src/adc.o
 .debug_macro   0x00019b60       0x34 src/adc.o
 .debug_macro   0x00019b94      0x48e src/clock.o
 .debug_macro   0x0001a022      0x48d src/dbg.o
 .debug_macro   0x0001a4af       0x1c src/dbg.o
 .debug_macro   0x0001a4cb      0x53a src/lcd.o
 .debug_macro   0x0001aa05      0x4d0 src/main.o
 .debug_macro   0x0001aed5       0x4c src/main.o
 .debug_macro   0x0001af21      0x4a6 src/pong.o
 .debug_macro   0x0001b3c7      0x4b1 src/rgb.o
 .debug_macro   0x0001b878      0x4ca src/spi.o
 .debug_macro   0x0001bd42      0x41d src/stm32l1xx_it.o
 .debug_macro   0x0001c15f      0x419 src/system_stm32l1xx.o
 .debug_macro   0x0001c578      0x49a src/uart.o
 .debug_macro   0x0001ca12      0x437 C:\Users\jared\workspace\nucleo-l152re_hal_lib\Debug\libnucleo-l152re_hal_lib.a(stm32l1xx_hal.o)
 .debug_macro   0x0001ce49      0xa5a C:\Users\jared\workspace\nucleo-l152re_hal_lib\Debug\libnucleo-l152re_hal_lib.a(stm32l1xx_hal.o)
 .debug_macro   0x0001d8a3       0x2e C:\Users\jared\workspace\nucleo-l152re_hal_lib\Debug\libnucleo-l152re_hal_lib.a(stm32l1xx_hal.o)
 .debug_macro   0x0001d8d1      0x413 C:\Users\jared\workspace\nucleo-l152re_hal_lib\Debug\libnucleo-l152re_hal_lib.a(stm32l1xx_hal_cortex.o)
 .debug_macro   0x0001dce4      0x4bc C:\Users\jared\workspace\nucleo-l152re_hal_lib\Debug\libnucleo-l152re_hal_lib.a(stm32l1xx_ll_utils.o)
 .debug_macro   0x0001e1a0      0x326 C:\Users\jared\workspace\nucleo-l152re_hal_lib\Debug\libnucleo-l152re_hal_lib.a(stm32l1xx_ll_utils.o)

.debug_line     0x00000000     0xab11
 .debug_line    0x00000000      0xd3a src/adc.o
 .debug_line    0x00000d3a      0xcb7 src/clock.o
 .debug_line    0x000019f1      0xb9a src/dbg.o
 .debug_line    0x0000258b      0xde3 src/lcd.o
 .debug_line    0x0000336e      0xbcc src/main.o
 .debug_line    0x00003f3a      0xb80 src/pong.o
 .debug_line    0x00004aba      0xcca src/rgb.o
 .debug_line    0x00005784      0xc4a src/spi.o
 .debug_line    0x000063ce      0xa01 src/stm32l1xx_it.o
 .debug_line    0x00006dcf      0x9ff src/system_stm32l1xx.o
 .debug_line    0x000077ce      0xdfe src/uart.o
 .debug_line    0x000085cc       0x7d startup/startup_stm32l152xe.o
 .debug_line    0x00008649      0xb2c C:\Users\jared\workspace\nucleo-l152re_hal_lib\Debug\libnucleo-l152re_hal_lib.a(stm32l1xx_hal.o)
 .debug_line    0x00009175      0xce4 C:\Users\jared\workspace\nucleo-l152re_hal_lib\Debug\libnucleo-l152re_hal_lib.a(stm32l1xx_hal_cortex.o)
 .debug_line    0x00009e59      0xcb8 C:\Users\jared\workspace\nucleo-l152re_hal_lib\Debug\libnucleo-l152re_hal_lib.a(stm32l1xx_ll_utils.o)

.debug_str      0x00000000    0xb9aaf
 .debug_str     0x00000000    0xb7204 src/adc.o
                              0xb7a6c (size before relaxing)
 .debug_str     0x000b7204      0x1f0 src/clock.o
                              0xb77b9 (size before relaxing)
 .debug_str     0x000b73f4       0xdf src/dbg.o
                              0xb76d7 (size before relaxing)
 .debug_str     0x000b74d3      0x495 src/lcd.o
                              0xb7a90 (size before relaxing)
 .debug_str     0x000b7968      0x26e src/main.o
                              0xb7952 (size before relaxing)
 .debug_str     0x000b7bd6       0x81 src/pong.o
                              0xb765a (size before relaxing)
 .debug_str     0x000b7c57      0x120 src/rgb.o
                              0xb798b (size before relaxing)
 .debug_str     0x000b7d77      0x28b src/spi.o
                              0xb78c5 (size before relaxing)
 .debug_str     0x000b8002       0x38 src/stm32l1xx_it.o
                              0xa61b4 (size before relaxing)
 .debug_str     0x000b803a       0xd0 src/system_stm32l1xx.o
                              0xa62b1 (size before relaxing)
 .debug_str     0x000b810a      0x665 src/uart.o
                              0xb7d63 (size before relaxing)
 .debug_str     0x000b876f       0x2f startup/startup_stm32l152xe.o
                                 0x58 (size before relaxing)
 .debug_str     0x000b879e      0x2d9 C:\Users\jared\workspace\nucleo-l152re_hal_lib\Debug\libnucleo-l152re_hal_lib.a(stm32l1xx_hal.o)
                              0xa68ea (size before relaxing)
 .debug_str     0x000b8a77      0x364 C:\Users\jared\workspace\nucleo-l152re_hal_lib\Debug\libnucleo-l152re_hal_lib.a(stm32l1xx_hal_cortex.o)
                              0xa6a28 (size before relaxing)
 .debug_str     0x000b8ddb      0xcd4 C:\Users\jared\workspace\nucleo-l152re_hal_lib\Debug\libnucleo-l152re_hal_lib.a(stm32l1xx_ll_utils.o)
                              0xaa41a (size before relaxing)

.comment        0x00000000       0x7f
 .comment       0x00000000       0x7f src/adc.o
                                 0x80 (size before relaxing)
 .comment       0x0000007f       0x80 src/clock.o
 .comment       0x0000007f       0x80 src/dbg.o
 .comment       0x0000007f       0x80 src/lcd.o
 .comment       0x0000007f       0x80 src/main.o
 .comment       0x0000007f       0x80 src/pong.o
 .comment       0x0000007f       0x80 src/rgb.o
 .comment       0x0000007f       0x80 src/spi.o
 .comment       0x0000007f       0x80 src/stm32l1xx_it.o
 .comment       0x0000007f       0x80 src/system_stm32l1xx.o
 .comment       0x0000007f       0x80 src/uart.o
 .comment       0x0000007f       0x80 C:\Users\jared\workspace\nucleo-l152re_hal_lib\Debug\libnucleo-l152re_hal_lib.a(stm32l1xx_hal.o)
 .comment       0x0000007f       0x80 C:\Users\jared\workspace\nucleo-l152re_hal_lib\Debug\libnucleo-l152re_hal_lib.a(stm32l1xx_hal_cortex.o)
 .comment       0x0000007f       0x80 C:\Users\jared\workspace\nucleo-l152re_hal_lib\Debug\libnucleo-l152re_hal_lib.a(stm32l1xx_ll_utils.o)

.debug_frame    0x00000000     0x1cac
 .debug_frame   0x00000000      0x31c src/adc.o
 .debug_frame   0x0000031c      0x26c src/clock.o
 .debug_frame   0x00000588       0xa4 src/dbg.o
 .debug_frame   0x0000062c      0x144 src/lcd.o
 .debug_frame   0x00000770       0x7c src/main.o
 .debug_frame   0x000007ec       0x54 src/pong.o
 .debug_frame   0x00000840      0x1c0 src/rgb.o
 .debug_frame   0x00000a00      0x14c src/spi.o
 .debug_frame   0x00000b4c       0x2c src/stm32l1xx_it.o
 .debug_frame   0x00000b78       0x58 src/system_stm32l1xx.o
 .debug_frame   0x00000bd0      0x3fc src/uart.o
 .debug_frame   0x00000fcc      0x270 C:\Users\jared\workspace\nucleo-l152re_hal_lib\Debug\libnucleo-l152re_hal_lib.a(stm32l1xx_hal.o)
 .debug_frame   0x0000123c      0x498 C:\Users\jared\workspace\nucleo-l152re_hal_lib\Debug\libnucleo-l152re_hal_lib.a(stm32l1xx_hal_cortex.o)
 .debug_frame   0x000016d4      0x3f8 C:\Users\jared\workspace\nucleo-l152re_hal_lib\Debug\libnucleo-l152re_hal_lib.a(stm32l1xx_ll_utils.o)
 .debug_frame   0x00001acc       0x2c c:/ac6/systemworkbench/plugins/fr.ac6.mcu.externaltools.arm-none.win32_1.17.0.201812190825/tools/compiler/bin/../lib/gcc/arm-none-eabi/7.3.1/../../../../arm-none-eabi/lib/thumb/v7-m\libc.a(lib_a-init.o)
 .debug_frame   0x00001af8       0x20 c:/ac6/systemworkbench/plugins/fr.ac6.mcu.externaltools.arm-none.win32_1.17.0.201812190825/tools/compiler/bin/../lib/gcc/arm-none-eabi/7.3.1/../../../../arm-none-eabi/lib/thumb/v7-m\libc.a(lib_a-strlen-stub.o)
 .debug_frame   0x00001b18       0x5c c:/ac6/systemworkbench/plugins/fr.ac6.mcu.externaltools.arm-none.win32_1.17.0.201812190825/tools/compiler/bin/../lib/gcc/arm-none-eabi/7.3.1/../../../../arm-none-eabi/lib/thumb/v7-m\libc.a(lib_a-__call_atexit.o)
 .debug_frame   0x00001b74       0x20 c:/ac6/systemworkbench/plugins/fr.ac6.mcu.externaltools.arm-none.win32_1.17.0.201812190825/tools/compiler/bin/../lib/gcc/arm-none-eabi/7.3.1/../../../../arm-none-eabi/lib/thumb/v7-m\libc.a(lib_a-atexit.o)
 .debug_frame   0x00001b94       0x34 c:/ac6/systemworkbench/plugins/fr.ac6.mcu.externaltools.arm-none.win32_1.17.0.201812190825/tools/compiler/bin/../lib/gcc/arm-none-eabi/7.3.1/../../../../arm-none-eabi/lib/thumb/v7-m\libc.a(lib_a-fini.o)
 .debug_frame   0x00001bc8       0xb0 c:/ac6/systemworkbench/plugins/fr.ac6.mcu.externaltools.arm-none.win32_1.17.0.201812190825/tools/compiler/bin/../lib/gcc/arm-none-eabi/7.3.1/../../../../arm-none-eabi/lib/thumb/v7-m\libc.a(lib_a-lock.o)
 .debug_frame   0x00001c78       0x34 c:/ac6/systemworkbench/plugins/fr.ac6.mcu.externaltools.arm-none.win32_1.17.0.201812190825/tools/compiler/bin/../lib/gcc/arm-none-eabi/7.3.1/../../../../arm-none-eabi/lib/thumb/v7-m\libc.a(lib_a-__atexit.o)
