Archive member included to satisfy reference by file (symbol)

C:\Users\jared\workspace\nucleo-l152re_hal_lib\Debug\libnucleo-l152re_hal_lib.a(stm32l1xx_hal.o)
                              src/stm32l1xx_it.o (HAL_IncTick)
C:\Users\jared\workspace\nucleo-l152re_hal_lib\Debug\libnucleo-l152re_hal_lib.a(stm32l1xx_hal_cortex.o)
                              C:\Users\jared\workspace\nucleo-l152re_hal_lib\Debug\libnucleo-l152re_hal_lib.a(stm32l1xx_hal.o) (HAL_NVIC_SetPriorityGrouping)
C:\Users\jared\workspace\nucleo-l152re_hal_lib\Debug\libnucleo-l152re_hal_lib.a(stm32l1xx_ll_utils.o)
                              src/clock.o (LL_Init1msTick)
c:/ac6/systemworkbench/plugins/fr.ac6.mcu.externaltools.arm-none.win32_1.17.0.201812190825/tools/compiler/bin/../lib/gcc/arm-none-eabi/7.3.1/../../../../arm-none-eabi/lib/thumb/v7-m\libc.a(lib_a-errno.o)
                              src/syscalls.o (__errno)
c:/ac6/systemworkbench/plugins/fr.ac6.mcu.externaltools.arm-none.win32_1.17.0.201812190825/tools/compiler/bin/../lib/gcc/arm-none-eabi/7.3.1/../../../../arm-none-eabi/lib/thumb/v7-m\libc.a(lib_a-exit.o)
                              c:/ac6/systemworkbench/plugins/fr.ac6.mcu.externaltools.arm-none.win32_1.17.0.201812190825/tools/compiler/bin/../lib/gcc/arm-none-eabi/7.3.1/../../../../arm-none-eabi/lib/thumb/v7-m/crt0.o (exit)
c:/ac6/systemworkbench/plugins/fr.ac6.mcu.externaltools.arm-none.win32_1.17.0.201812190825/tools/compiler/bin/../lib/gcc/arm-none-eabi/7.3.1/../../../../arm-none-eabi/lib/thumb/v7-m\libc.a(lib_a-impure.o)
                              c:/ac6/systemworkbench/plugins/fr.ac6.mcu.externaltools.arm-none.win32_1.17.0.201812190825/tools/compiler/bin/../lib/gcc/arm-none-eabi/7.3.1/../../../../arm-none-eabi/lib/thumb/v7-m\libc.a(lib_a-exit.o) (_global_impure_ptr)
c:/ac6/systemworkbench/plugins/fr.ac6.mcu.externaltools.arm-none.win32_1.17.0.201812190825/tools/compiler/bin/../lib/gcc/arm-none-eabi/7.3.1/../../../../arm-none-eabi/lib/thumb/v7-m\libc.a(lib_a-init.o)
                              c:/ac6/systemworkbench/plugins/fr.ac6.mcu.externaltools.arm-none.win32_1.17.0.201812190825/tools/compiler/bin/../lib/gcc/arm-none-eabi/7.3.1/../../../../arm-none-eabi/lib/thumb/v7-m/crt0.o (__libc_init_array)
c:/ac6/systemworkbench/plugins/fr.ac6.mcu.externaltools.arm-none.win32_1.17.0.201812190825/tools/compiler/bin/../lib/gcc/arm-none-eabi/7.3.1/../../../../arm-none-eabi/lib/thumb/v7-m\libc.a(lib_a-memset.o)
                              c:/ac6/systemworkbench/plugins/fr.ac6.mcu.externaltools.arm-none.win32_1.17.0.201812190825/tools/compiler/bin/../lib/gcc/arm-none-eabi/7.3.1/../../../../arm-none-eabi/lib/thumb/v7-m/crt0.o (memset)
c:/ac6/systemworkbench/plugins/fr.ac6.mcu.externaltools.arm-none.win32_1.17.0.201812190825/tools/compiler/bin/../lib/gcc/arm-none-eabi/7.3.1/../../../../arm-none-eabi/lib/thumb/v7-m\libc.a(lib_a-printf.o)
                              src/main.o (printf)
c:/ac6/systemworkbench/plugins/fr.ac6.mcu.externaltools.arm-none.win32_1.17.0.201812190825/tools/compiler/bin/../lib/gcc/arm-none-eabi/7.3.1/../../../../arm-none-eabi/lib/thumb/v7-m\libc.a(lib_a-puts.o)
                              src/main.o (puts)
c:/ac6/systemworkbench/plugins/fr.ac6.mcu.externaltools.arm-none.win32_1.17.0.201812190825/tools/compiler/bin/../lib/gcc/arm-none-eabi/7.3.1/../../../../arm-none-eabi/lib/thumb/v7-m\libc.a(lib_a-strlen-stub.o)
                              c:/ac6/systemworkbench/plugins/fr.ac6.mcu.externaltools.arm-none.win32_1.17.0.201812190825/tools/compiler/bin/../lib/gcc/arm-none-eabi/7.3.1/../../../../arm-none-eabi/lib/thumb/v7-m\libc.a(lib_a-puts.o) (strlen)
c:/ac6/systemworkbench/plugins/fr.ac6.mcu.externaltools.arm-none.win32_1.17.0.201812190825/tools/compiler/bin/../lib/gcc/arm-none-eabi/7.3.1/../../../../arm-none-eabi/lib/thumb/v7-m\libc.a(lib_a-vfprintf.o)
                              c:/ac6/systemworkbench/plugins/fr.ac6.mcu.externaltools.arm-none.win32_1.17.0.201812190825/tools/compiler/bin/../lib/gcc/arm-none-eabi/7.3.1/../../../../arm-none-eabi/lib/thumb/v7-m\libc.a(lib_a-printf.o) (_vfprintf_r)
c:/ac6/systemworkbench/plugins/fr.ac6.mcu.externaltools.arm-none.win32_1.17.0.201812190825/tools/compiler/bin/../lib/gcc/arm-none-eabi/7.3.1/../../../../arm-none-eabi/lib/thumb/v7-m\libc.a(lib_a-wsetup.o)
                              c:/ac6/systemworkbench/plugins/fr.ac6.mcu.externaltools.arm-none.win32_1.17.0.201812190825/tools/compiler/bin/../lib/gcc/arm-none-eabi/7.3.1/../../../../arm-none-eabi/lib/thumb/v7-m\libc.a(lib_a-vfprintf.o) (__swsetup_r)
c:/ac6/systemworkbench/plugins/fr.ac6.mcu.externaltools.arm-none.win32_1.17.0.201812190825/tools/compiler/bin/../lib/gcc/arm-none-eabi/7.3.1/../../../../arm-none-eabi/lib/thumb/v7-m\libc.a(lib_a-__call_atexit.o)
[...]
Memory Configuration

Name             Origin             Length             Attributes
FLASH            0x08000000         0x00080000         xr
RAM              0x20000000         0x00014000         xrw
MEMORY_B1        0x60000000         0x00000000         xr
*default*        0x00000000         0xffffffff

Linker script and memory map

LOAD c:/ac6/systemworkbench/plugins/fr.ac6.mcu.externaltools.arm-none.win32_1.17.0.201812190825/tools/compiler/bin/../lib/gcc/arm-none-eabi/7.3.1/thumb/v7-m/crti.o
LOAD c:/ac6/systemworkbench/plugins/fr.ac6.mcu.externaltools.arm-none.win32_1.17.0.201812190825/tools/compiler/bin/../lib/gcc/arm-none-eabi/7.3.1/thumb/v7-m/crtbegin.o
LOAD c:/ac6/systemworkbench/plugins/fr.ac6.mcu.externaltools.arm-none.win32_1.17.0.201812190825/tools/compiler/bin/../lib/gcc/arm-none-eabi/7.3.1/../../../../arm-none-eabi/lib/thumb/v7-m/crt0.o
LOAD src/clock.o
LOAD src/gpio.o
LOAD src/main.o
LOAD src/stm32l1xx_it.o
LOAD src/syscalls.o
LOAD src/system_stm32l1xx.o
LOAD src/uart.o
LOAD startup/startup_stm32l152xe.o
LOAD C:\Users\jared\workspace\nucleo-l152re_hal_lib\Debug\libnucleo-l152re_hal_lib.a
LOAD c:/ac6/systemworkbench/plugins/fr.ac6.mcu.externaltools.arm-none.win32_1.17.0.201812190825/tools/compiler/bin/../lib/gcc/arm-none-eabi/7.3.1/../../../../arm-none-eabi/lib/thumb/v7-m\libm.a
START GROUP
LOAD c:/ac6/systemworkbench/plugins/fr.ac6.mcu.externaltools.arm-none.win32_1.17.0.201812190825/tools/compiler/bin/../lib/gcc/arm-none-eabi/7.3.1/thumb/v7-m\libgcc.a
LOAD c:/ac6/systemworkbench/plugins/fr.ac6.mcu.externaltools.arm-none.win32_1.17.0.201812190825/tools/compiler/bin/../lib/gcc/arm-none-eabi/7.3.1/../../../../arm-none-eabi/lib/thumb/v7-m\libc.a
END GROUP
LOAD c:/ac6/systemworkbench/plugins/fr.ac6.mcu.externaltools.arm-none.win32_1.17.0.201812190825/tools/compiler/bin/../lib/gcc/arm-none-eabi/7.3.1/thumb/v7-m/crtend.o
LOAD c:/ac6/systemworkbench/plugins/fr.ac6.mcu.externaltools.arm-none.win32_1.17.0.201812190825/tools/compiler/bin/../lib/gcc/arm-none-eabi/7.3.1/thumb/v7-m/crtn.o
                0x20014000                _estack = 0x20014000
                0x00000200                _Min_Heap_Size = 0x200
                0x00000400                _Min_Stack_Size = 0x400

.isr_vector     0x08000000      0x13c
                0x08000000                . = ALIGN (0x4)
 *(.isr_vector)
 .isr_vector    0x08000000      0x13c startup/startup_stm32l152xe.o
                0x08000000                g_pfnVectors
                0x0800013c                . = ALIGN (0x4)

.text           0x08000140     0x6b2c
                0x08000140                . = ALIGN (0x4)
 *(.text)
 .text          0x08000140       0x40 c:/ac6/systemworkbench/plugins/fr.ac6.mcu.externaltools.arm-none.win32_1.17.0.201812190825/tools/compiler/bin/../lib/gcc/arm-none-eabi/7.3.1/thumb/v7-m/crtbegin.o
 .text          0x08000180       0xec c:/ac6/systemworkbench/plugins/fr.ac6.mcu.externaltools.arm-none.win32_1.17.0.201812190825/tools/compiler/bin/../lib/gcc/arm-none-eabi/7.3.1/../../../../arm-none-eabi/lib/thumb/v7-m\libc.a(lib_a-memcpy.o)
                0x08000180                memcpy
 .text          0x0800026c      0x378 c:/ac6/systemworkbench/plugins/fr.ac6.mcu.externaltools.arm-none.win32_1.17.0.201812190825/tools/compiler/bin/../lib/gcc/arm-none-eabi/7.3.1/thumb/v7-m\libgcc.a(_arm_addsubdf3.o)
                0x0800026c                __aeabi_drsub
                0x08000274                __aeabi_dsub
                0x08000274                __subdf3
                0x08000278                __aeabi_dadd
                0x08000278                __adddf3
                0x080004f0                __floatunsidf
                0x080004f0                __aeabi_ui2d
                0x08000510                __floatsidf
                0x08000510                __aeabi_i2d
                0x08000534                __aeabi_f2d
                0x08000534                __extendsfdf2
                0x08000578                __floatundidf
                0x08000578                __aeabi_ul2d
                0x08000588                __floatdidf
                0x08000588                __aeabi_l2d
 .text          0x080005e4      0x424 c:/ac6/systemworkbench/plugins/fr.ac6.mcu.externaltools.arm-none.win32_1.17.0.201812190825/tools/compiler/bin/../lib/gcc/arm-none-eabi/7.3.1/thumb/v7-m\libgcc.a(_arm_muldivdf3.o)
                0x080005e4                __aeabi_dmul
                0x080005e4                __muldf3
                0x08000838                __divdf3
                0x08000838                __aeabi_ddiv
 .text          0x08000a08      0x110 c:/ac6/systemworkbench/plugins/fr.ac6.mcu.externaltools.arm-none.win32_1.17.0.201812190825/tools/compiler/bin/../lib/gcc/arm-none-eabi/7.3.1/thumb/v7-m\libgcc.a(_arm_cmpdf2.o)
                0x08000a08                __gtdf2
                0x08000a08                __gedf2
                0x08000a10                __ltdf2
                0x08000a10                __ledf2
                0x08000a18                __nedf2
                0x08000a18                __eqdf2
                0x08000a18                __cmpdf2
                0x08000a94                __aeabi_cdrcmple
                0x08000aa4                __aeabi_cdcmpeq
                0x08000aa4                __aeabi_cdcmple
                0x08000ab4                __aeabi_dcmpeq
                0x08000ac8                __aeabi_dcmplt
                0x08000adc                __aeabi_dcmple
                0x08000af0                __aeabi_dcmpge
                0x08000b04                __aeabi_dcmpgt
 .text          0x08000b18       0x2c c:/ac6/systemworkbench/plugins/fr.ac6.mcu.externaltools.arm-none.win32_1.17.0.201812190825/tools/compiler/bin/../lib/gcc/arm-none-eabi/7.3.1/thumb/v7-m\libgcc.a(_arm_unorddf2.o)
                0x08000b18                __unorddf2
                0x08000b18                __aeabi_dcmpun
 .text          0x08000b44       0x50 c:/ac6/systemworkbench/plugins/fr.ac6.mcu.externaltools.arm-none.win32_1.17.0.201812190825/tools/compiler/bin/../lib/gcc/arm-none-eabi/7.3.1/thumb/v7-m\libgcc.a(_arm_fixdfsi.o)
                0x08000b44                __aeabi_d2iz
                0x08000b44                __fixdfsi
 .text          0x08000b94       0x30 c:/ac6/systemworkbench/plugins/fr.ac6.mcu.externaltools.arm-none.win32_1.17.0.201812190825/tools/compiler/bin/../lib/gcc/arm-none-eabi/7.3.1/thumb/v7-m\libgcc.a(_aeabi_uldivmod.o)
                0x08000b94                __aeabi_uldivmod
 .text          0x08000bc4      0x2d0 c:/ac6/systemworkbench/plugins/fr.ac6.mcu.externaltools.arm-none.win32_1.17.0.201812190825/tools/compiler/bin/../lib/gcc/arm-none-eabi/7.3.1/thumb/v7-m\libgcc.a(_udivmoddi4.o)
                0x08000bc4                __udivmoddi4
 .text          0x08000e94        0x4 c:/ac6/systemworkbench/plugins/fr.ac6.mcu.externaltools.arm-none.win32_1.17.0.201812190825/tools/compiler/bin/../lib/gcc/arm-none-eabi/7.3.1/thumb/v7-m\libgcc.a(_dvmd_tls.o)
                0x08000e94                __aeabi_idiv0
                0x08000e94                __aeabi_ldiv0
 *(.text*)
 .text.LL_APB1_GRP1_EnableClock
                0x08000e98       0x30 src/clock.o
 .text.LL_RCC_HSI_Enable
                0x08000ec8       0x1c src/clock.o
 .text.LL_RCC_HSI_IsReady
                0x08000ee4       0x24 src/clock.o
 .text.LL_RCC_SetSysClkSource
                0x08000f08       0x28 src/clock.o
 .text.LL_RCC_GetSysClkSource
                0x08000f30       0x18 src/clock.o
 .text.LL_RCC_SetAHBPrescaler
                0x08000f48       0x28 src/clock.o
 .text.LL_RCC_SetAPB1Prescaler
                0x08000f70       0x28 src/clock.o
 .text.LL_RCC_SetAPB2Prescaler
                0x08000f98       0x28 src/clock.o
 .text.LL_RCC_PLL_Enable
                0x08000fc0       0x1c src/clock.o
 .text.LL_RCC_PLL_IsReady
                0x08000fdc       0x24 src/clock.o
 .text.LL_RCC_PLL_ConfigDomain_SYS
                0x08001000       0x34 src/clock.o
 .text.LL_FLASH_SetLatency
                0x08001034       0x28 src/clock.o
 .text.LL_FLASH_Enable64bitAccess
                0x0800105c       0x1c src/clock.o
 .text.LL_PWR_SetRegulVoltageScaling
                0x08001078       0x28 src/clock.o
 .text.LL_PWR_IsActiveFlag_VOS
                0x080010a0       0x24 src/clock.o
 .text.ClockInit
                0x080010c4       0x9c src/clock.o
                0x080010c4                ClockInit
 .text.ClockWaitForTick
                0x08001160       0x24 src/clock.o
                0x08001160                ClockWaitForTick
 .text.LL_AHB1_GRP1_EnableClock
                0x08001184       0x30 src/gpio.o
 .text.LL_GPIO_SetPinMode
                0x080011b4       0x58 src/gpio.o
 .text.LL_GPIO_SetOutputPin
                0x0800120c       0x1a src/gpio.o
 .text.LL_GPIO_ResetOutputPin
                0x08001226       0x1a src/gpio.o
 .text.GpioInit
                0x08001240       0x7c src/gpio.o
                0x08001240                GpioInit
 .text.LL_GPIO_SetOutputPin
                0x080012bc       0x1a src/main.o
 .text.LL_GPIO_ResetOutputPin
                0x080012d6       0x1a src/main.o
 .text.main     0x080012f0       0xb8 src/main.o
                0x080012f0                main
 .text.SysTick_Handler
                0x080013a8       0x10 src/stm32l1xx_it.o
                0x080013a8                SysTick_Handler
 .text._read    0x080013b8       0x3a src/syscalls.o
                0x080013b8                _read
 .text._write   0x080013f2       0x38 src/syscalls.o
                0x080013f2                _write
 *fill*         0x0800142a        0x2 
 .text._sbrk    0x0800142c       0x58 src/syscalls.o
                0x0800142c                _sbrk
 .text._close   0x08001484       0x16 src/syscalls.o
                0x08001484                _close
 .text._fstat   0x0800149a       0x1e src/syscalls.o
                0x0800149a                _fstat
 .text._isatty  0x080014b8       0x14 src/syscalls.o
                0x080014b8                _isatty
 .text._lseek   0x080014cc       0x18 src/syscalls.o
                0x080014cc                _lseek
 .text.SystemInit
                0x080014e4       0x68 src/system_stm32l1xx.o
                0x080014e4                SystemInit
 .text.NVIC_EnableIRQ
                0x0800154c       0x30 src/uart.o
 .text.NVIC_SetPriority
                0x0800157c       0x54 src/uart.o
 .text.LL_AHB1_GRP1_EnableClock
                0x080015d0       0x30 src/uart.o
 .text.LL_APB1_GRP1_EnableClock
                0x08001600       0x30 src/uart.o
 .text.LL_GPIO_SetPinMode
                0x08001630       0x58 src/uart.o
 .text.LL_GPIO_SetPinOutputType
                0x08001688       0x2e src/uart.o
 .text.LL_GPIO_SetPinSpeed
                0x080016b6       0x58 src/uart.o
 .text.LL_GPIO_SetPinPull
                0x0800170e       0x58 src/uart.o
 .text.LL_GPIO_SetAFPin_0_7
                0x08001766       0x58 src/uart.o
 .text.LL_USART_Enable
                0x080017be       0x1e src/uart.o
 .text.LL_USART_SetTransferDirection
                0x080017dc       0x24 src/uart.o
 .text.LL_USART_ConfigCharacter
                0x08001800       0x3c src/uart.o
 .text.LL_USART_SetBaudRate
                0x0800183c      0x16c src/uart.o
 .text.LL_USART_IsActiveFlag_RXNE
                0x080019a8       0x24 src/uart.o
 .text.LL_USART_IsActiveFlag_TXE
                0x080019cc       0x24 src/uart.o
 .text.LL_USART_EnableIT_RXNE
                0x080019f0       0x1e src/uart.o
 .text.LL_USART_EnableIT_TXE
                0x08001a0e       0x1e src/uart.o
 .text.LL_USART_DisableIT_TXE
                0x08001a2c       0x1e src/uart.o
 .text.LL_USART_ReceiveData8
                0x08001a4a       0x18 src/uart.o
 .text.LL_USART_TransmitData8
                0x08001a62       0x1c src/uart.o
 *fill*         0x08001a7e        0x2 
 .text.UartInit
                0x08001a80       0xec src/uart.o
                0x08001a80                UartInit
 .text.UartCharWrite
                0x08001b6c       0x68 src/uart.o
                0x08001b6c                UartCharWrite
 .text.__io_putchar
                0x08001bd4       0x1a src/uart.o
                0x08001bd4                __io_putchar
 *fill*         0x08001bee        0x2 
 .text.USART2_IRQHandler
                0x08001bf0       0xcc src/uart.o
                0x08001bf0                USART2_IRQHandler
 .text.Reset_Handler
                0x08001cbc       0x48 startup/startup_stm32l152xe.o
                0x08001cbc                Reset_Handler
 .text.Default_Handler
                0x08001d04        0x2 startup/startup_stm32l152xe.o
                0x08001d04                RTC_Alarm_IRQHandler
                0x08001d04                EXTI2_IRQHandler
                0x08001d04                COMP_ACQ_IRQHandler
                0x08001d04                DebugMon_Handler
                0x08001d04                HardFault_Handler
                0x08001d04                TIM10_IRQHandler
                0x08001d04                USB_HP_IRQHandler
                0x08001d04                TIM6_IRQHandler
                0x08001d04                PVD_IRQHandler
                0x08001d04                PendSV_Handler
                0x08001d04                NMI_Handler
                0x08001d04                EXTI3_IRQHandler
                0x08001d04                EXTI0_IRQHandler
                0x08001d04                I2C2_EV_IRQHandler
                0x08001d04                UsageFault_Handler
                0x08001d04                SPI1_IRQHandler
                0x08001d04                USB_FS_WKUP_IRQHandler
                0x08001d04                DMA2_Channel2_IRQHandler
                0x08001d04                DMA1_Channel4_IRQHandler
                0x08001d04                ADC1_IRQHandler
                0x08001d04                USART3_IRQHandler
                0x08001d04                DMA1_Channel7_IRQHandler
                0x08001d04                LCD_IRQHandler
                0x08001d04                UART5_IRQHandler
                0x08001d04                TIM4_IRQHandler
                0x08001d04                DMA2_Channel1_IRQHandler
                0x08001d04                I2C1_EV_IRQHandler
                0x08001d04                DMA1_Channel6_IRQHandler
                0x08001d04                UART4_IRQHandler
                0x08001d04                DMA2_Channel4_IRQHandler
                0x08001d04                TIM3_IRQHandler
                0x08001d04                RCC_IRQHandler
                0x08001d04                DMA1_Channel1_IRQHandler
                0x08001d04                Default_Handler
                0x08001d04                EXTI15_10_IRQHandler
                0x08001d04                TIM7_IRQHandler
                0x08001d04                TIM5_IRQHandler
                0x08001d04                EXTI9_5_IRQHandler
                0x08001d04                TIM9_IRQHandler
                0x08001d04                TAMPER_STAMP_IRQHandler
                0x08001d04                RTC_WKUP_IRQHandler
                0x08001d04                SPI2_IRQHandler
                0x08001d04                MemManage_Handler
                0x08001d04                SVC_Handler
                0x08001d04                DMA2_Channel5_IRQHandler
                0x08001d04                DMA1_Channel5_IRQHandler
                0x08001d04                USB_LP_IRQHandler
                0x08001d04                EXTI4_IRQHandler
                0x08001d04                DMA1_Channel3_IRQHandler
                0x08001d04                COMP_IRQHandler
                0x08001d04                WWDG_IRQHandler
                0x08001d04                TIM2_IRQHandler
                0x08001d04                DAC_IRQHandler
                0x08001d04                EXTI1_IRQHandler
                0x08001d04                TIM11_IRQHandler
                0x08001d04                I2C2_ER_IRQHandler
                0x08001d04                DMA1_Channel2_IRQHandler
                0x08001d04                FLASH_IRQHandler
                0x08001d04                BusFault_Handler
                0x08001d04                USART1_IRQHandler
                0x08001d04                SPI3_IRQHandler
                0x08001d04                I2C1_ER_IRQHandler
                0x08001d04                DMA2_Channel3_IRQHandler
 *fill*         0x08001d06        0x2 
 .text.HAL_IncTick
                0x08001d08       0x1c C:\Users\jared\workspace\nucleo-l152re_hal_lib\Debug\libnucleo-l152re_hal_lib.a(stm32l1xx_hal.o)
                0x08001d08                HAL_IncTick
 .text.HAL_SYSTICK_IRQHandler
                0x08001d24        0xc C:\Users\jared\workspace\nucleo-l152re_hal_lib\Debug\libnucleo-l152re_hal_lib.a(stm32l1xx_hal_cortex.o)
                0x08001d24                HAL_SYSTICK_IRQHandler
 .text.HAL_SYSTICK_Callback
                0x08001d30        0xc C:\Users\jared\workspace\nucleo-l152re_hal_lib\Debug\libnucleo-l152re_hal_lib.a(stm32l1xx_hal_cortex.o)
                0x08001d30                HAL_SYSTICK_Callback
 .text.LL_InitTick
                0x08001d3c       0x34 C:\Users\jared\workspace\nucleo-l152re_hal_lib\Debug\libnucleo-l152re_hal_lib.a(stm32l1xx_ll_utils.o)
 .text.LL_Init1msTick
                0x08001d70       0x1a C:\Users\jared\workspace\nucleo-l152re_hal_lib\Debug\libnucleo-l152re_hal_lib.a(stm32l1xx_ll_utils.o)
                0x08001d70                LL_Init1msTick
 *fill*         0x08001d8a        0x2 
 .text.LL_SetSystemCoreClock
                0x08001d8c       0x1c C:\Users\jared\workspace\nucleo-l152re_hal_lib\Debug\libnucleo-l152re_hal_lib.a(stm32l1xx_ll_utils.o)
                0x08001d8c                LL_SetSystemCoreClock
 .text.__errno  0x08001da8        0xc c:/ac6/systemworkbench/plugins/fr.ac6.mcu.externaltools.arm-none.win32_1.17.0.201812190825/tools/compiler/bin/../lib/gcc/arm-none-eabi/7.3.1/../../../../arm-none-eabi/lib/thumb/v7-m\libc.a(lib_a-errno.o)
                0x08001da8                __errno
 .text.__libc_init_array
                0x08001db4       0x48 c:/ac6/systemworkbench/plugins/fr.ac6.mcu.externaltools.arm-none.win32_1.17.0.201812190825/tools/compiler/bin/../lib/gcc/arm-none-eabi/7.3.1/../../../../arm-none-eabi/lib/thumb/v7-m\libc.a(lib_a-init.o)
                0x08001db4                __libc_init_array
 .text.memset   0x08001dfc       0x94 c:/ac6/systemworkbench/plugins/fr.ac6.mcu.externaltools.arm-none.win32_1.17.0.201812190825/tools/compiler/bin/../lib/gcc/arm-none-eabi/7.3.1/../../../../arm-none-eabi/lib/thumb/v7-m\libc.a(lib_a-memset.o)
                0x08001dfc                memset
 .text.printf   0x08001e90       0x28 c:/ac6/systemworkbench/plugins/fr.ac6.mcu.externaltools.arm-none.win32_1.17.0.201812190825/tools/compiler/bin/../lib/gcc/arm-none-eabi/7.3.1/../../../../arm-none-eabi/lib/thumb/v7-m\libc.a(lib_a-printf.o)
                0x08001e90                printf
 .text._puts_r  0x08001eb8       0x9c c:/ac6/systemworkbench/plugins/fr.ac6.mcu.externaltools.arm-none.win32_1.17.0.201812190825/tools/compiler/bin/../lib/gcc/arm-none-eabi/7.3.1/../../../../arm-none-eabi/lib/thumb/v7-m\libc.a(lib_a-puts.o)
                0x08001eb8                _puts_r
 .text.puts     0x08001f54       0x10 c:/ac6/systemworkbench/plugins/fr.ac6.mcu.externaltools.arm-none.win32_1.17.0.201812190825/tools/compiler/bin/../lib/gcc/arm-none-eabi/7.3.1/../../../../arm-none-eabi/lib/thumb/v7-m\libc.a(lib_a-puts.o)
                0x08001f54                puts
 .text.strlen   0x08001f64       0x5c c:/ac6/systemworkbench/plugins/fr.ac6.mcu.externaltools.arm-none.win32_1.17.0.201812190825/tools/compiler/bin/../lib/gcc/arm-none-eabi/7.3.1/../../../../arm-none-eabi/lib/thumb/v7-m\libc.a(lib_a-strlen-stub.o)
                0x08001f64                strlen
 .text._vfprintf_r
                0x08001fc0     0x1ac0 c:/ac6/systemworkbench/plugins/fr.ac6.mcu.externaltools.arm-none.win32_1.17.0.201812190825/tools/compiler/bin/../lib/gcc/arm-none-eabi/7.3.1/../../../../arm-none-eabi/lib/thumb/v7-m\libc.a(lib_a-vfprintf.o)
                0x08001fc0                _vfprintf_r
 .text.__sbprintf
                0x08003a80       0x88 c:/ac6/systemworkbench/plugins/fr.ac6.mcu.externaltools.arm-none.win32_1.17.0.201812190825/tools/compiler/bin/../lib/gcc/arm-none-eabi/7.3.1/../../../../arm-none-eabi/lib/thumb/v7-m\libc.a(lib_a-vfprintf.o)
 .text.__swsetup_r
                0x08003b08       0xcc c:/ac6/systemworkbench/plugins/fr.ac6.mcu.externaltools.arm-none.win32_1.17.0.201812190825/tools/compiler/bin/../lib/gcc/arm-none-eabi/7.3.1/../../../../arm-none-eabi/lib/thumb/v7-m\libc.a(lib_a-wsetup.o)
                0x08003b08                __swsetup_r
 .text.startup.register_fini
                0x08003bd4       0x14 c:/ac6/systemworkbench/plugins/fr.ac6.mcu.externaltools.arm-none.win32_1.17.0.201812190825/tools/compiler/bin/../lib/gcc/arm-none-eabi/7.3.1/../../../../arm-none-eabi/lib/thumb/v7-m\libc.a(lib_a-__call_atexit.o)
 .text.atexit   0x08003be8        0xc c:/ac6/systemworkbench/plugins/fr.ac6.mcu.externaltools.arm-none.win32_1.17.0.201812190825/tools/compiler/bin/../lib/gcc/arm-none-eabi/7.3.1/../../../../arm-none-eabi/lib/thumb/v7-m\libc.a(lib_a-atexit.o)
                0x08003be8                atexit
 .text.quorem   0x08003bf4      0x124 c:/ac6/systemworkbench/plugins/fr.ac6.mcu.externaltools.arm-none.win32_1.17.0.201812190825/tools/compiler/bin/../lib/gcc/arm-none-eabi/7.3.1/../../../../arm-none-eabi/lib/thumb/v7-m\libc.a(lib_a-dtoa.o)
 .text._dtoa_r  0x08003d18      0xe30 c:/ac6/systemworkbench/plugins/fr.ac6.mcu.externaltools.arm-none.win32_1.17.0.201812190825/tools/compiler/bin/../lib/gcc/arm-none-eabi/7.3.1/../../../../arm-none-eabi/lib/thumb/v7-m\libc.a(lib_a-dtoa.o)
                0x08003d18                _dtoa_r
 .text.__sflush_r
                0x08004b48      0x154 c:/ac6/systemworkbench/plugins/fr.ac6.mcu.externaltools.arm-none.win32_1.17.0.201812190825/tools/compiler/bin/../lib/gcc/arm-none-eabi/7.3.1/../../../../arm-none-eabi/lib/thumb/v7-m\libc.a(lib_a-fflush.o)
                0x08004b48                __sflush_r
 .text._fflush_r
                0x08004c9c       0x5c c:/ac6/systemworkbench/plugins/fr.ac6.mcu.externaltools.arm-none.win32_1.17.0.201812190825/tools/compiler/bin/../lib/gcc/arm-none-eabi/7.3.1/../../../../arm-none-eabi/lib/thumb/v7-m\libc.a(lib_a-fflush.o)
                0x08004c9c                _fflush_r
 .text.std      0x08004cf8       0x50 c:/ac6/systemworkbench/plugins/fr.ac6.mcu.externaltools.arm-none.win32_1.17.0.201812190825/tools/compiler/bin/../lib/gcc/arm-none-eabi/7.3.1/../../../../arm-none-eabi/lib/thumb/v7-m\libc.a(lib_a-findfp.o)
 .text._cleanup_r
                0x08004d48        0xc c:/ac6/systemworkbench/plugins/fr.ac6.mcu.externaltools.arm-none.win32_1.17.0.201812190825/tools/compiler/bin/../lib/gcc/arm-none-eabi/7.3.1/../../../../arm-none-eabi/lib/thumb/v7-m\libc.a(lib_a-findfp.o)
                0x08004d48                _cleanup_r
 .text.__sinit  0x08004d54       0x60 c:/ac6/systemworkbench/plugins/fr.ac6.mcu.externaltools.arm-none.win32_1.17.0.201812190825/tools/compiler/bin/../lib/gcc/arm-none-eabi/7.3.1/../../../../arm-none-eabi/lib/thumb/v7-m\libc.a(lib_a-findfp.o)
                0x08004d54                __sinit
 .text.__sfp_lock_acquire
                0x08004db4        0xc c:/ac6/systemworkbench/plugins/fr.ac6.mcu.externaltools.arm-none.win32_1.17.0.201812190825/tools/compiler/bin/../lib/gcc/arm-none-eabi/7.3.1/../../../../arm-none-eabi/lib/thumb/v7-m\libc.a(lib_a-findfp.o)
                0x08004db4                __sfp_lock_acquire
 .text.__sfp_lock_release
                0x08004dc0        0xc c:/ac6/systemworkbench/plugins/fr.ac6.mcu.externaltools.arm-none.win32_1.17.0.201812190825/tools/compiler/bin/../lib/gcc/arm-none-eabi/7.3.1/../../../../arm-none-eabi/lib/thumb/v7-m\libc.a(lib_a-findfp.o)
                0x08004dc0                __sfp_lock_release
 .text.__libc_fini_array
                0x08004dcc       0x34 c:/ac6/systemworkbench/plugins/fr.ac6.mcu.externaltools.arm-none.win32_1.17.0.201812190825/tools/compiler/bin/../lib/gcc/arm-none-eabi/7.3.1/../../../../arm-none-eabi/lib/thumb/v7-m\libc.a(lib_a-fini.o)
                0x08004dcc                __libc_fini_array
 .text._malloc_trim_r
                0x08004e00       0xa0 c:/ac6/systemworkbench/plugins/fr.ac6.mcu.externaltools.arm-none.win32_1.17.0.201812190825/tools/compiler/bin/../lib/gcc/arm-none-eabi/7.3.1/../../../../arm-none-eabi/lib/thumb/v7-m\libc.a(lib_a-freer.o)
                0x08004e00                _malloc_trim_r
 .text._free_r  0x08004ea0      0x1e8 c:/ac6/systemworkbench/plugins/fr.ac6.mcu.externaltools.arm-none.win32_1.17.0.201812190825/tools/compiler/bin/../lib/gcc/arm-none-eabi/7.3.1/../../../../arm-none-eabi/lib/thumb/v7-m\libc.a(lib_a-freer.o)
                0x08004ea0                _free_r
 .text.__sfvwrite_r
                0x08005088      0x2f4 c:/ac6/systemworkbench/plugins/fr.ac6.mcu.externaltools.arm-none.win32_1.17.0.201812190825/tools/compiler/bin/../lib/gcc/arm-none-eabi/7.3.1/../../../../arm-none-eabi/lib/thumb/v7-m\libc.a(lib_a-fvwrite.o)
                0x08005088                __sfvwrite_r
 .text._fwalk_reent
                0x0800537c       0x50 c:/ac6/systemworkbench/plugins/fr.ac6.mcu.externaltools.arm-none.win32_1.17.0.201812190825/tools/compiler/bin/../lib/gcc/arm-none-eabi/7.3.1/../../../../arm-none-eabi/lib/thumb/v7-m\libc.a(lib_a-fwalk.o)
                0x0800537c                _fwalk_reent
 .text._localeconv_r
                0x080053cc       0x1c c:/ac6/systemworkbench/plugins/fr.ac6.mcu.externaltools.arm-none.win32_1.17.0.201812190825/tools/compiler/bin/../lib/gcc/arm-none-eabi/7.3.1/../../../../arm-none-eabi/lib/thumb/v7-m\libc.a(lib_a-localeconv.o)
                0x080053cc                _localeconv_r
 .text.__retarget_lock_init_recursive
                0x080053e8        0x4 c:/ac6/systemworkbench/plugins/fr.ac6.mcu.externaltools.arm-none.win32_1.17.0.201812190825/tools/compiler/bin/../lib/gcc/arm-none-eabi/7.3.1/../../../../arm-none-eabi/lib/thumb/v7-m\libc.a(lib_a-lock.o)
                0x080053e8                __retarget_lock_init_recursive
 .text.__retarget_lock_close_recursive
                0x080053ec        0x4 c:/ac6/systemworkbench/plugins/fr.ac6.mcu.externaltools.arm-none.win32_1.17.0.201812190825/tools/compiler/bin/../lib/gcc/arm-none-eabi/7.3.1/../../../../arm-none-eabi/lib/thumb/v7-m\libc.a(lib_a-lock.o)
                0x080053ec                __retarget_lock_close_recursive
 .text.__retarget_lock_acquire_recursive
                0x080053f0        0x4 c:/ac6/systemworkbench/plugins/fr.ac6.mcu.externaltools.arm-none.win32_1.17.0.201812190825/tools/compiler/bin/../lib/gcc/arm-none-eabi/7.3.1/../../../../arm-none-eabi/lib/thumb/v7-m\libc.a(lib_a-lock.o)
                0x080053f0                __retarget_lock_acquire_recursive
 .text.__retarget_lock_release_recursive
                0x080053f4        0x4 c:/ac6/systemworkbench/plugins/fr.ac6.mcu.externaltools.arm-none.win32_1.17.0.201812190825/tools/compiler/bin/../lib/gcc/arm-none-eabi/7.3.1/../../../../arm-none-eabi/lib/thumb/v7-m\libc.a(lib_a-lock.o)
                0x080053f4                __retarget_lock_release_recursive
 .text.__swhatbuf_r
                0x080053f8       0x5c c:/ac6/systemworkbench/plugins/fr.ac6.mcu.externaltools.arm-none.win32_1.17.0.201812190825/tools/compiler/bin/../lib/gcc/arm-none-eabi/7.3.1/../../../../arm-none-eabi/lib/thumb/v7-m\libc.a(lib_a-makebuf.o)
                0x080053f8                __swhatbuf_r
 .text.__smakebuf_r
                0x08005454       0x94 c:/ac6/systemworkbench/plugins/fr.ac6.mcu.externaltools.arm-none.win32_1.17.0.201812190825/tools/compiler/bin/../lib/gcc/arm-none-eabi/7.3.1/../../../../arm-none-eabi/lib/thumb/v7-m\libc.a(lib_a-makebuf.o)
                0x08005454                __smakebuf_r
 .text._malloc_r
                0x080054e8      0x524 c:/ac6/systemworkbench/plugins/fr.ac6.mcu.externaltools.arm-none.win32_1.17.0.201812190825/tools/compiler/bin/../lib/gcc/arm-none-eabi/7.3.1/../../../../arm-none-eabi/lib/thumb/v7-m\libc.a(lib_a-mallocr.o)
                0x080054e8                _malloc_r
 .text.memchr   0x08005a0c       0x8c c:/ac6/systemworkbench/plugins/fr.ac6.mcu.externaltools.arm-none.win32_1.17.0.201812190825/tools/compiler/bin/../lib/gcc/arm-none-eabi/7.3.1/../../../../arm-none-eabi/lib/thumb/v7-m\libc.a(lib_a-memchr-stub.o)
                0x08005a0c                memchr
 .text.memmove  0x08005a98       0xc4 c:/ac6/systemworkbench/plugins/fr.ac6.mcu.externaltools.arm-none.win32_1.17.0.201812190825/tools/compiler/bin/../lib/gcc/arm-none-eabi/7.3.1/../../../../arm-none-eabi/lib/thumb/v7-m\libc.a(lib_a-memmove.o)
                0x08005a98                memmove
 .text.__malloc_lock
                0x08005b5c        0xc c:/ac6/systemworkbench/plugins/fr.ac6.mcu.externaltools.arm-none.win32_1.17.0.201812190825/tools/compiler/bin/../lib/gcc/arm-none-eabi/7.3.1/../../../../arm-none-eabi/lib/thumb/v7-m\libc.a(lib_a-mlock.o)
                0x08005b5c                __malloc_lock
 .text.__malloc_unlock
                0x08005b68        0xc c:/ac6/systemworkbench/plugins/fr.ac6.mcu.externaltools.arm-none.win32_1.17.0.201812190825/tools/compiler/bin/../lib/gcc/arm-none-eabi/7.3.1/../../../../arm-none-eabi/lib/thumb/v7-m\libc.a(lib_a-mlock.o)
                0x08005b68                __malloc_unlock
 .text._Balloc  0x08005b74       0x4c c:/ac6/systemworkbench/plugins/fr.ac6.mcu.externaltools.arm-none.win32_1.17.0.201812190825/tools/compiler/bin/../lib/gcc/arm-none-eabi/7.3.1/../../../../arm-none-eabi/lib/thumb/v7-m\libc.a(lib_a-mprec.o)
                0x08005b74                _Balloc
 .text._Bfree   0x08005bc0       0x14 c:/ac6/systemworkbench/plugins/fr.ac6.mcu.externaltools.arm-none.win32_1.17.0.201812190825/tools/compiler/bin/../lib/gcc/arm-none-eabi/7.3.1/../../../../arm-none-eabi/lib/thumb/v7-m\libc.a(lib_a-mprec.o)
                0x08005bc0                _Bfree
 .text.__multadd
                0x08005bd4       0x84 c:/ac6/systemworkbench/plugins/fr.ac6.mcu.externaltools.arm-none.win32_1.17.0.201812190825/tools/compiler/bin/../lib/gcc/arm-none-eabi/7.3.1/../../../../arm-none-eabi/lib/thumb/v7-m\libc.a(lib_a-mprec.o)
                0x08005bd4                __multadd
 .text.__hi0bits
                0x08005c58       0x40 c:/ac6/systemworkbench/plugins/fr.ac6.mcu.externaltools.arm-none.win32_1.17.0.201812190825/tools/compiler/bin/../lib/gcc/arm-none-eabi/7.3.1/../../../../arm-none-eabi/lib/thumb/v7-m\libc.a(lib_a-mprec.o)
                0x08005c58                __hi0bits
 .text.__lo0bits
                0x08005c98       0x60 c:/ac6/systemworkbench/plugins/fr.ac6.mcu.externaltools.arm-none.win32_1.17.0.201812190825/tools/compiler/bin/../lib/gcc/arm-none-eabi/7.3.1/../../../../arm-none-eabi/lib/thumb/v7-m\libc.a(lib_a-mprec.o)
                0x08005c98                __lo0bits
 .text.__i2b    0x08005cf8       0x14 c:/ac6/systemworkbench/plugins/fr.ac6.mcu.externaltools.arm-none.win32_1.17.0.201812190825/tools/compiler/bin/../lib/gcc/arm-none-eabi/7.3.1/../../../../arm-none-eabi/lib/thumb/v7-m\libc.a(lib_a-mprec.o)
                0x08005cf8                __i2b
 .text.__multiply
                0x08005d0c      0x14c c:/ac6/systemworkbench/plugins/fr.ac6.mcu.externaltools.arm-none.win32_1.17.0.201812190825/tools/compiler/bin/../lib/gcc/arm-none-eabi/7.3.1/../../../../arm-none-eabi/lib/thumb/v7-m\libc.a(lib_a-mprec.o)
                0x08005d0c                __multiply
 .text.__pow5mult
                0x08005e58       0xa0 c:/ac6/systemworkbench/plugins/fr.ac6.mcu.externaltools.arm-none.win32_1.17.0.201812190825/tools/compiler/bin/../lib/gcc/arm-none-eabi/7.3.1/../../../../arm-none-eabi/lib/thumb/v7-m\libc.a(lib_a-mprec.o)
                0x08005e58                __pow5mult
 .text.__lshift
                0x08005ef8       0xb4 c:/ac6/systemworkbench/plugins/fr.ac6.mcu.externaltools.arm-none.win32_1.17.0.201812190825/tools/compiler/bin/../lib/gcc/arm-none-eabi/7.3.1/../../../../arm-none-eabi/lib/thumb/v7-m\libc.a(lib_a-mprec.o)
                0x08005ef8                __lshift
 .text.__mcmp   0x08005fac       0x38 c:/ac6/systemworkbench/plugins/fr.ac6.mcu.externaltools.arm-none.win32_1.17.0.201812190825/tools/compiler/bin/../lib/gcc/arm-none-eabi/7.3.1/../../../../arm-none-eabi/lib/thumb/v7-m\libc.a(lib_a-mprec.o)
                0x08005fac                __mcmp
 .text.__mdiff  0x08005fe4      0x100 c:/ac6/systemworkbench/plugins/fr.ac6.mcu.externaltools.arm-none.win32_1.17.0.201812190825/tools/compiler/bin/../lib/gcc/arm-none-eabi/7.3.1/../../../../arm-none-eabi/lib/thumb/v7-m\libc.a(lib_a-mprec.o)
                0x08005fe4                __mdiff
 .text.__d2b    0x080060e4       0xb0 c:/ac6/systemworkbench/plugins/fr.ac6.mcu.externaltools.arm-none.win32_1.17.0.201812190825/tools/compiler/bin/../lib/gcc/arm-none-eabi/7.3.1/../../../../arm-none-eabi/lib/thumb/v7-m\libc.a(lib_a-mprec.o)
                0x080060e4                __d2b
 .text._realloc_r
                0x08006194      0x374 c:/ac6/systemworkbench/plugins/fr.ac6.mcu.externaltools.arm-none.win32_1.17.0.201812190825/tools/compiler/bin/../lib/gcc/arm-none-eabi/7.3.1/../../../../arm-none-eabi/lib/thumb/v7-m\libc.a(lib_a-reallocr.o)
                0x08006194                _realloc_r
 .text.frexp    0x08006508       0x64 c:/ac6/systemworkbench/plugins/fr.ac6.mcu.externaltools.arm-none.win32_1.17.0.201812190825/tools/compiler/bin/../lib/gcc/arm-none-eabi/7.3.1/../../../../arm-none-eabi/lib/thumb/v7-m\libc.a(lib_a-s_frexp.o)
                0x08006508                frexp
 .text._sbrk_r  0x0800656c       0x24 c:/ac6/systemworkbench/plugins/fr.ac6.mcu.externaltools.arm-none.win32_1.17.0.201812190825/tools/compiler/bin/../lib/gcc/arm-none-eabi/7.3.1/../../../../arm-none-eabi/lib/thumb/v7-m\libc.a(lib_a-sbrkr.o)
                0x0800656c                _sbrk_r
 .text.__sread  0x08006590       0x24 c:/ac6/systemworkbench/plugins/fr.ac6.mcu.externaltools.arm-none.win32_1.17.0.201812190825/tools/compiler/bin/../lib/gcc/arm-none-eabi/7.3.1/../../../../arm-none-eabi/lib/thumb/v7-m\libc.a(lib_a-stdio.o)
                0x08006590                __sread
 .text.__swrite
                0x080065b4       0x3c c:/ac6/systemworkbench/plugins/fr.ac6.mcu.externaltools.arm-none.win32_1.17.0.201812190825/tools/compiler/bin/../lib/gcc/arm-none-eabi/7.3.1/../../../../arm-none-eabi/lib/thumb/v7-m\libc.a(lib_a-stdio.o)
                0x080065b4                __swrite
 .text.__sseek  0x080065f0       0x20 c:/ac6/systemworkbench/plugins/fr.ac6.mcu.externaltools.arm-none.win32_1.17.0.201812190825/tools/compiler/bin/../lib/gcc/arm-none-eabi/7.3.1/../../../../arm-none-eabi/lib/thumb/v7-m\libc.a(lib_a-stdio.o)
                0x080065f0                __sseek
 .text.__sclose
                0x08006610        0x8 c:/ac6/systemworkbench/plugins/fr.ac6.mcu.externaltools.arm-none.win32_1.17.0.201812190825/tools/compiler/bin/../lib/gcc/arm-none-eabi/7.3.1/../../../../arm-none-eabi/lib/thumb/v7-m\libc.a(lib_a-stdio.o)
                0x08006610                __sclose
 .text.strncpy  0x08006618       0x64 c:/ac6/systemworkbench/plugins/fr.ac6.mcu.externaltools.arm-none.win32_1.17.0.201812190825/tools/compiler/bin/../lib/gcc/arm-none-eabi/7.3.1/../../../../arm-none-eabi/lib/thumb/v7-m\libc.a(lib_a-strncpy.o)
                0x08006618                strncpy
 .text.__sprint_r.part.0
                0x0800667c       0x78 c:/ac6/systemworkbench/plugins/fr.ac6.mcu.externaltools.arm-none.win32_1.17.0.201812190825/tools/compiler/bin/../lib/gcc/arm-none-eabi/7.3.1/../../../../arm-none-eabi/lib/thumb/v7-m\libc.a(lib_a-vfiprintf.o)
 .text.__sprint_r
                0x080066f4       0x14 c:/ac6/systemworkbench/plugins/fr.ac6.mcu.externaltools.arm-none.win32_1.17.0.201812190825/tools/compiler/bin/../lib/gcc/arm-none-eabi/7.3.1/../../../../arm-none-eabi/lib/thumb/v7-m\libc.a(lib_a-vfiprintf.o)
                0x080066f4                __sprint_r
 .text._write_r
                0x08006708       0x2c c:/ac6/systemworkbench/plugins/fr.ac6.mcu.externaltools.arm-none.win32_1.17.0.201812190825/tools/compiler/bin/../lib/gcc/arm-none-eabi/7.3.1/../../../../arm-none-eabi/lib/thumb/v7-m\libc.a(lib_a-writer.o)
                0x08006708                _write_r
 .text.__register_exitproc
                0x08006734       0xc0 c:/ac6/systemworkbench/plugins/fr.ac6.mcu.externaltools.arm-none.win32_1.17.0.201812190825/tools/compiler/bin/../lib/gcc/arm-none-eabi/7.3.1/../../../../arm-none-eabi/lib/thumb/v7-m\libc.a(lib_a-__atexit.o)
                0x08006734                __register_exitproc
 .text._calloc_r
                0x080067f4       0x6c c:/ac6/systemworkbench/plugins/fr.ac6.mcu.externaltools.arm-none.win32_1.17.0.201812190825/tools/compiler/bin/../lib/gcc/arm-none-eabi/7.3.1/../../../../arm-none-eabi/lib/thumb/v7-m\libc.a(lib_a-callocr.o)
                0x080067f4                _calloc_r
 .text._close_r
                0x08006860       0x24 c:/ac6/systemworkbench/plugins/fr.ac6.mcu.externaltools.arm-none.win32_1.17.0.201812190825/tools/compiler/bin/../lib/gcc/arm-none-eabi/7.3.1/../../../../arm-none-eabi/lib/thumb/v7-m\libc.a(lib_a-closer.o)
                0x08006860                _close_r
 .text._fclose_r
                0x08006884       0xd0 c:/ac6/systemworkbench/plugins/fr.ac6.mcu.externaltools.arm-none.win32_1.17.0.201812190825/tools/compiler/bin/../lib/gcc/arm-none-eabi/7.3.1/../../../../arm-none-eabi/lib/thumb/v7-m\libc.a(lib_a-fclose.o)
                0x08006884                _fclose_r
 .text.__fputwc
                0x08006954       0x94 c:/ac6/systemworkbench/plugins/fr.ac6.mcu.externaltools.arm-none.win32_1.17.0.201812190825/tools/compiler/bin/../lib/gcc/arm-none-eabi/7.3.1/../../../../arm-none-eabi/lib/thumb/v7-m\libc.a(lib_a-fputwc.o)
                0x08006954                __fputwc
 .text._fputwc_r
                0x080069e8       0x64 c:/ac6/systemworkbench/plugins/fr.ac6.mcu.externaltools.arm-none.win32_1.17.0.201812190825/tools/compiler/bin/../lib/gcc/arm-none-eabi/7.3.1/../../../../arm-none-eabi/lib/thumb/v7-m\libc.a(lib_a-fputwc.o)
                0x080069e8                _fputwc_r
 .text._fstat_r
                0x08006a4c       0x28 c:/ac6/systemworkbench/plugins/fr.ac6.mcu.externaltools.arm-none.win32_1.17.0.201812190825/tools/compiler/bin/../lib/gcc/arm-none-eabi/7.3.1/../../../../arm-none-eabi/lib/thumb/v7-m\libc.a(lib_a-fstatr.o)
                0x08006a4c                _fstat_r
 .text._isatty_r
                0x08006a74       0x24 c:/ac6/systemworkbench/plugins/fr.ac6.mcu.externaltools.arm-none.win32_1.17.0.201812190825/tools/compiler/bin/../lib/gcc/arm-none-eabi/7.3.1/../../../../arm-none-eabi/lib/thumb/v7-m\libc.a(lib_a-isattyr.o)
                0x08006a74                _isatty_r
 .text.__locale_mb_cur_max
                0x08006a98       0x1c c:/ac6/systemworkbench/plugins/fr.ac6.mcu.externaltools.arm-none.win32_1.17.0.201812190825/tools/compiler/bin/../lib/gcc/arm-none-eabi/7.3.1/../../../../arm-none-eabi/lib/thumb/v7-m\libc.a(lib_a-locale.o)
                0x08006a98                __locale_mb_cur_max
 .text._lseek_r
                0x08006ab4       0x2c c:/ac6/systemworkbench/plugins/fr.ac6.mcu.externaltools.arm-none.win32_1.17.0.201812190825/tools/compiler/bin/../lib/gcc/arm-none-eabi/7.3.1/../../../../arm-none-eabi/lib/thumb/v7-m\libc.a(lib_a-lseekr.o)
                0x08006ab4                _lseek_r
 .text.__ascii_mbtowc
                0x08006ae0       0x2c c:/ac6/systemworkbench/plugins/fr.ac6.mcu.externaltools.arm-none.win32_1.17.0.201812190825/tools/compiler/bin/../lib/gcc/arm-none-eabi/7.3.1/../../../../arm-none-eabi/lib/thumb/v7-m\libc.a(lib_a-mbtowc_r.o)
                0x08006ae0                __ascii_mbtowc
 .text._read_r  0x08006b0c       0x2c c:/ac6/systemworkbench/plugins/fr.ac6.mcu.externaltools.arm-none.win32_1.17.0.201812190825/tools/compiler/bin/../lib/gcc/arm-none-eabi/7.3.1/../../../../arm-none-eabi/lib/thumb/v7-m\libc.a(lib_a-readr.o)
                0x08006b0c                _read_r
 .text.__swbuf_r
                0x08006b38       0xb0 c:/ac6/systemworkbench/plugins/fr.ac6.mcu.externaltools.arm-none.win32_1.17.0.201812190825/tools/compiler/bin/../lib/gcc/arm-none-eabi/7.3.1/../../../../arm-none-eabi/lib/thumb/v7-m\libc.a(lib_a-wbuf.o)
                0x08006b38                __swbuf_r
 .text._wcrtomb_r
                0x08006be8       0x54 c:/ac6/systemworkbench/plugins/fr.ac6.mcu.externaltools.arm-none.win32_1.17.0.201812190825/tools/compiler/bin/../lib/gcc/arm-none-eabi/7.3.1/../../../../arm-none-eabi/lib/thumb/v7-m\libc.a(lib_a-wcrtomb.o)
                0x08006be8                _wcrtomb_r
 .text.__ascii_wctomb
                0x08006c3c       0x18 c:/ac6/systemworkbench/plugins/fr.ac6.mcu.externaltools.arm-none.win32_1.17.0.201812190825/tools/compiler/bin/../lib/gcc/arm-none-eabi/7.3.1/../../../../arm-none-eabi/lib/thumb/v7-m\libc.a(lib_a-wctomb_r.o)
                0x08006c3c                __ascii_wctomb
 *(.glue_7)
 .glue_7        0x08006c54        0x0 linker stubs
 *(.glue_7t)
 .glue_7t       0x08006c54        0x0 linker stubs
 *(.eh_frame)
 .eh_frame      0x08006c54        0x0 c:/ac6/systemworkbench/plugins/fr.ac6.mcu.externaltools.arm-none.win32_1.17.0.201812190825/tools/compiler/bin/../lib/gcc/arm-none-eabi/7.3.1/thumb/v7-m/crtbegin.o
 *(.init)
 .init          0x08006c54        0x4 c:/ac6/systemworkbench/plugins/fr.ac6.mcu.externaltools.arm-none.win32_1.17.0.201812190825/tools/compiler/bin/../lib/gcc/arm-none-eabi/7.3.1/thumb/v7-m/crti.o
                0x08006c54                _init
 .init          0x08006c58        0x8 c:/ac6/systemworkbench/plugins/fr.ac6.mcu.externaltools.arm-none.win32_1.17.0.201812190825/tools/compiler/bin/../lib/gcc/arm-none-eabi/7.3.1/thumb/v7-m/crtn.o
 *(.fini)
 .fini          0x08006c60        0x4 c:/ac6/systemworkbench/plugins/fr.ac6.mcu.externaltools.arm-none.win32_1.17.0.201812190825/tools/compiler/bin/../lib/gcc/arm-none-eabi/7.3.1/thumb/v7-m/crti.o
                0x08006c60                _fini
 .fini          0x08006c64        0x8 c:/ac6/systemworkbench/plugins/fr.ac6.mcu.externaltools.arm-none.win32_1.17.0.201812190825/tools/compiler/bin/../lib/gcc/arm-none-eabi/7.3.1/thumb/v7-m/crtn.o
                0x08006c6c                . = ALIGN (0x4)
                0x08006c6c                _etext = .

.vfp11_veneer   0x08006c6c        0x0
 .vfp11_veneer  0x08006c6c        0x0 linker stubs

.v4_bx          0x08006c6c        0x0
 .v4_bx         0x08006c6c        0x0 linker stubs

.iplt           0x08006c6c        0x0
 .iplt          0x08006c6c        0x0 c:/ac6/systemworkbench/plugins/fr.ac6.mcu.externaltools.arm-none.win32_1.17.0.201812190825/tools/compiler/bin/../lib/gcc/arm-none-eabi/7.3.1/thumb/v7-m/crtbegin.o

.rodata         0x08006c70      0x2c0
                0x08006c70                . = ALIGN (0x4)
 *(.rodata)
 .rodata        0x08006c70       0x34 src/main.o
 *(.rodata*)
 .rodata._global_impure_ptr
                0x08006ca4        0x4 c:/ac6/systemworkbench/plugins/fr.ac6.mcu.externaltools.arm-none.win32_1.17.0.201812190825/tools/compiler/bin/../lib/gcc/arm-none-eabi/7.3.1/../../../../arm-none-eabi/lib/thumb/v7-m\libc.a(lib_a-impure.o)
                0x08006ca4                _global_impure_ptr
 .rodata._puts_r.str1.4
                0x08006ca8        0x2 c:/ac6/systemworkbench/plugins/fr.ac6.mcu.externaltools.arm-none.win32_1.17.0.201812190825/tools/compiler/bin/../lib/gcc/arm-none-eabi/7.3.1/../../../../arm-none-eabi/lib/thumb/v7-m\libc.a(lib_a-puts.o)
 *fill*         0x08006caa        0x2 
 .rodata._vfprintf_r.str1.4
                0x08006cac       0x42 c:/ac6/systemworkbench/plugins/fr.ac6.mcu.externaltools.arm-none.win32_1.17.0.201812190825/tools/compiler/bin/../lib/gcc/arm-none-eabi/7.3.1/../../../../arm-none-eabi/lib/thumb/v7-m\libc.a(lib_a-vfprintf.o)
 *fill*         0x08006cee        0x2 
 .rodata.blanks.7330
                0x08006cf0       0x10 c:/ac6/systemworkbench/plugins/fr.ac6.mcu.externaltools.arm-none.win32_1.17.0.201812190825/tools/compiler/bin/../lib/gcc/arm-none-eabi/7.3.1/../../../../arm-none-eabi/lib/thumb/v7-m\libc.a(lib_a-vfprintf.o)
 .rodata.zeroes.7331
                0x08006d00       0x10 c:/ac6/systemworkbench/plugins/fr.ac6.mcu.externaltools.arm-none.win32_1.17.0.201812190825/tools/compiler/bin/../lib/gcc/arm-none-eabi/7.3.1/../../../../arm-none-eabi/lib/thumb/v7-m\libc.a(lib_a-vfprintf.o)
 .rodata._dtoa_r.str1.4
                0x08006d10       0x10 c:/ac6/systemworkbench/plugins/fr.ac6.mcu.externaltools.arm-none.win32_1.17.0.201812190825/tools/compiler/bin/../lib/gcc/arm-none-eabi/7.3.1/../../../../arm-none-eabi/lib/thumb/v7-m\libc.a(lib_a-dtoa.o)
                                 0x12 (size before relaxing)
 .rodata.__mprec_bigtens
                0x08006d20       0x28 c:/ac6/systemworkbench/plugins/fr.ac6.mcu.externaltools.arm-none.win32_1.17.0.201812190825/tools/compiler/bin/../lib/gcc/arm-none-eabi/7.3.1/../../../../arm-none-eabi/lib/thumb/v7-m\libc.a(lib_a-mprec.o)
                0x08006d20                __mprec_bigtens
 .rodata.__mprec_tens
                0x08006d48       0xc8 c:/ac6/systemworkbench/plugins/fr.ac6.mcu.externaltools.arm-none.win32_1.17.0.201812190825/tools/compiler/bin/../lib/gcc/arm-none-eabi/7.3.1/../../../../arm-none-eabi/lib/thumb/v7-m\libc.a(lib_a-mprec.o)
                0x08006d48                __mprec_tens
 .rodata.p05.6092
                0x08006e10        0xc c:/ac6/systemworkbench/plugins/fr.ac6.mcu.externaltools.arm-none.win32_1.17.0.201812190825/tools/compiler/bin/../lib/gcc/arm-none-eabi/7.3.1/../../../../arm-none-eabi/lib/thumb/v7-m\libc.a(lib_a-mprec.o)
 .rodata._setlocale_r.str1.4
                0x08006e1c        0xa c:/ac6/systemworkbench/plugins/fr.ac6.mcu.externaltools.arm-none.win32_1.17.0.201812190825/tools/compiler/bin/../lib/gcc/arm-none-eabi/7.3.1/../../../../arm-none-eabi/lib/thumb/v7-m\libc.a(lib_a-locale.o)
                                  0xd (size before relaxing)
 *fill*         0x08006e26        0x2 
 .rodata.str1.4
                0x08006e28        0x4 c:/ac6/systemworkbench/plugins/fr.ac6.mcu.externaltools.arm-none.win32_1.17.0.201812190825/tools/compiler/bin/../lib/gcc/arm-none-eabi/7.3.1/../../../../arm-none-eabi/lib/thumb/v7-m\libc.a(lib_a-locale.o)
                                  0x2 (size before relaxing)
 .rodata._ctype_
                0x08006e2c      0x101 c:/ac6/systemworkbench/plugins/fr.ac6.mcu.externaltools.arm-none.win32_1.17.0.201812190825/tools/compiler/bin/../lib/gcc/arm-none-eabi/7.3.1/../../../../arm-none-eabi/lib/thumb/v7-m\libc.a(lib_a-ctype_.o)
                0x08006e2c                _ctype_
                0x08006f30                . = ALIGN (0x4)
 *fill*         0x08006f2d        0x3 

.ARM.extab
 *(.ARM.extab* .gnu.linkonce.armextab.*)

.ARM            0x08006f30        0x8
                0x08006f30                __exidx_start = .
 *(.ARM.exidx*)
 .ARM.exidx     0x08006f30        0x8 c:/ac6/systemworkbench/plugins/fr.ac6.mcu.externaltools.arm-none.win32_1.17.0.201812190825/tools/compiler/bin/../lib/gcc/arm-none-eabi/7.3.1/thumb/v7-m\libgcc.a(_udivmoddi4.o)
                0x08006f38                __exidx_end = .

.rel.dyn        0x08006f38        0x0
 .rel.iplt      0x08006f38        0x0 c:/ac6/systemworkbench/plugins/fr.ac6.mcu.externaltools.arm-none.win32_1.17.0.201812190825/tools/compiler/bin/../lib/gcc/arm-none-eabi/7.3.1/thumb/v7-m/crtbegin.o

.preinit_array  0x08006f38        0x0
                0x08006f38                PROVIDE (__preinit_array_start = .)
 *(.preinit_array*)
                0x08006f38                PROVIDE (__preinit_array_end = .)

.init_array     0x08006f38        0x8
                0x08006f38                PROVIDE (__init_array_start = .)
 *(SORT_BY_NAME(.init_array.*))
 .init_array.00000
                0x08006f38        0x4 c:/ac6/systemworkbench/plugins/fr.ac6.mcu.externaltools.arm-none.win32_1.17.0.201812190825/tools/compiler/bin/../lib/gcc/arm-none-eabi/7.3.1/../../../../arm-none-eabi/lib/thumb/v7-m\libc.a(lib_a-__call_atexit.o)
 *(.init_array*)
 .init_array    0x08006f3c        0x4 c:/ac6/systemworkbench/plugins/fr.ac6.mcu.externaltools.arm-none.win32_1.17.0.201812190825/tools/compiler/bin/../lib/gcc/arm-none-eabi/7.3.1/thumb/v7-m/crtbegin.o
                0x08006f40                PROVIDE (__init_array_end = .)

.fini_array     0x08006f40        0x4
                0x08006f40                PROVIDE (__fini_array_start = .)
 *(SORT_BY_NAME(.fini_array.*))
 *(.fini_array*)
 .fini_array    0x08006f40        0x4 c:/ac6/systemworkbench/plugins/fr.ac6.mcu.externaltools.arm-none.win32_1.17.0.201812190825/tools/compiler/bin/../lib/gcc/arm-none-eabi/7.3.1/thumb/v7-m/crtbegin.o
                0x08006f44                PROVIDE (__fini_array_end = .)
                0x08006f44                _sidata = LOADADDR (.data)

.data           0x20000000      0x9b0 load address 0x08006f44
                0x20000000                . = ALIGN (0x4)
                0x20000000                _sdata = .
 *(.data)
 .data          0x20000000        0x4 src/system_stm32l1xx.o
                0x20000000                SystemCoreClock
 *(.data*)
 .data._impure_ptr
                0x20000004        0x4 c:/ac6/systemworkbench/plugins/fr.ac6.mcu.externaltools.arm-none.win32_1.17.0.201812190825/tools/compiler/bin/../lib/gcc/arm-none-eabi/7.3.1/../../../../arm-none-eabi/lib/thumb/v7-m\libc.a(lib_a-impure.o)
                0x20000004                _impure_ptr
 .data.impure_data
                0x20000008      0x428 c:/ac6/systemworkbench/plugins/fr.ac6.mcu.externaltools.arm-none.win32_1.17.0.201812190825/tools/compiler/bin/../lib/gcc/arm-none-eabi/7.3.1/../../../../arm-none-eabi/lib/thumb/v7-m\libc.a(lib_a-impure.o)
 .data.__atexit_recursive_mutex
                0x20000430        0x4 c:/ac6/systemworkbench/plugins/fr.ac6.mcu.externaltools.arm-none.win32_1.17.0.201812190825/tools/compiler/bin/../lib/gcc/arm-none-eabi/7.3.1/../../../../arm-none-eabi/lib/thumb/v7-m\libc.a(lib_a-__call_atexit.o)
                0x20000430                __atexit_recursive_mutex
 .data.__malloc_av_
                0x20000434      0x408 c:/ac6/systemworkbench/plugins/fr.ac6.mcu.externaltools.arm-none.win32_1.17.0.201812190825/tools/compiler/bin/../lib/gcc/arm-none-eabi/7.3.1/../../../../arm-none-eabi/lib/thumb/v7-m\libc.a(lib_a-mallocr.o)
                0x20000434                __malloc_av_
 .data.__malloc_sbrk_base
                0x2000083c        0x4 c:/ac6/systemworkbench/plugins/fr.ac6.mcu.externaltools.arm-none.win32_1.17.0.201812190825/tools/compiler/bin/../lib/gcc/arm-none-eabi/7.3.1/../../../../arm-none-eabi/lib/thumb/v7-m\libc.a(lib_a-mallocr.o)
                0x2000083c                __malloc_sbrk_base
 .data.__malloc_trim_threshold
                0x20000840        0x4 c:/ac6/systemworkbench/plugins/fr.ac6.mcu.externaltools.arm-none.win32_1.17.0.201812190825/tools/compiler/bin/../lib/gcc/arm-none-eabi/7.3.1/../../../../arm-none-eabi/lib/thumb/v7-m\libc.a(lib_a-mallocr.o)
                0x20000840                __malloc_trim_threshold
 .data.__global_locale
                0x20000844      0x16c c:/ac6/systemworkbench/plugins/fr.ac6.mcu.externaltools.arm-none.win32_1.17.0.201812190825/tools/compiler/bin/../lib/gcc/arm-none-eabi/7.3.1/../../../../arm-none-eabi/lib/thumb/v7-m\libc.a(lib_a-locale.o)
                0x20000844                __global_locale
 *(.RamFunc)
                0x200009b0                . = ALIGN (0x4)
                0x200009b0                _edata = .

.igot.plt       0x200009b0        0x0 load address 0x080078f4
 .igot.plt      0x200009b0        0x0 c:/ac6/systemworkbench/plugins/fr.ac6.mcu.externaltools.arm-none.win32_1.17.0.201812190825/tools/compiler/bin/../lib/gcc/arm-none-eabi/7.3.1/thumb/v7-m/crtbegin.o
                0x200009b0                . = ALIGN (0x4)

.bss            0x200009b0      0x194 load address 0x080078f4
                0x200009b0                _sbss = .
                0x200009b0                __bss_start__ = _sbss
 *(.bss)
 .bss           0x200009b0       0x1c c:/ac6/systemworkbench/plugins/fr.ac6.mcu.externaltools.arm-none.win32_1.17.0.201812190825/tools/compiler/bin/../lib/gcc/arm-none-eabi/7.3.1/thumb/v7-m/crtbegin.o
 .bss           0x200009cc        0x8 src/syscalls.o
                0x200009cc                __env
 .bss           0x200009d4      0x110 src/uart.o
 *(.bss*)
 .bss.__malloc_current_mallinfo
                0x20000ae4       0x28 c:/ac6/systemworkbench/plugins/fr.ac6.mcu.externaltools.arm-none.win32_1.17.0.201812190825/tools/compiler/bin/../lib/gcc/arm-none-eabi/7.3.1/../../../../arm-none-eabi/lib/thumb/v7-m\libc.a(lib_a-mallocr.o)
                0x20000ae4                __malloc_current_mallinfo
 .bss.__malloc_max_sbrked_mem
                0x20000b0c        0x4 c:/ac6/systemworkbench/plugins/fr.ac6.mcu.externaltools.arm-none.win32_1.17.0.201812190825/tools/compiler/bin/../lib/gcc/arm-none-eabi/7.3.1/../../../../arm-none-eabi/lib/thumb/v7-m\libc.a(lib_a-mallocr.o)
                0x20000b0c                __malloc_max_sbrked_mem
 .bss.__malloc_max_total_mem
                0x20000b10        0x4 c:/ac6/systemworkbench/plugins/fr.ac6.mcu.externaltools.arm-none.win32_1.17.0.201812190825/tools/compiler/bin/../lib/gcc/arm-none-eabi/7.3.1/../../../../arm-none-eabi/lib/thumb/v7-m\libc.a(lib_a-mallocr.o)
                0x20000b10                __malloc_max_total_mem
 .bss.__malloc_top_pad
                0x20000b14        0x4 c:/ac6/systemworkbench/plugins/fr.ac6.mcu.externaltools.arm-none.win32_1.17.0.201812190825/tools/compiler/bin/../lib/gcc/arm-none-eabi/7.3.1/../../../../arm-none-eabi/lib/thumb/v7-m\libc.a(lib_a-mallocr.o)
                0x20000b14                __malloc_top_pad
 *(COMMON)
 COMMON         0x20000b18        0x4 C:\Users\jared\workspace\nucleo-l152re_hal_lib\Debug\libnucleo-l152re_hal_lib.a(stm32l1xx_hal.o)
                0x20000b18                uwTick
 COMMON         0x20000b1c       0x21 c:/ac6/systemworkbench/plugins/fr.ac6.mcu.externaltools.arm-none.win32_1.17.0.201812190825/tools/compiler/bin/../lib/gcc/arm-none-eabi/7.3.1/../../../../arm-none-eabi/lib/thumb/v7-m\libc.a(lib_a-lock.o)
                0x20000b1c                __lock___atexit_recursive_mutex
                0x20000b20                __lock___arc4random_mutex
                0x20000b24                __lock___env_recursive_mutex
                0x20000b28                __lock___sinit_recursive_mutex
                0x20000b2c                __lock___malloc_recursive_mutex
                0x20000b30                __lock___at_quick_exit_mutex
                0x20000b34                __lock___dd_hash_mutex
                0x20000b38                __lock___tz_mutex
                0x20000b3c                __lock___sfp_recursive_mutex
 *fill*         0x20000b3d        0x3 
 COMMON         0x20000b40        0x4 c:/ac6/systemworkbench/plugins/fr.ac6.mcu.externaltools.arm-none.win32_1.17.0.201812190825/tools/compiler/bin/../lib/gcc/arm-none-eabi/7.3.1/../../../../arm-none-eabi/lib/thumb/v7-m\libc.a(lib_a-reent.o)
                0x20000b40                errno
                0x20000b44                . = ALIGN (0x4)
                0x20000b44                _ebss = .
                0x20000b44                __bss_end__ = _ebss

._user_heap_stack
                0x20000b44      0x604 load address 0x080078f4
                0x20000b48                . = ALIGN (0x8)
 *fill*         0x20000b44        0x4 
                0x20000b48                PROVIDE (end = .)
                [!provide]                PROVIDE (_end = .)
                0x20000d48                . = (. + _Min_Heap_Size)
 *fill*         0x20000b48      0x200 
                0x20001148                . = (. + _Min_Stack_Size)
 *fill*         0x20000d48      0x400 
                0x20001148                . = ALIGN (0x8)

.memory_b1_text
 *(.mb1text)
 *(.mb1text*)
 *(.mb1rodata)
 *(.mb1rodata*)

/DISCARD/
 libc.a(*)
 libm.a(*)
 libgcc.a(*)

.ARM.attributes
                0x00000000       0x29
 *(.ARM.attributes)
 .ARM.attributes
                0x00000000       0x1d c:/ac6/systemworkbench/plugins/fr.ac6.mcu.externaltools.arm-none.win32_1.17.0.201812190825/tools/compiler/bin/../lib/gcc/arm-none-eabi/7.3.1/thumb/v7-m/crti.o
 .ARM.attributes
                0x0000001d       0x2d c:/ac6/systemworkbench/plugins/fr.ac6.mcu.externaltools.arm-none.win32_1.17.0.201812190825/tools/compiler/bin/../lib/gcc/arm-none-eabi/7.3.1/thumb/v7-m/crtbegin.o
 .ARM.attributes
                0x0000004a       0x33 src/clock.o
 .ARM.attributes
                0x0000007d       0x33 src/gpio.o
 .ARM.attributes
                0x000000b0       0x33 src/main.o
 .ARM.attributes
                0x000000e3       0x33 src/stm32l1xx_it.o
 .ARM.attributes
                0x00000116       0x33 src/syscalls.o
 .ARM.attributes
                0x00000149       0x33 src/system_stm32l1xx.o
 .ARM.attributes
                0x0000017c       0x33 src/uart.o
 .ARM.attributes
                0x000001af       0x21 startup/startup_stm32l152xe.o
 .ARM.attributes
                0x000001d0       0x33 C:\Users\jared\workspace\nucleo-l152re_hal_lib\Debug\libnucleo-l152re_hal_lib.a(stm32l1xx_hal.o)
 .ARM.attributes
                0x00000203       0x33 C:\Users\jared\workspace\nucleo-l152re_hal_lib\Debug\libnucleo-l152re_hal_lib.a(stm32l1xx_hal_cortex.o)
 .ARM.attributes
                0x00000236       0x33 C:\Users\jared\workspace\nucleo-l152re_hal_lib\Debug\libnucleo-l152re_hal_lib.a(stm32l1xx_ll_utils.o)
 .ARM.attributes
                0x00000269       0x2d c:/ac6/systemworkbench/plugins/fr.ac6.mcu.externaltools.arm-none.win32_1.17.0.201812190825/tools/compiler/bin/../lib/gcc/arm-none-eabi/7.3.1/../../../../arm-none-eabi/lib/thumb/v7-m\libc.a(lib_a-errno.o)
 .ARM.attributes
                0x00000296       0x2d c:/ac6/systemworkbench/plugins/fr.ac6.mcu.externaltools.arm-none.win32_1.17.0.201812190825/tools/compiler/bin/../lib/gcc/arm-none-eabi/7.3.1/../../../../arm-none-eabi/lib/thumb/v7-m\libc.a(lib_a-impure.o)
 .ARM.attributes
                0x000002c3       0x2d c:/ac6/systemworkbench/plugins/fr.ac6.mcu.externaltools.arm-none.win32_1.17.0.201812190825/tools/compiler/bin/../lib/gcc/arm-none-eabi/7.3.1/../../../../arm-none-eabi/lib/thumb/v7-m\libc.a(lib_a-init.o)
 .ARM.attributes
                0x000002f0       0x2d c:/ac6/systemworkbench/plugins/fr.ac6.mcu.externaltools.arm-none.win32_1.17.0.201812190825/tools/compiler/bin/../lib/gcc/arm-none-eabi/7.3.1/../../../../arm-none-eabi/lib/thumb/v7-m\libc.a(lib_a-memset.o)
 .ARM.attributes
                0x0000031d       0x2d c:/ac6/systemworkbench/plugins/fr.ac6.mcu.externaltools.arm-none.win32_1.17.0.201812190825/tools/compiler/bin/../lib/gcc/arm-none-eabi/7.3.1/../../../../arm-none-eabi/lib/thumb/v7-m\libc.a(lib_a-printf.o)
 .ARM.attributes
                0x0000034a       0x2d c:/ac6/systemworkbench/plugins/fr.ac6.mcu.externaltools.arm-none.win32_1.17.0.201812190825/tools/compiler/bin/../lib/gcc/arm-none-eabi/7.3.1/../../../../arm-none-eabi/lib/thumb/v7-m\libc.a(lib_a-puts.o)
 .ARM.attributes
                0x00000377       0x2d c:/ac6/systemworkbench/plugins/fr.ac6.mcu.externaltools.arm-none.win32_1.17.0.201812190825/tools/compiler/bin/../lib/gcc/arm-none-eabi/7.3.1/../../../../arm-none-eabi/lib/thumb/v7-m\libc.a(lib_a-strlen-stub.o)
 .ARM.attributes
                0x000003a4       0x2d c:/ac6/systemworkbench/plugins/fr.ac6.mcu.externaltools.arm-none.win32_1.17.0.201812190825/tools/compiler/bin/../lib/gcc/arm-none-eabi/7.3.1/../../../../arm-none-eabi/lib/thumb/v7-m\libc.a(lib_a-vfprintf.o)
 .ARM.attributes
                0x000003d1       0x2d c:/ac6/systemworkbench/plugins/fr.ac6.mcu.externaltools.arm-none.win32_1.17.0.201812190825/tools/compiler/bin/../lib/gcc/arm-none-eabi/7.3.1/../../../../arm-none-eabi/lib/thumb/v7-m\libc.a(lib_a-wsetup.o)
 .ARM.attributes
                0x000003fe       0x2d c:/ac6/systemworkbench/plugins/fr.ac6.mcu.externaltools.arm-none.win32_1.17.0.201812190825/tools/compiler/bin/../lib/gcc/arm-none-eabi/7.3.1/../../../../arm-none-eabi/lib/thumb/v7-m\libc.a(lib_a-__call_atexit.o)
 .ARM.attributes
                0x0000042b       0x2d c:/ac6/systemworkbench/plugins/fr.ac6.mcu.externaltools.arm-none.win32_1.17.0.201812190825/tools/compiler/bin/../lib/gcc/arm-none-eabi/7.3.1/../../../../arm-none-eabi/lib/thumb/v7-m\libc.a(lib_a-atexit.o)
 .ARM.attributes
                0x00000458       0x2d c:/ac6/systemworkbench/plugins/fr.ac6.mcu.externaltools.arm-none.win32_1.17.0.201812190825/tools/compiler/bin/../lib/gcc/arm-none-eabi/7.3.1/../../../../arm-none-eabi/lib/thumb/v7-m\libc.a(lib_a-dtoa.o)
 .ARM.attributes
                0x00000485       0x2d c:/ac6/systemworkbench/plugins/fr.ac6.mcu.externaltools.arm-none.win32_1.17.0.201812190825/tools/compiler/bin/../lib/gcc/arm-none-eabi/7.3.1/../../../../arm-none-eabi/lib/thumb/v7-m\libc.a(lib_a-fflush.o)
 .ARM.attributes
                0x000004b2       0x2d c:/ac6/systemworkbench/plugins/fr.ac6.mcu.externaltools.arm-none.win32_1.17.0.201812190825/tools/compiler/bin/../lib/gcc/arm-none-eabi/7.3.1/../../../../arm-none-eabi/lib/thumb/v7-m\libc.a(lib_a-findfp.o)
 .ARM.attributes
                0x000004df       0x2d c:/ac6/systemworkbench/plugins/fr.ac6.mcu.externaltools.arm-none.win32_1.17.0.201812190825/tools/compiler/bin/../lib/gcc/arm-none-eabi/7.3.1/../../../../arm-none-eabi/lib/thumb/v7-m\libc.a(lib_a-fini.o)
 .ARM.attributes
                0x0000050c       0x2d c:/ac6/systemworkbench/plugins/fr.ac6.mcu.externaltools.arm-none.win32_1.17.0.201812190825/tools/compiler/bin/../lib/gcc/arm-none-eabi/7.3.1/../../../../arm-none-eabi/lib/thumb/v7-m\libc.a(lib_a-freer.o)
 .ARM.attributes
                0x00000539       0x2d c:/ac6/systemworkbench/plugins/fr.ac6.mcu.externaltools.arm-none.win32_1.17.0.201812190825/tools/compiler/bin/../lib/gcc/arm-none-eabi/7.3.1/../../../../arm-none-eabi/lib/thumb/v7-m\libc.a(lib_a-fvwrite.o)
 .ARM.attributes
                0x00000566       0x2d c:/ac6/systemworkbench/plugins/fr.ac6.mcu.externaltools.arm-none.win32_1.17.0.201812190825/tools/compiler/bin/../lib/gcc/arm-none-eabi/7.3.1/../../../../arm-none-eabi/lib/thumb/v7-m\libc.a(lib_a-fwalk.o)
 .ARM.attributes
                0x00000593       0x2d c:/ac6/systemworkbench/plugins/fr.ac6.mcu.externaltools.arm-none.win32_1.17.0.201812190825/tools/compiler/bin/../lib/gcc/arm-none-eabi/7.3.1/../../../../arm-none-eabi/lib/thumb/v7-m\libc.a(lib_a-localeconv.o)
 .ARM.attributes
                0x000005c0       0x2d c:/ac6/systemworkbench/plugins/fr.ac6.mcu.externaltools.arm-none.win32_1.17.0.201812190825/tools/compiler/bin/../lib/gcc/arm-none-eabi/7.3.1/../../../../arm-none-eabi/lib/thumb/v7-m\libc.a(lib_a-lock.o)
 .ARM.attributes
                0x000005ed       0x2d c:/ac6/systemworkbench/plugins/fr.ac6.mcu.externaltools.arm-none.win32_1.17.0.201812190825/tools/compiler/bin/../lib/gcc/arm-none-eabi/7.3.1/../../../../arm-none-eabi/lib/thumb/v7-m\libc.a(lib_a-makebuf.o)
 .ARM.attributes
                0x0000061a       0x2d c:/ac6/systemworkbench/plugins/fr.ac6.mcu.externaltools.arm-none.win32_1.17.0.201812190825/tools/compiler/bin/../lib/gcc/arm-none-eabi/7.3.1/../../../../arm-none-eabi/lib/thumb/v7-m\libc.a(lib_a-mallocr.o)
 .ARM.attributes
                0x00000647       0x2d c:/ac6/systemworkbench/plugins/fr.ac6.mcu.externaltools.arm-none.win32_1.17.0.201812190825/tools/compiler/bin/../lib/gcc/arm-none-eabi/7.3.1/../../../../arm-none-eabi/lib/thumb/v7-m\libc.a(lib_a-memchr-stub.o)
 .ARM.attributes
                0x00000674       0x1b c:/ac6/systemworkbench/plugins/fr.ac6.mcu.externaltools.arm-none.win32_1.17.0.201812190825/tools/compiler/bin/../lib/gcc/arm-none-eabi/7.3.1/../../../../arm-none-eabi/lib/thumb/v7-m\libc.a(lib_a-memcpy.o)
 .ARM.attributes
                0x0000068f       0x2d c:/ac6/systemworkbench/plugins/fr.ac6.mcu.externaltools.arm-none.win32_1.17.0.201812190825/tools/compiler/bin/../lib/gcc/arm-none-eabi/7.3.1/../../../../arm-none-eabi/lib/thumb/v7-m\libc.a(lib_a-memmove.o)
 .ARM.attributes
                0x000006bc       0x2d c:/ac6/systemworkbench/plugins/fr.ac6.mcu.externaltools.arm-none.win32_1.17.0.201812190825/tools/compiler/bin/../lib/gcc/arm-none-eabi/7.3.1/../../../../arm-none-eabi/lib/thumb/v7-m\libc.a(lib_a-mlock.o)
 .ARM.attributes
                0x000006e9       0x2d c:/ac6/systemworkbench/plugins/fr.ac6.mcu.externaltools.arm-none.win32_1.17.0.201812190825/tools/compiler/bin/../lib/gcc/arm-none-eabi/7.3.1/../../../../arm-none-eabi/lib/thumb/v7-m\libc.a(lib_a-mprec.o)
 .ARM.attributes
                0x00000716       0x2d c:/ac6/systemworkbench/plugins/fr.ac6.mcu.externaltools.arm-none.win32_1.17.0.201812190825/tools/compiler/bin/../lib/gcc/arm-none-eabi/7.3.1/../../../../arm-none-eabi/lib/thumb/v7-m\libc.a(lib_a-reallocr.o)
 .ARM.attributes
                0x00000743       0x2d c:/ac6/systemworkbench/plugins/fr.ac6.mcu.externaltools.arm-none.win32_1.17.0.201812190825/tools/compiler/bin/../lib/gcc/arm-none-eabi/7.3.1/../../../../arm-none-eabi/lib/thumb/v7-m\libc.a(lib_a-s_frexp.o)
 .ARM.attributes
                0x00000770       0x2d c:/ac6/systemworkbench/plugins/fr.ac6.mcu.externaltools.arm-none.win32_1.17.0.201812190825/tools/compiler/bin/../lib/gcc/arm-none-eabi/7.3.1/../../../../arm-none-eabi/lib/thumb/v7-m\libc.a(lib_a-sbrkr.o)
 .ARM.attributes
                0x0000079d       0x2d c:/ac6/systemworkbench/plugins/fr.ac6.mcu.externaltools.arm-none.win32_1.17.0.201812190825/tools/compiler/bin/../lib/gcc/arm-none-eabi/7.3.1/../../../../arm-none-eabi/lib/thumb/v7-m\libc.a(lib_a-stdio.o)
 .ARM.attributes
                0x000007ca       0x2d c:/ac6/systemworkbench/plugins/fr.ac6.mcu.externaltools.arm-none.win32_1.17.0.201812190825/tools/compiler/bin/../lib/gcc/arm-none-eabi/7.3.1/../../../../arm-none-eabi/lib/thumb/v7-m\libc.a(lib_a-strncpy.o)
 .ARM.attributes
                0x000007f7       0x2d c:/ac6/systemworkbench/plugins/fr.ac6.mcu.externaltools.arm-none.win32_1.17.0.201812190825/tools/compiler/bin/../lib/gcc/arm-none-eabi/7.3.1/../../../../arm-none-eabi/lib/thumb/v7-m\libc.a(lib_a-vfiprintf.o)
 .ARM.attributes
                0x00000824       0x2d c:/ac6/systemworkbench/plugins/fr.ac6.mcu.externaltools.arm-none.win32_1.17.0.201812190825/tools/compiler/bin/../lib/gcc/arm-none-eabi/7.3.1/../../../../arm-none-eabi/lib/thumb/v7-m\libc.a(lib_a-writer.o)
 .ARM.attributes
                0x00000851       0x2d c:/ac6/systemworkbench/plugins/fr.ac6.mcu.externaltools.arm-none.win32_1.17.0.201812190825/tools/compiler/bin/../lib/gcc/arm-none-eabi/7.3.1/../../../../arm-none-eabi/lib/thumb/v7-m\libc.a(lib_a-__atexit.o)
 .ARM.attributes
                0x0000087e       0x2d c:/ac6/systemworkbench/plugins/fr.ac6.mcu.externaltools.arm-none.win32_1.17.0.201812190825/tools/compiler/bin/../lib/gcc/arm-none-eabi/7.3.1/../../../../arm-none-eabi/lib/thumb/v7-m\libc.a(lib_a-callocr.o)
 .ARM.attributes
                0x000008ab       0x2d c:/ac6/systemworkbench/plugins/fr.ac6.mcu.externaltools.arm-none.win32_1.17.0.201812190825/tools/compiler/bin/../lib/gcc/arm-none-eabi/7.3.1/../../../../arm-none-eabi/lib/thumb/v7-m\libc.a(lib_a-closer.o)
 .ARM.attributes
                0x000008d8       0x2d c:/ac6/systemworkbench/plugins/fr.ac6.mcu.externaltools.arm-none.win32_1.17.0.201812190825/tools/compiler/bin/../lib/gcc/arm-none-eabi/7.3.1/../../../../arm-none-eabi/lib/thumb/v7-m\libc.a(lib_a-fclose.o)
 .ARM.attributes
                0x00000905       0x2d c:/ac6/systemworkbench/plugins/fr.ac6.mcu.externaltools.arm-none.win32_1.17.0.201812190825/tools/compiler/bin/../lib/gcc/arm-none-eabi/7.3.1/../../../../arm-none-eabi/lib/thumb/v7-m\libc.a(lib_a-fputwc.o)
 .ARM.attributes
                0x00000932       0x2d c:/ac6/systemworkbench/plugins/fr.ac6.mcu.externaltools.arm-none.win32_1.17.0.201812190825/tools/compiler/bin/../lib/gcc/arm-none-eabi/7.3.1/../../../../arm-none-eabi/lib/thumb/v7-m\libc.a(lib_a-fstatr.o)
 .ARM.attributes
                0x0000095f       0x2d c:/ac6/systemworkbench/plugins/fr.ac6.mcu.externaltools.arm-none.win32_1.17.0.201812190825/tools/compiler/bin/../lib/gcc/arm-none-eabi/7.3.1/../../../../arm-none-eabi/lib/thumb/v7-m\libc.a(lib_a-isattyr.o)
 .ARM.attributes
                0x0000098c       0x2d c:/ac6/systemworkbench/plugins/fr.ac6.mcu.externaltools.arm-none.win32_1.17.0.201812190825/tools/compiler/bin/../lib/gcc/arm-none-eabi/7.3.1/../../../../arm-none-eabi/lib/thumb/v7-m\libc.a(lib_a-locale.o)
 .ARM.attributes
                0x000009b9       0x2d c:/ac6/systemworkbench/plugins/fr.ac6.mcu.externaltools.arm-none.win32_1.17.0.201812190825/tools/compiler/bin/../lib/gcc/arm-none-eabi/7.3.1/../../../../arm-none-eabi/lib/thumb/v7-m\libc.a(lib_a-lseekr.o)
 .ARM.attributes
                0x000009e6       0x2d c:/ac6/systemworkbench/plugins/fr.ac6.mcu.externaltools.arm-none.win32_1.17.0.201812190825/tools/compiler/bin/../lib/gcc/arm-none-eabi/7.3.1/../../../../arm-none-eabi/lib/thumb/v7-m\libc.a(lib_a-mbtowc_r.o)
 .ARM.attributes
                0x00000a13       0x2d c:/ac6/systemworkbench/plugins/fr.ac6.mcu.externaltools.arm-none.win32_1.17.0.201812190825/tools/compiler/bin/../lib/gcc/arm-none-eabi/7.3.1/../../../../arm-none-eabi/lib/thumb/v7-m\libc.a(lib_a-readr.o)
 .ARM.attributes
                0x00000a40       0x2d c:/ac6/systemworkbench/plugins/fr.ac6.mcu.externaltools.arm-none.win32_1.17.0.201812190825/tools/compiler/bin/../lib/gcc/arm-none-eabi/7.3.1/../../../../arm-none-eabi/lib/thumb/v7-m\libc.a(lib_a-reent.o)
 .ARM.attributes
                0x00000a6d       0x2d c:/ac6/systemworkbench/plugins/fr.ac6.mcu.externaltools.arm-none.win32_1.17.0.201812190825/tools/compiler/bin/../lib/gcc/arm-none-eabi/7.3.1/../../../../arm-none-eabi/lib/thumb/v7-m\libc.a(lib_a-wbuf.o)
 .ARM.attributes
                0x00000a9a       0x2d c:/ac6/systemworkbench/plugins/fr.ac6.mcu.externaltools.arm-none.win32_1.17.0.201812190825/tools/compiler/bin/../lib/gcc/arm-none-eabi/7.3.1/../../../../arm-none-eabi/lib/thumb/v7-m\libc.a(lib_a-wcrtomb.o)
 .ARM.attributes
                0x00000ac7       0x2d c:/ac6/systemworkbench/plugins/fr.ac6.mcu.externaltools.arm-none.win32_1.17.0.201812190825/tools/compiler/bin/../lib/gcc/arm-none-eabi/7.3.1/../../../../arm-none-eabi/lib/thumb/v7-m\libc.a(lib_a-wctomb_r.o)
 .ARM.attributes
                0x00000af4       0x2d c:/ac6/systemworkbench/plugins/fr.ac6.mcu.externaltools.arm-none.win32_1.17.0.201812190825/tools/compiler/bin/../lib/gcc/arm-none-eabi/7.3.1/../../../../arm-none-eabi/lib/thumb/v7-m\libc.a(lib_a-ctype_.o)
 .ARM.attributes
                0x00000b21       0x1d c:/ac6/systemworkbench/plugins/fr.ac6.mcu.externaltools.arm-none.win32_1.17.0.201812190825/tools/compiler/bin/../lib/gcc/arm-none-eabi/7.3.1/thumb/v7-m\libgcc.a(_arm_addsubdf3.o)
 .ARM.attributes
                0x00000b3e       0x1d c:/ac6/systemworkbench/plugins/fr.ac6.mcu.externaltools.arm-none.win32_1.17.0.201812190825/tools/compiler/bin/../lib/gcc/arm-none-eabi/7.3.1/thumb/v7-m\libgcc.a(_arm_muldivdf3.o)
 .ARM.attributes
                0x00000b5b       0x1d c:/ac6/systemworkbench/plugins/fr.ac6.mcu.externaltools.arm-none.win32_1.17.0.201812190825/tools/compiler/bin/../lib/gcc/arm-none-eabi/7.3.1/thumb/v7-m\libgcc.a(_arm_cmpdf2.o)
 .ARM.attributes
                0x00000b78       0x1d c:/ac6/systemworkbench/plugins/fr.ac6.mcu.externaltools.arm-none.win32_1.17.0.201812190825/tools/compiler/bin/../lib/gcc/arm-none-eabi/7.3.1/thumb/v7-m\libgcc.a(_arm_unorddf2.o)
 .ARM.attributes
                0x00000b95       0x1d c:/ac6/systemworkbench/plugins/fr.ac6.mcu.externaltools.arm-none.win32_1.17.0.201812190825/tools/compiler/bin/../lib/gcc/arm-none-eabi/7.3.1/thumb/v7-m\libgcc.a(_arm_fixdfsi.o)
 .ARM.attributes
                0x00000bb2       0x1d c:/ac6/systemworkbench/plugins/fr.ac6.mcu.externaltools.arm-none.win32_1.17.0.201812190825/tools/compiler/bin/../lib/gcc/arm-none-eabi/7.3.1/thumb/v7-m\libgcc.a(_aeabi_uldivmod.o)
 .ARM.attributes
                0x00000bcf       0x2d c:/ac6/systemworkbench/plugins/fr.ac6.mcu.externaltools.arm-none.win32_1.17.0.201812190825/tools/compiler/bin/../lib/gcc/arm-none-eabi/7.3.1/thumb/v7-m\libgcc.a(_udivmoddi4.o)
 .ARM.attributes
                0x00000bfc       0x1d c:/ac6/systemworkbench/plugins/fr.ac6.mcu.externaltools.arm-none.win32_1.17.0.201812190825/tools/compiler/bin/../lib/gcc/arm-none-eabi/7.3.1/thumb/v7-m\libgcc.a(_dvmd_tls.o)
 .ARM.attributes
                0x00000c19       0x1d c:/ac6/systemworkbench/plugins/fr.ac6.mcu.externaltools.arm-none.win32_1.17.0.201812190825/tools/compiler/bin/../lib/gcc/arm-none-eabi/7.3.1/thumb/v7-m/crtn.o
OUTPUT(Assign03.elf elf32-littlearm)

.debug_info     0x00000000     0x95d5
 .debug_info    0x00000000      0xd81 src/clock.o
 .debug_info    0x00000d81      0xc50 src/gpio.o
 .debug_info    0x000019d1      0xa8f src/main.o
 .debug_info    0x00002460      0x96d src/stm32l1xx_it.o
 .debug_info    0x00002dcd      0xf2e src/syscalls.o
 .debug_info    0x00003cfb      0xc71 src/system_stm32l1xx.o
 .debug_info    0x0000496c     0x16bc src/uart.o
 .debug_info    0x00006028       0x22 startup/startup_stm32l152xe.o
 .debug_info    0x0000604a      0xf05 C:\Users\jared\workspace\nucleo-l152re_hal_lib\Debug\libnucleo-l152re_hal_lib.a(stm32l1xx_hal.o)
 .debug_info    0x00006f4f     0x157e C:\Users\jared\workspace\nucleo-l152re_hal_lib\Debug\libnucleo-l152re_hal_lib.a(stm32l1xx_hal_cortex.o)
 .debug_info    0x000084cd     0x1108 C:\Users\jared\workspace\nucleo-l152re_hal_lib\Debug\libnucleo-l152re_hal_lib.a(stm32l1xx_ll_utils.o)

.debug_abbrev   0x00000000     0x19fc
 .debug_abbrev  0x00000000      0x252 src/clock.o
 .debug_abbrev  0x00000252      0x292 src/gpio.o
 .debug_abbrev  0x000004e4      0x1ff src/main.o
 .debug_abbrev  0x000006e3      0x1b1 src/stm32l1xx_it.o
 .debug_abbrev  0x00000894      0x2aa src/syscalls.o
 .debug_abbrev  0x00000b3e      0x205 src/system_stm32l1xx.o
 .debug_abbrev  0x00000d43      0x353 src/uart.o
 .debug_abbrev  0x00001096       0x12 startup/startup_stm32l152xe.o
 .debug_abbrev  0x000010a8      0x2a3 C:\Users\jared\workspace\nucleo-l152re_hal_lib\Debug\libnucleo-l152re_hal_lib.a(stm32l1xx_hal.o)
 .debug_abbrev  0x0000134b      0x36b C:\Users\jared\workspace\nucleo-l152re_hal_lib\Debug\libnucleo-l152re_hal_lib.a(stm32l1xx_hal_cortex.o)
 .debug_abbrev  0x000016b6      0x346 C:\Users\jared\workspace\nucleo-l152re_hal_lib\Debug\libnucleo-l152re_hal_lib.a(stm32l1xx_ll_utils.o)

.debug_aranges  0x00000000      0x5d8
 .debug_aranges
                0x00000000       0xa0 src/clock.o
 .debug_aranges
                0x000000a0       0x40 src/gpio.o
 .debug_aranges
                0x000000e0       0x30 src/main.o
 .debug_aranges
                0x00000110       0x20 src/stm32l1xx_it.o
 .debug_aranges
                0x00000130       0xb0 src/syscalls.o
 .debug_aranges
                0x000001e0       0x28 src/system_stm32l1xx.o
 .debug_aranges
                0x00000208       0xe8 src/uart.o
 .debug_aranges
                0x000002f0       0x28 startup/startup_stm32l152xe.o
 .debug_aranges
                0x00000318       0xb0 C:\Users\jared\workspace\nucleo-l152re_hal_lib\Debug\libnucleo-l152re_hal_lib.a(stm32l1xx_hal.o)
 .debug_aranges
                0x000003c8      0x118 C:\Users\jared\workspace\nucleo-l152re_hal_lib\Debug\libnucleo-l152re_hal_lib.a(stm32l1xx_hal_cortex.o)
 .debug_aranges
                0x000004e0       0xf8 C:\Users\jared\workspace\nucleo-l152re_hal_lib\Debug\libnucleo-l152re_hal_lib.a(stm32l1xx_ll_utils.o)

.debug_ranges   0x00000000      0x530
 .debug_ranges  0x00000000       0x90 src/clock.o
 .debug_ranges  0x00000090       0x30 src/gpio.o
 .debug_ranges  0x000000c0       0x20 src/main.o
 .debug_ranges  0x000000e0       0x10 src/stm32l1xx_it.o
 .debug_ranges  0x000000f0       0xa0 src/syscalls.o
 .debug_ranges  0x00000190       0x18 src/system_stm32l1xx.o
 .debug_ranges  0x000001a8       0xd8 src/uart.o
 .debug_ranges  0x00000280       0x20 startup/startup_stm32l152xe.o
 .debug_ranges  0x000002a0       0xa0 C:\Users\jared\workspace\nucleo-l152re_hal_lib\Debug\libnucleo-l152re_hal_lib.a(stm32l1xx_hal.o)
 .debug_ranges  0x00000340      0x108 C:\Users\jared\workspace\nucleo-l152re_hal_lib\Debug\libnucleo-l152re_hal_lib.a(stm32l1xx_hal_cortex.o)
 .debug_ranges  0x00000448       0xe8 C:\Users\jared\workspace\nucleo-l152re_hal_lib\Debug\libnucleo-l152re_hal_lib.a(stm32l1xx_ll_utils.o)

.debug_macro    0x00000000    0x1c7a3
 .debug_macro   0x00000000      0x47a src/clock.o
 .debug_macro   0x0000047a      0xa72 src/clock.o
 .debug_macro   0x00000eec       0x28 src/clock.o
 .debug_macro   0x00000f14       0x22 src/clock.o
 .debug_macro   0x00000f36       0x22 src/clock.o
 .debug_macro   0x00000f58       0x8e src/clock.o
 .debug_macro   0x00000fe6       0x51 src/clock.o
 .debug_macro   0x00001037       0xef src/clock.o
 .debug_macro   0x00001126       0x6a src/clock.o
 .debug_macro   0x00001190      0x1df src/clock.o
 .debug_macro   0x0000136f       0x34 src/clock.o
 .debug_macro   0x000013a3       0x34 src/clock.o
 .debug_macro   0x000013d7      0xcb4 src/clock.o
 .debug_macro   0x0000208b     0xbeb6 src/clock.o
 .debug_macro   0x0000df41       0x43 src/clock.o
 .debug_macro   0x0000df84      0x106 src/clock.o
 .debug_macro   0x0000e08a     0x342b src/clock.o
 .debug_macro   0x000114b5       0x5e src/clock.o
 .debug_macro   0x00011513       0x18 src/clock.o
 .debug_macro   0x0001152b       0x35 src/clock.o
 .debug_macro   0x00011560       0x34 src/clock.o
 .debug_macro   0x00011594       0x16 src/clock.o
 .debug_macro   0x000115aa       0x97 src/clock.o
 .debug_macro   0x00011641      0x330 src/clock.o
 .debug_macro   0x00011971       0xfd src/clock.o
 .debug_macro   0x00011a6e       0x10 src/clock.o
 .debug_macro   0x00011a7e       0x58 src/clock.o
 .debug_macro   0x00011ad6       0x1f src/clock.o
 .debug_macro   0x00011af5       0x43 src/clock.o
 .debug_macro   0x00011b38       0x20 src/clock.o
 .debug_macro   0x00011b58      0x18e src/clock.o
 .debug_macro   0x00011ce6       0x10 src/clock.o
 .debug_macro   0x00011cf6       0x1c src/clock.o
 .debug_macro   0x00011d12       0x52 src/clock.o
 .debug_macro   0x00011d64       0x40 src/clock.o
 .debug_macro   0x00011da4       0x10 src/clock.o
 .debug_macro   0x00011db4       0x40 src/clock.o
 .debug_macro   0x00011df4       0xd7 src/clock.o
 .debug_macro   0x00011ecb       0x1c src/clock.o
 .debug_macro   0x00011ee7       0x3d src/clock.o
 .debug_macro   0x00011f24       0x16 src/clock.o
 .debug_macro   0x00011f3a      0x16f src/clock.o
 .debug_macro   0x000120a9       0x56 src/clock.o
 .debug_macro   0x000120ff      0xe3e src/clock.o
 .debug_macro   0x00012f3d      0x363 src/clock.o
 .debug_macro   0x000132a0      0x141 src/clock.o
 .debug_macro   0x000133e1       0xc6 src/clock.o
 .debug_macro   0x000134a7      0x25d src/clock.o
 .debug_macro   0x00013704      0x23a src/clock.o
 .debug_macro   0x0001393e      0x685 src/clock.o
 .debug_macro   0x00013fc3      0x16f src/clock.o
 .debug_macro   0x00014132      0x1fb src/clock.o
 .debug_macro   0x0001432d       0xf0 src/clock.o
 .debug_macro   0x0001441d       0x22 src/clock.o
 .debug_macro   0x0001443f      0x117 src/clock.o
 .debug_macro   0x00014556       0xac src/clock.o
 .debug_macro   0x00014602      0x113 src/clock.o
 .debug_macro   0x00014715      0x56c src/clock.o
 .debug_macro   0x00014c81      0x225 src/clock.o
 .debug_macro   0x00014ea6      0x199 src/clock.o
 .debug_macro   0x0001503f       0x79 src/clock.o
 .debug_macro   0x000150b8      0x3d7 src/clock.o
 .debug_macro   0x0001548f      0x129 src/clock.o
 .debug_macro   0x000155b8       0x30 src/clock.o
 .debug_macro   0x000155e8      0x1ed src/clock.o
 .debug_macro   0x000157d5       0x22 src/clock.o
 .debug_macro   0x000157f7      0x28e src/clock.o
 .debug_macro   0x00015a85      0x5d6 src/clock.o
 .debug_macro   0x0001605b      0x1ed src/clock.o
 .debug_macro   0x00016248       0x1c src/clock.o
 .debug_macro   0x00016264      0x757 src/clock.o
 .debug_macro   0x000169bb       0xac src/clock.o
 .debug_macro   0x00016a67      0x287 src/clock.o
 .debug_macro   0x00016cee      0x233 src/clock.o
 .debug_macro   0x00016f21      0x1c3 src/clock.o
 .debug_macro   0x000170e4      0x2f7 src/clock.o
 .debug_macro   0x000173db       0x89 src/clock.o
 .debug_macro   0x00017464      0x281 src/clock.o
 .debug_macro   0x000176e5      0x470 src/clock.o
 .debug_macro   0x00017b55      0x127 src/clock.o
 .debug_macro   0x00017c7c      0x32c src/clock.o
 .debug_macro   0x00017fa8      0x48b src/clock.o
 .debug_macro   0x00018433       0x2a src/clock.o
 .debug_macro   0x0001845d       0xd8 src/clock.o
 .debug_macro   0x00018535      0x1a6 src/clock.o
 .debug_macro   0x000186db      0x156 src/clock.o
 .debug_macro   0x00018831      0x1a7 src/clock.o
 .debug_macro   0x000189d8       0x10 src/clock.o
 .debug_macro   0x000189e8      0x473 src/gpio.o
 .debug_macro   0x00018e5b      0x12d src/gpio.o
 .debug_macro   0x00018f88       0x58 src/gpio.o
 .debug_macro   0x00018fe0      0x494 src/main.o
 .debug_macro   0x00019474       0x58 src/main.o
 .debug_macro   0x000194cc       0x94 src/main.o
 .debug_macro   0x00019560       0x57 src/main.o
 .debug_macro   0x000195b7       0x16 src/main.o
 .debug_macro   0x000195cd      0x41d src/stm32l1xx_it.o
 .debug_macro   0x000199ea      0x243 src/syscalls.o
 .debug_macro   0x00019c2d      0x174 src/syscalls.o
 .debug_macro   0x00019da1       0x10 src/syscalls.o
 .debug_macro   0x00019db1       0x35 src/syscalls.o
 .debug_macro   0x00019de6       0x10 src/syscalls.o
 .debug_macro   0x00019df6       0x10 src/syscalls.o
 .debug_macro   0x00019e06       0x35 src/syscalls.o
 .debug_macro   0x00019e3b      0x122 src/syscalls.o
 .debug_macro   0x00019f5d       0x16 src/syscalls.o
 .debug_macro   0x00019f73       0x16 src/syscalls.o
 .debug_macro   0x00019f89       0x29 src/syscalls.o
 .debug_macro   0x00019fb2       0x10 src/syscalls.o
 .debug_macro   0x00019fc2      0x241 src/syscalls.o
 .debug_macro   0x0001a203       0x1c src/syscalls.o
 .debug_macro   0x0001a21f       0x10 src/syscalls.o
 .debug_macro   0x0001a22f      0x189 src/syscalls.o
 .debug_macro   0x0001a3b8       0x16 src/syscalls.o
 .debug_macro   0x0001a3ce       0x88 src/syscalls.o
 .debug_macro   0x0001a456      0x419 src/system_stm32l1xx.o
 .debug_macro   0x0001a86f      0x480 src/uart.o
 .debug_macro   0x0001acef      0x437 C:\Users\jared\workspace\nucleo-l152re_hal_lib\Debug\libnucleo-l152re_hal_lib.a(stm32l1xx_hal.o)
 .debug_macro   0x0001b126      0xa5a C:\Users\jared\workspace\nucleo-l152re_hal_lib\Debug\libnucleo-l152re_hal_lib.a(stm32l1xx_hal.o)
 .debug_macro   0x0001bb80       0x2e C:\Users\jared\workspace\nucleo-l152re_hal_lib\Debug\libnucleo-l152re_hal_lib.a(stm32l1xx_hal.o)
 .debug_macro   0x0001bbae      0x413 C:\Users\jared\workspace\nucleo-l152re_hal_lib\Debug\libnucleo-l152re_hal_lib.a(stm32l1xx_hal_cortex.o)
 .debug_macro   0x0001bfc1      0x4bc C:\Users\jared\workspace\nucleo-l152re_hal_lib\Debug\libnucleo-l152re_hal_lib.a(stm32l1xx_ll_utils.o)
 .debug_macro   0x0001c47d      0x326 C:\Users\jared\workspace\nucleo-l152re_hal_lib\Debug\libnucleo-l152re_hal_lib.a(stm32l1xx_ll_utils.o)

.debug_line     0x00000000     0x7035
 .debug_line    0x00000000      0xc74 src/clock.o
 .debug_line    0x00000c74      0xb76 src/gpio.o
 .debug_line    0x000017ea      0xb6d src/main.o
 .debug_line    0x00002357      0xa00 src/stm32l1xx_it.o
 .debug_line    0x00002d57      0x5df src/syscalls.o
 .debug_line    0x00003336      0x9ff src/system_stm32l1xx.o
 .debug_line    0x00003d35      0xdbb src/uart.o
 .debug_line    0x00004af0       0x7d startup/startup_stm32l152xe.o
 .debug_line    0x00004b6d      0xb2c C:\Users\jared\workspace\nucleo-l152re_hal_lib\Debug\libnucleo-l152re_hal_lib.a(stm32l1xx_hal.o)
 .debug_line    0x00005699      0xce4 C:\Users\jared\workspace\nucleo-l152re_hal_lib\Debug\libnucleo-l152re_hal_lib.a(stm32l1xx_hal_cortex.o)
 .debug_line    0x0000637d      0xcb8 C:\Users\jared\workspace\nucleo-l152re_hal_lib\Debug\libnucleo-l152re_hal_lib.a(stm32l1xx_ll_utils.o)

.debug_str      0x00000000    0xae888
 .debug_str     0x00000000    0xab78c src/clock.o
                              0xabf8e (size before relaxing)
 .debug_str     0x000ab78c      0x3cb src/gpio.o
                              0xac12d (size before relaxing)
 .debug_str     0x000abb57       0x75 src/main.o
                              0xac0dc (size before relaxing)
 .debug_str     0x000abbcc       0x38 src/stm32l1xx_it.o
                              0xa61b3 (size before relaxing)
 .debug_str     0x000abc04     0x1208 src/syscalls.o
                               0x8575 (size before relaxing)
 .debug_str     0x000ace0c       0xd0 src/system_stm32l1xx.o
                              0xa62b0 (size before relaxing)
 .debug_str     0x000acedc      0x673 src/uart.o
                              0xac536 (size before relaxing)
 .debug_str     0x000ad54f       0x2f startup/startup_stm32l152xe.o
                                 0x57 (size before relaxing)
 .debug_str     0x000ad57e      0x2d9 C:\Users\jared\workspace\nucleo-l152re_hal_lib\Debug\libnucleo-l152re_hal_lib.a(stm32l1xx_hal.o)
                              0xa68ea (size before relaxing)
 .debug_str     0x000ad857      0x364 C:\Users\jared\workspace\nucleo-l152re_hal_lib\Debug\libnucleo-l152re_hal_lib.a(stm32l1xx_hal_cortex.o)
                              0xa6a28 (size before relaxing)
 .debug_str     0x000adbbb      0xccd C:\Users\jared\workspace\nucleo-l152re_hal_lib\Debug\libnucleo-l152re_hal_lib.a(stm32l1xx_ll_utils.o)
                              0xaa41a (size before relaxing)

.comment        0x00000000       0x7f
 .comment       0x00000000       0x7f src/clock.o
                                 0x80 (size before relaxing)
 .comment       0x0000007f       0x80 src/gpio.o
 .comment       0x0000007f       0x80 src/main.o
 .comment       0x0000007f       0x80 src/stm32l1xx_it.o
 .comment       0x0000007f       0x80 src/syscalls.o
 .comment       0x0000007f       0x80 src/system_stm32l1xx.o
 .comment       0x0000007f       0x80 src/uart.o
 .comment       0x0000007f       0x80 C:\Users\jared\workspace\nucleo-l152re_hal_lib\Debug\libnucleo-l152re_hal_lib.a(stm32l1xx_hal.o)
 .comment       0x0000007f       0x80 C:\Users\jared\workspace\nucleo-l152re_hal_lib\Debug\libnucleo-l152re_hal_lib.a(stm32l1xx_hal_cortex.o)
 .comment       0x0000007f       0x80 C:\Users\jared\workspace\nucleo-l152re_hal_lib\Debug\libnucleo-l152re_hal_lib.a(stm32l1xx_ll_utils.o)

.debug_frame    0x00000000     0x29e4
 .debug_frame   0x00000000      0x26c src/clock.o
 .debug_frame   0x0000026c       0xcc src/gpio.o
 .debug_frame   0x00000338       0x7c src/main.o
 .debug_frame   0x000003b4       0x2c src/stm32l1xx_it.o
 .debug_frame   0x000003e0      0x2d0 src/syscalls.o
 .debug_frame   0x000006b0       0x58 src/system_stm32l1xx.o
 .debug_frame   0x00000708      0x3fc src/uart.o
 .debug_frame   0x00000b04      0x270 C:\Users\jared\workspace\nucleo-l152re_hal_lib\Debug\libnucleo-l152re_hal_lib.a(stm32l1xx_hal.o)
 .debug_frame   0x00000d74      0x498 C:\Users\jared\workspace\nucleo-l152re_hal_lib\Debug\libnucleo-l152re_hal_lib.a(stm32l1xx_hal_cortex.o)
 .debug_frame   0x0000120c      0x3f8 C:\Users\jared\workspace\nucleo-l152re_hal_lib\Debug\libnucleo-l152re_hal_lib.a(stm32l1xx_ll_utils.o)
 .debug_frame   0x00001604       0x20 c:/ac6/systemworkbench/plugins/fr.ac6.mcu.externaltools.arm-none.win32_1.17.0.201812190825/tools/compiler/bin/../lib/gcc/arm-none-eabi/7.3.1/../../../../arm-none-eabi/lib/thumb/v7-m\libc.a(lib_a-errno.o)
 .debug_frame   0x00001624       0x2c c:/ac6/systemworkbench/plugins/fr.ac6.mcu.externaltools.arm-none.win32_1.17.0.201812190825/tools/compiler/bin/../lib/gcc/arm-none-eabi/7.3.1/../../../../arm-none-eabi/lib/thumb/v7-m\libc.a(lib_a-init.o)
 .debug_frame   0x00001650       0x38 c:/ac6/systemworkbench/plugins/fr.ac6.mcu.externaltools.arm-none.win32_1.17.0.201812190825/tools/compiler/bin/../lib/gcc/arm-none-eabi/7.3.1/../../../../arm-none-eabi/lib/thumb/v7-m\libc.a(lib_a-memset.o)
 .debug_frame   0x00001688       0x78 c:/ac6/systemworkbench/plugins/fr.ac6.mcu.externaltools.arm-none.win32_1.17.0.201812190825/tools/compiler/bin/../lib/gcc/arm-none-eabi/7.3.1/../../../../arm-none-eabi/lib/thumb/v7-m\libc.a(lib_a-printf.o)
 .debug_frame   0x00001700       0x4c c:/ac6/systemworkbench/plugins/fr.ac6.mcu.externaltools.arm-none.win32_1.17.0.201812190825/tools/compiler/bin/../lib/gcc/arm-none-eabi/7.3.1/../../../../arm-none-eabi/lib/thumb/v7-m\libc.a(lib_a-puts.o)
 .debug_frame   0x0000174c       0x20 c:/ac6/systemworkbench/plugins/fr.ac6.mcu.externaltools.arm-none.win32_1.17.0.201812190825/tools/compiler/bin/../lib/gcc/arm-none-eabi/7.3.1/../../../../arm-none-eabi/lib/thumb/v7-m\libc.a(lib_a-strlen-stub.o)
 .debug_frame   0x0000176c       0x94 c:/ac6/systemworkbench/plugins/fr.ac6.mcu.externaltools.arm-none.win32_1.17.0.201812190825/tools/compiler/bin/../lib/gcc/arm-none-eabi/7.3.1/../../../../arm-none-eabi/lib/thumb/v7-m\libc.a(lib_a-vfprintf.o)
 .debug_frame   0x00001800       0x2c c:/ac6/systemworkbench/plugins/fr.ac6.mcu.externaltools.arm-none.win32_1.17.0.201812190825/tools/compiler/bin/../lib/gcc/arm-none-eabi/7.3.1/../../../../arm-none-eabi/lib/thumb/v7-m\libc.a(lib_a-wsetup.o)
 .debug_frame   0x0000182c       0x5c c:/ac6/systemworkbench/plugins/fr.ac6.mcu.externaltools.arm-none.win32_1.17.0.201812190825/tools/compiler/bin/../lib/gcc/arm-none-eabi/7.3.1/../../../../arm-none-eabi/lib/thumb/v7-m\libc.a(lib_a-__call_atexit.o)
 .debug_frame   0x00001888       0x20 c:/ac6/systemworkbench/plugins/fr.ac6.mcu.externaltools.arm-none.win32_1.17.0.201812190825/tools/compiler/bin/../lib/gcc/arm-none-eabi/7.3.1/../../../../arm-none-eabi/lib/thumb/v7-m\libc.a(lib_a-atexit.o)
 .debug_frame   0x000018a8       0x88 c:/ac6/systemworkbench/plugins/fr.ac6.mcu.externaltools.arm-none.win32_1.17.0.201812190825/tools/compiler/bin/../lib/gcc/arm-none-eabi/7.3.1/../../../../arm-none-eabi/lib/thumb/v7-m\libc.a(lib_a-dtoa.o)
 .debug_frame   0x00001930       0x5c c:/ac6/systemworkbench/plugins/fr.ac6.mcu.externaltools.arm-none.win32_1.17.0.201812190825/tools/compiler/bin/../lib/gcc/arm-none-eabi/7.3.1/../../../../arm-none-eabi/lib/thumb/v7-m\libc.a(lib_a-fflush.o)
 .debug_frame   0x0000198c      0x150 c:/ac6/systemworkbench/plugins/fr.ac6.mcu.externaltools.arm-none.win32_1.17.0.201812190825/tools/compiler/bin/../lib/gcc/arm-none-eabi/7.3.1/../../../../arm-none-eabi/lib/thumb/v7-m\libc.a(lib_a-findfp.o)
 .debug_frame   0x00001adc       0x34 c:/ac6/systemworkbench/plugins/fr.ac6.mcu.externaltools.arm-none.win32_1.17.0.201812190825/tools/compiler/bin/../lib/gcc/arm-none-eabi/7.3.1/../../../../arm-none-eabi/lib/thumb/v7-m\libc.a(lib_a-fini.o)
 .debug_frame   0x00001b10       0x80 c:/ac6/systemworkbench/plugins/fr.ac6.mcu.externaltools.arm-none.win32_1.17.0.201812190825/tools/compiler/bin/../lib/gcc/arm-none-eabi/7.3.1/../../../../arm-none-eabi/lib/thumb/v7-m\libc.a(lib_a-freer.o)
 .debug_frame   0x00001b90       0x64 c:/ac6/systemworkbench/plugins/fr.ac6.mcu.externaltools.arm-none.win32_1.17.0.201812190825/tools/compiler/bin/../lib/gcc/arm-none-eabi/7.3.1/../../../../arm-none-eabi/lib/thumb/v7-m\libc.a(lib_a-fvwrite.o)
 .debug_frame   0x00001bf4       0x54 c:/ac6/systemworkbench/plugins/fr.ac6.mcu.externaltools.arm-none.win32_1.17.0.201812190825/tools/compiler/bin/../lib/gcc/arm-none-eabi/7.3.1/../../../../arm-none-eabi/lib/thumb/v7-m\libc.a(lib_a-fwalk.o)
 .debug_frame   0x00001c48       0x40 c:/ac6/systemworkbench/plugins/fr.ac6.mcu.externaltools.arm-none.win32_1.17.0.201812190825/tools/compiler/bin/../lib/gcc/arm-none-eabi/7.3.1/../../../../arm-none-eabi/lib/thumb/v7-m\libc.a(lib_a-localeconv.o)
 .debug_frame   0x00001c88       0xb0 c:/ac6/systemworkbench/plugins/fr.ac6.mcu.externaltools.arm-none.win32_1.17.0.201812190825/tools/compiler/bin/../lib/gcc/arm-none-eabi/7.3.1/../../../../arm-none-eabi/lib/thumb/v7-m\libc.a(lib_a-lock.o)
 .debug_frame   0x00001d38       0x64 c:/ac6/systemworkbench/plugins/fr.ac6.mcu.externaltools.arm-none.win32_1.17.0.201812190825/tools/compiler/bin/../lib/gcc/arm-none-eabi/7.3.1/../../../../arm-none-eabi/lib/thumb/v7-m\libc.a(lib_a-makebuf.o)
 .debug_frame   0x00001d9c       0x4c c:/ac6/systemworkbench/plugins/fr.ac6.mcu.externaltools.arm-none.win32_1.17.0.201812190825/tools/compiler/bin/../lib/gcc/arm-none-eabi/7.3.1/../../../../arm-none-eabi/lib/thumb/v7-m\libc.a(lib_a-mallocr.o)
 .debug_frame   0x00001de8       0x34 c:/ac6/systemworkbench/plugins/fr.ac6.mcu.externaltools.arm-none.win32_1.17.0.201812190825/tools/compiler/bin/../lib/gcc/arm-none-eabi/7.3.1/../../../../arm-none-eabi/lib/thumb/v7-m\libc.a(lib_a-memchr-stub.o)
 .debug_frame   0x00001e1c       0x40 c:/ac6/systemworkbench/plugins/fr.ac6.mcu.externaltools.arm-none.win32_1.17.0.201812190825/tools/compiler/bin/../lib/gcc/arm-none-eabi/7.3.1/../../../../arm-none-eabi/lib/thumb/v7-m\libc.a(lib_a-memmove.o)
 .debug_frame   0x00001e5c       0x30 c:/ac6/systemworkbench/plugins/fr.ac6.mcu.externaltools.arm-none.win32_1.17.0.201812190825/tools/compiler/bin/../lib/gcc/arm-none-eabi/7.3.1/../../../../arm-none-eabi/lib/thumb/v7-m\libc.a(lib_a-mlock.o)
 .debug_frame   0x00001e8c      0x264 c:/ac6/systemworkbench/plugins/fr.ac6.mcu.externaltools.arm-none.win32_1.17.0.201812190825/tools/compiler/bin/../lib/gcc/arm-none-eabi/7.3.1/../../../../arm-none-eabi/lib/thumb/v7-m\libc.a(lib_a-mprec.o)